Archive member included to satisfy reference by file (symbol)

c:/program files (x86)/atollic/truestudio for stm32 9.0.1/armtools/bin/../lib/gcc/arm-atollic-eabi/6.3.1/../../../../arm-atollic-eabi/lib/armv7e-m/fpu\libc_nano.a(lib_a-errno.o)
                              Src\syscalls.o (__errno)
c:/program files (x86)/atollic/truestudio for stm32 9.0.1/armtools/bin/../lib/gcc/arm-atollic-eabi/6.3.1/../../../../arm-atollic-eabi/lib/armv7e-m/fpu\libc_nano.a(lib_a-impure.o)
                              Src\main.o (_impure_ptr)
c:/program files (x86)/atollic/truestudio for stm32 9.0.1/armtools/bin/../lib/gcc/arm-atollic-eabi/6.3.1/../../../../arm-atollic-eabi/lib/armv7e-m/fpu\libc_nano.a(lib_a-init.o)
                              startup\startup_stm32f303x8.o (__libc_init_array)
c:/program files (x86)/atollic/truestudio for stm32 9.0.1/armtools/bin/../lib/gcc/arm-atollic-eabi/6.3.1/../../../../arm-atollic-eabi/lib/armv7e-m/fpu\libc_nano.a(lib_a-memset.o)
                              Src\can.o (memset)
c:/program files (x86)/atollic/truestudio for stm32 9.0.1/armtools/bin/../lib/gcc/arm-atollic-eabi/6.3.1/../../../../arm-atollic-eabi/lib/armv7e-m/fpu\libc_nano.a(lib_a-printf.o)
                              Inc\CAN\CAN.o (printf)
c:/program files (x86)/atollic/truestudio for stm32 9.0.1/armtools/bin/../lib/gcc/arm-atollic-eabi/6.3.1/../../../../arm-atollic-eabi/lib/armv7e-m/fpu\libc_nano.a(lib_a-setbuf.o)
                              Src\main.o (setbuf)
c:/program files (x86)/atollic/truestudio for stm32 9.0.1/armtools/bin/../lib/gcc/arm-atollic-eabi/6.3.1/../../../../arm-atollic-eabi/lib/armv7e-m/fpu\libc_nano.a(lib_a-setvbuf.o)
                              c:/program files (x86)/atollic/truestudio for stm32 9.0.1/armtools/bin/../lib/gcc/arm-atollic-eabi/6.3.1/../../../../arm-atollic-eabi/lib/armv7e-m/fpu\libc_nano.a(lib_a-setbuf.o) (setvbuf)
c:/program files (x86)/atollic/truestudio for stm32 9.0.1/armtools/bin/../lib/gcc/arm-atollic-eabi/6.3.1/../../../../arm-atollic-eabi/lib/armv7e-m/fpu\libc_nano.a(lib_a-fflush.o)
                              c:/program files (x86)/atollic/truestudio for stm32 9.0.1/armtools/bin/../lib/gcc/arm-atollic-eabi/6.3.1/../../../../arm-atollic-eabi/lib/armv7e-m/fpu\libc_nano.a(lib_a-setvbuf.o) (_fflush_r)
c:/program files (x86)/atollic/truestudio for stm32 9.0.1/armtools/bin/../lib/gcc/arm-atollic-eabi/6.3.1/../../../../arm-atollic-eabi/lib/armv7e-m/fpu\libc_nano.a(lib_a-findfp.o)
                              c:/program files (x86)/atollic/truestudio for stm32 9.0.1/armtools/bin/../lib/gcc/arm-atollic-eabi/6.3.1/../../../../arm-atollic-eabi/lib/armv7e-m/fpu\libc_nano.a(lib_a-printf.o) (__sinit)
c:/program files (x86)/atollic/truestudio for stm32 9.0.1/armtools/bin/../lib/gcc/arm-atollic-eabi/6.3.1/../../../../arm-atollic-eabi/lib/armv7e-m/fpu\libc_nano.a(lib_a-fwalk.o)
                              c:/program files (x86)/atollic/truestudio for stm32 9.0.1/armtools/bin/../lib/gcc/arm-atollic-eabi/6.3.1/../../../../arm-atollic-eabi/lib/armv7e-m/fpu\libc_nano.a(lib_a-findfp.o) (_fwalk)
c:/program files (x86)/atollic/truestudio for stm32 9.0.1/armtools/bin/../lib/gcc/arm-atollic-eabi/6.3.1/../../../../arm-atollic-eabi/lib/armv7e-m/fpu\libc_nano.a(lib_a-makebuf.o)
                              c:/program files (x86)/atollic/truestudio for stm32 9.0.1/armtools/bin/../lib/gcc/arm-atollic-eabi/6.3.1/../../../../arm-atollic-eabi/lib/armv7e-m/fpu\libc_nano.a(lib_a-setvbuf.o) (__swhatbuf_r)
c:/program files (x86)/atollic/truestudio for stm32 9.0.1/armtools/bin/../lib/gcc/arm-atollic-eabi/6.3.1/../../../../arm-atollic-eabi/lib/armv7e-m/fpu\libc_nano.a(lib_a-malloc.o)
                              c:/program files (x86)/atollic/truestudio for stm32 9.0.1/armtools/bin/../lib/gcc/arm-atollic-eabi/6.3.1/../../../../arm-atollic-eabi/lib/armv7e-m/fpu\libc_nano.a(lib_a-setvbuf.o) (malloc)
c:/program files (x86)/atollic/truestudio for stm32 9.0.1/armtools/bin/../lib/gcc/arm-atollic-eabi/6.3.1/../../../../arm-atollic-eabi/lib/armv7e-m/fpu\libc_nano.a(lib_a-nano-freer.o)
                              c:/program files (x86)/atollic/truestudio for stm32 9.0.1/armtools/bin/../lib/gcc/arm-atollic-eabi/6.3.1/../../../../arm-atollic-eabi/lib/armv7e-m/fpu\libc_nano.a(lib_a-setvbuf.o) (_free_r)
c:/program files (x86)/atollic/truestudio for stm32 9.0.1/armtools/bin/../lib/gcc/arm-atollic-eabi/6.3.1/../../../../arm-atollic-eabi/lib/armv7e-m/fpu\libc_nano.a(lib_a-nano-mallocr.o)
                              c:/program files (x86)/atollic/truestudio for stm32 9.0.1/armtools/bin/../lib/gcc/arm-atollic-eabi/6.3.1/../../../../arm-atollic-eabi/lib/armv7e-m/fpu\libc_nano.a(lib_a-findfp.o) (_malloc_r)
c:/program files (x86)/atollic/truestudio for stm32 9.0.1/armtools/bin/../lib/gcc/arm-atollic-eabi/6.3.1/../../../../arm-atollic-eabi/lib/armv7e-m/fpu\libc_nano.a(lib_a-nano-vfprintf.o)
[...]
Memory Configuration

Name             Origin             Length             Attributes
RAM              0x20000000         0x00003000         xrw
CCMRAM           0x10000000         0x00001000         rw
FLASH            0x08000000         0x00010000         xr
*default*        0x00000000         0xffffffff

Linker script and memory map

LOAD c:/program files (x86)/atollic/truestudio for stm32 9.0.1/armtools/bin/../lib/gcc/arm-atollic-eabi/6.3.1/armv7e-m/fpu/crti.o
LOAD c:/program files (x86)/atollic/truestudio for stm32 9.0.1/armtools/bin/../lib/gcc/arm-atollic-eabi/6.3.1/armv7e-m/fpu/crtbegin.o
LOAD Drivers\STM32F3xx_HAL_Driver\Src\stm32f3xx_hal.o
LOAD Drivers\STM32F3xx_HAL_Driver\Src\stm32f3xx_hal_can.o
LOAD Drivers\STM32F3xx_HAL_Driver\Src\stm32f3xx_hal_cortex.o
LOAD Drivers\STM32F3xx_HAL_Driver\Src\stm32f3xx_hal_dma.o
LOAD Drivers\STM32F3xx_HAL_Driver\Src\stm32f3xx_hal_flash.o
LOAD Drivers\STM32F3xx_HAL_Driver\Src\stm32f3xx_hal_flash_ex.o
LOAD Drivers\STM32F3xx_HAL_Driver\Src\stm32f3xx_hal_gpio.o
LOAD Drivers\STM32F3xx_HAL_Driver\Src\stm32f3xx_hal_i2c.o
LOAD Drivers\STM32F3xx_HAL_Driver\Src\stm32f3xx_hal_i2c_ex.o
LOAD Drivers\STM32F3xx_HAL_Driver\Src\stm32f3xx_hal_pwr.o
LOAD Drivers\STM32F3xx_HAL_Driver\Src\stm32f3xx_hal_pwr_ex.o
LOAD Drivers\STM32F3xx_HAL_Driver\Src\stm32f3xx_hal_rcc.o
LOAD Drivers\STM32F3xx_HAL_Driver\Src\stm32f3xx_hal_rcc_ex.o
LOAD Drivers\STM32F3xx_HAL_Driver\Src\stm32f3xx_hal_tim.o
LOAD Drivers\STM32F3xx_HAL_Driver\Src\stm32f3xx_hal_tim_ex.o
LOAD Drivers\STM32F3xx_HAL_Driver\Src\stm32f3xx_hal_uart.o
LOAD Drivers\STM32F3xx_HAL_Driver\Src\stm32f3xx_hal_uart_ex.o
LOAD Inc\Application\Application.o
LOAD Inc\CAN\CAN.o
LOAD Inc\Servo\Servo.o
LOAD Src\can.o
LOAD Src\gpio.o
LOAD Src\main.o
LOAD Src\stm32f3xx_hal_msp.o
LOAD Src\stm32f3xx_it.o
LOAD Src\syscalls.o
LOAD Src\system_stm32f3xx.o
LOAD Src\tim.o
LOAD Src\usart.o
LOAD startup\startup_stm32f303x8.o
                0x00001000                malloc_getpagesize_P = 0x1000
START GROUP
LOAD c:/program files (x86)/atollic/truestudio for stm32 9.0.1/armtools/bin/../lib/gcc/arm-atollic-eabi/6.3.1/../../../../arm-atollic-eabi/lib/armv7e-m/fpu\libstdc++_nano.a
LOAD c:/program files (x86)/atollic/truestudio for stm32 9.0.1/armtools/bin/../lib/gcc/arm-atollic-eabi/6.3.1/../../../../arm-atollic-eabi/lib/armv7e-m/fpu\libsupc++_nano.a
END GROUP
LOAD c:/program files (x86)/atollic/truestudio for stm32 9.0.1/armtools/bin/../lib/gcc/arm-atollic-eabi/6.3.1/../../../../arm-atollic-eabi/lib/armv7e-m/fpu\libstdc++_nano.a
LOAD c:/program files (x86)/atollic/truestudio for stm32 9.0.1/armtools/bin/../lib/gcc/arm-atollic-eabi/6.3.1/../../../../arm-atollic-eabi/lib/armv7e-m/fpu\libm.a
LOAD c:/program files (x86)/atollic/truestudio for stm32 9.0.1/armtools/bin/../lib/gcc/arm-atollic-eabi/6.3.1/../../../../arm-atollic-eabi/lib/armv7e-m/fpu\libc_nano.a
START GROUP
LOAD c:/program files (x86)/atollic/truestudio for stm32 9.0.1/armtools/bin/../lib/gcc/arm-atollic-eabi/6.3.1/armv7e-m/fpu\libgcc.a
LOAD c:/program files (x86)/atollic/truestudio for stm32 9.0.1/armtools/bin/../lib/gcc/arm-atollic-eabi/6.3.1/../../../../arm-atollic-eabi/lib/armv7e-m/fpu\libc_nano.a
END GROUP
START GROUP
LOAD c:/program files (x86)/atollic/truestudio for stm32 9.0.1/armtools/bin/../lib/gcc/arm-atollic-eabi/6.3.1/armv7e-m/fpu\libgcc.a
LOAD c:/program files (x86)/atollic/truestudio for stm32 9.0.1/armtools/bin/../lib/gcc/arm-atollic-eabi/6.3.1/../../../../arm-atollic-eabi/lib/armv7e-m/fpu\libc_nano.a
LOAD c:/program files (x86)/atollic/truestudio for stm32 9.0.1/armtools/bin/../lib/gcc/arm-atollic-eabi/6.3.1/../../../../arm-atollic-eabi/lib/armv7e-m/fpu\libnosys.a
END GROUP
START GROUP
LOAD c:/program files (x86)/atollic/truestudio for stm32 9.0.1/armtools/bin/../lib/gcc/arm-atollic-eabi/6.3.1/armv7e-m/fpu\libgcc.a
LOAD c:/program files (x86)/atollic/truestudio for stm32 9.0.1/armtools/bin/../lib/gcc/arm-atollic-eabi/6.3.1/../../../../arm-atollic-eabi/lib/armv7e-m/fpu\libc_nano.a
LOAD c:/program files (x86)/atollic/truestudio for stm32 9.0.1/armtools/bin/../lib/gcc/arm-atollic-eabi/6.3.1/../../../../arm-atollic-eabi/lib/armv7e-m/fpu\libnosys.a
END GROUP
LOAD c:/program files (x86)/atollic/truestudio for stm32 9.0.1/armtools/bin/../lib/gcc/arm-atollic-eabi/6.3.1/armv7e-m/fpu/crtend.o
LOAD c:/program files (x86)/atollic/truestudio for stm32 9.0.1/armtools/bin/../lib/gcc/arm-atollic-eabi/6.3.1/armv7e-m/fpu/crtn.o
                0x20003000                _estack = 0x20003000
                0x00000200                _Min_Heap_Size = 0x200
                0x00000400                _Min_Stack_Size = 0x400

.isr_vector     0x08000000      0x188
                0x08000000                . = ALIGN (0x4)
 *(.isr_vector)
 .isr_vector    0x08000000      0x188 startup\startup_stm32f303x8.o
                0x08000000                g_pfnVectors
                0x08000188                . = ALIGN (0x4)

.text           0x08000190     0x4578
                0x08000190                . = ALIGN (0x4)
 *(.text)
 .text          0x08000190       0x40 c:/program files (x86)/atollic/truestudio for stm32 9.0.1/armtools/bin/../lib/gcc/arm-atollic-eabi/6.3.1/armv7e-m/fpu/crtbegin.o
 .text          0x080001d0       0xa0 c:/program files (x86)/atollic/truestudio for stm32 9.0.1/armtools/bin/../lib/gcc/arm-atollic-eabi/6.3.1/../../../../arm-atollic-eabi/lib/armv7e-m/fpu\libc_nano.a(lib_a-memchr.o)
                0x080001d0                memchr
 .text          0x08000270      0x9cc c:/program files (x86)/atollic/truestudio for stm32 9.0.1/armtools/bin/../lib/gcc/arm-atollic-eabi/6.3.1/armv7e-m/fpu\libgcc.a(unwind-arm.o)
                0x08000530                _Unwind_GetCFA
                0x08000534                __gnu_Unwind_RaiseException
                0x08000594                __gnu_Unwind_ForcedUnwind
                0x080005a8                __gnu_Unwind_Resume
                0x080005ec                __gnu_Unwind_Resume_or_Rethrow
                0x080005fc                _Unwind_Complete
                0x08000600                _Unwind_DeleteException
                0x0800060c                _Unwind_VRS_Get
                0x08000658                _Unwind_VRS_Set
                0x080006a8                __gnu_Unwind_Backtrace
                0x080009e8                __aeabi_unwind_cpp_pr0
                0x080009ec                __aeabi_unwind_cpp_pr1
                0x080009f0                __aeabi_unwind_cpp_pr2
                0x080009f4                _Unwind_VRS_Pop
 .text          0x08000c3c      0x1ac c:/program files (x86)/atollic/truestudio for stm32 9.0.1/armtools/bin/../lib/gcc/arm-atollic-eabi/6.3.1/armv7e-m/fpu\libgcc.a(libunwind.o)
                0x08000c3c                __restore_core_regs
                0x08000c3c                restore_core_regs
                0x08000c54                __gnu_Unwind_Restore_VFP
                0x08000c5c                __gnu_Unwind_Save_VFP
                0x08000c64                __gnu_Unwind_Restore_VFP_D
                0x08000c6c                __gnu_Unwind_Save_VFP_D
                0x08000c74                __gnu_Unwind_Restore_VFP_D_16_to_31
                0x08000c7c                __gnu_Unwind_Save_VFP_D_16_to_31
                0x08000c84                __gnu_Unwind_Restore_WMMXD
                0x08000cc8                __gnu_Unwind_Save_WMMXD
                0x08000d0c                __gnu_Unwind_Restore_WMMXC
                0x08000d20                __gnu_Unwind_Save_WMMXC
                0x08000d34                ___Unwind_RaiseException
                0x08000d34                _Unwind_RaiseException
                0x08000d58                _Unwind_Resume
                0x08000d58                ___Unwind_Resume
                0x08000d7c                _Unwind_Resume_or_Rethrow
                0x08000d7c                ___Unwind_Resume_or_Rethrow
                0x08000da0                _Unwind_ForcedUnwind
                0x08000da0                ___Unwind_ForcedUnwind
                0x08000dc4                ___Unwind_Backtrace
                0x08000dc4                _Unwind_Backtrace
 .text          0x08000de8      0x380 c:/program files (x86)/atollic/truestudio for stm32 9.0.1/armtools/bin/../lib/gcc/arm-atollic-eabi/6.3.1/armv7e-m/fpu\libgcc.a(pr-support.o)
                0x08000e40                __gnu_unwind_execute
                0x08001110                __gnu_unwind_frame
                0x08001138                _Unwind_GetRegionStart
                0x08001144                _Unwind_GetLanguageSpecificData
                0x08001158                _Unwind_GetTextRelBase
                0x08001160                _Unwind_GetDataRelBase
 *(.text*)
 .text.HAL_InitTick
                0x08001168       0x48 Drivers\STM32F3xx_HAL_Driver\Src\stm32f3xx_hal.o
                0x08001168                HAL_InitTick
 .text.HAL_Init
                0x080011b0       0x24 Drivers\STM32F3xx_HAL_Driver\Src\stm32f3xx_hal.o
                0x080011b0                HAL_Init
 .text.HAL_IncTick
                0x080011d4       0x18 Drivers\STM32F3xx_HAL_Driver\Src\stm32f3xx_hal.o
                0x080011d4                HAL_IncTick
 .text.HAL_GetTick
                0x080011ec        0xc Drivers\STM32F3xx_HAL_Driver\Src\stm32f3xx_hal.o
                0x080011ec                HAL_GetTick
 .text.HAL_CAN_Init
                0x080011f8       0xf6 Drivers\STM32F3xx_HAL_Driver\Src\stm32f3xx_hal_can.o
                0x080011f8                HAL_CAN_Init
 .text.HAL_CAN_ConfigFilter
                0x080012ee       0xd8 Drivers\STM32F3xx_HAL_Driver\Src\stm32f3xx_hal_can.o
                0x080012ee                HAL_CAN_ConfigFilter
 .text.HAL_CAN_Start
                0x080013c6       0x56 Drivers\STM32F3xx_HAL_Driver\Src\stm32f3xx_hal_can.o
                0x080013c6                HAL_CAN_Start
 .text.HAL_CAN_ActivateNotification
                0x0800141c       0x22 Drivers\STM32F3xx_HAL_Driver\Src\stm32f3xx_hal_can.o
                0x0800141c                HAL_CAN_ActivateNotification
 *fill*         0x0800143e        0x2 
 .text.HAL_NVIC_SetPriorityGrouping
                0x08001440       0x24 Drivers\STM32F3xx_HAL_Driver\Src\stm32f3xx_hal_cortex.o
                0x08001440                HAL_NVIC_SetPriorityGrouping
 .text.HAL_NVIC_SetPriority
                0x08001464       0x68 Drivers\STM32F3xx_HAL_Driver\Src\stm32f3xx_hal_cortex.o
                0x08001464                HAL_NVIC_SetPriority
 .text.HAL_SYSTICK_Config
                0x080014cc       0x2c Drivers\STM32F3xx_HAL_Driver\Src\stm32f3xx_hal_cortex.o
                0x080014cc                HAL_SYSTICK_Config
 .text.HAL_GPIO_Init
                0x080014f8      0x174 Drivers\STM32F3xx_HAL_Driver\Src\stm32f3xx_hal_gpio.o
                0x080014f8                HAL_GPIO_Init
 .text.HAL_GPIO_WritePin
                0x0800166c        0xa Drivers\STM32F3xx_HAL_Driver\Src\stm32f3xx_hal_gpio.o
                0x0800166c                HAL_GPIO_WritePin
 *fill*         0x08001676        0x2 
 .text.HAL_RCC_OscConfig
                0x08001678      0x4ec Drivers\STM32F3xx_HAL_Driver\Src\stm32f3xx_hal_rcc.o
                0x08001678                HAL_RCC_OscConfig
 .text.HAL_RCC_GetSysClockFreq
                0x08001b64       0x64 Drivers\STM32F3xx_HAL_Driver\Src\stm32f3xx_hal_rcc.o
                0x08001b64                HAL_RCC_GetSysClockFreq
 .text.HAL_RCC_ClockConfig
                0x08001bc8      0x154 Drivers\STM32F3xx_HAL_Driver\Src\stm32f3xx_hal_rcc.o
                0x08001bc8                HAL_RCC_ClockConfig
 .text.HAL_RCC_GetPCLK1Freq
                0x08001d1c       0x30 Drivers\STM32F3xx_HAL_Driver\Src\stm32f3xx_hal_rcc.o
                0x08001d1c                HAL_RCC_GetPCLK1Freq
 .text.HAL_RCC_GetPCLK2Freq
                0x08001d4c       0x30 Drivers\STM32F3xx_HAL_Driver\Src\stm32f3xx_hal_rcc.o
                0x08001d4c                HAL_RCC_GetPCLK2Freq
 .text.HAL_RCCEx_PeriphCLKConfig
                0x08001d7c      0x15c Drivers\STM32F3xx_HAL_Driver\Src\stm32f3xx_hal_rcc_ex.o
                0x08001d7c                HAL_RCCEx_PeriphCLKConfig
 .text.TIM_Base_SetConfig
                0x08001ed8       0x94 Drivers\STM32F3xx_HAL_Driver\Src\stm32f3xx_hal_tim.o
                0x08001ed8                TIM_Base_SetConfig
 .text.HAL_TIM_PWM_Init
                0x08001f6c       0x34 Drivers\STM32F3xx_HAL_Driver\Src\stm32f3xx_hal_tim.o
                0x08001f6c                HAL_TIM_PWM_Init
 .text.TIM_OC1_SetConfig
                0x08001fa0       0x88 Drivers\STM32F3xx_HAL_Driver\Src\stm32f3xx_hal_tim.o
                0x08001fa0                TIM_OC1_SetConfig
 .text.TIM_OC2_SetConfig
                0x08002028       0x78 Drivers\STM32F3xx_HAL_Driver\Src\stm32f3xx_hal_tim.o
                0x08002028                TIM_OC2_SetConfig
 .text.TIM_OC3_SetConfig
                0x080020a0       0x78 Drivers\STM32F3xx_HAL_Driver\Src\stm32f3xx_hal_tim.o
                0x080020a0                TIM_OC3_SetConfig
 .text.TIM_OC4_SetConfig
                0x08002118       0x60 Drivers\STM32F3xx_HAL_Driver\Src\stm32f3xx_hal_tim.o
                0x08002118                TIM_OC4_SetConfig
 .text.TIM_CCxChannelCmd
                0x08002178       0x18 Drivers\STM32F3xx_HAL_Driver\Src\stm32f3xx_hal_tim.o
                0x08002178                TIM_CCxChannelCmd
 .text.HAL_TIM_PWM_Start
                0x08002190       0x44 Drivers\STM32F3xx_HAL_Driver\Src\stm32f3xx_hal_tim.o
                0x08002190                HAL_TIM_PWM_Start
 .text.TIM_OC5_SetConfig
                0x080021d4       0x60 Drivers\STM32F3xx_HAL_Driver\Src\stm32f3xx_hal_tim_ex.o
 .text.TIM_OC6_SetConfig
                0x08002234       0x60 Drivers\STM32F3xx_HAL_Driver\Src\stm32f3xx_hal_tim_ex.o
 .text.HAL_TIM_PWM_ConfigChannel
                0x08002294      0x10e Drivers\STM32F3xx_HAL_Driver\Src\stm32f3xx_hal_tim_ex.o
                0x08002294                HAL_TIM_PWM_ConfigChannel
 *fill*         0x080023a2        0x2 
 .text.HAL_TIMEx_MasterConfigSynchronization
                0x080023a4       0x44 Drivers\STM32F3xx_HAL_Driver\Src\stm32f3xx_hal_tim_ex.o
                0x080023a4                HAL_TIMEx_MasterConfigSynchronization
 .text.HAL_TIMEx_ConfigBreakDeadTime
                0x080023e8       0x7c Drivers\STM32F3xx_HAL_Driver\Src\stm32f3xx_hal_tim_ex.o
                0x080023e8                HAL_TIMEx_ConfigBreakDeadTime
 .text.UART_SetConfig
                0x08002464      0x14c Drivers\STM32F3xx_HAL_Driver\Src\stm32f3xx_hal_uart.o
                0x08002464                UART_SetConfig
 .text.UART_AdvFeatureConfig
                0x080025b0       0xa8 Drivers\STM32F3xx_HAL_Driver\Src\stm32f3xx_hal_uart.o
                0x080025b0                UART_AdvFeatureConfig
 .text.UART_WaitOnFlagUntilTimeout
                0x08002658       0x62 Drivers\STM32F3xx_HAL_Driver\Src\stm32f3xx_hal_uart.o
                0x08002658                UART_WaitOnFlagUntilTimeout
 .text.HAL_UART_Transmit
                0x080026ba       0xb2 Drivers\STM32F3xx_HAL_Driver\Src\stm32f3xx_hal_uart.o
                0x080026ba                HAL_UART_Transmit
 .text.HAL_UART_Receive
                0x0800276c       0xde Drivers\STM32F3xx_HAL_Driver\Src\stm32f3xx_hal_uart.o
                0x0800276c                HAL_UART_Receive
 .text.UART_CheckIdleState
                0x0800284a       0x64 Drivers\STM32F3xx_HAL_Driver\Src\stm32f3xx_hal_uart.o
                0x0800284a                UART_CheckIdleState
 .text.HAL_UART_Init
                0x080028ae       0x64 Drivers\STM32F3xx_HAL_Driver\Src\stm32f3xx_hal_uart.o
                0x080028ae                HAL_UART_Init
 *fill*         0x08002912        0x2 
 .text._ZN3App11RestoreDataEi
                0x08002914       0x50 Inc\Application\Application.o
                0x08002914                App::RestoreData(int)
 .text._ZN3App7SetDutyEf
                0x08002964       0xd4 Inc\Application\Application.o
                0x08002964                App::SetDuty(float)
 .text._ZN3App9TaskShiftEv
                0x08002a38       0x58 Inc\Application\Application.o
                0x08002a38                App::TaskShift()
 .text._Z12FilterConfigv
                0x08002a90       0x68 Inc\CAN\CAN.o
                0x08002a90                FilterConfig()
 .text._ZN5Servo3mapEfllll
                0x08002af8       0x6a Inc\Servo\Servo.o
                0x08002af8                Servo::map(float, long, long, long, long)
 .text._ZN5Servo7setDutyEf
                0x08002b62      0x11e Inc\Servo\Servo.o
                0x08002b62                Servo::setDuty(float)
 .text._ZN5Servo5BeginEv
                0x08002c80       0x30 Inc\Servo\Servo.o
                0x08002c80                Servo::Begin()
 .text.MX_CAN_Init
                0x08002cb0       0x44 Src\can.o
                0x08002cb0                MX_CAN_Init
 .text.HAL_CAN_MspInit
                0x08002cf4       0x64 Src\can.o
                0x08002cf4                HAL_CAN_MspInit
 .text.MX_GPIO_Init
                0x08002d58       0x74 Src\gpio.o
                0x08002d58                MX_GPIO_Init
 .text.__io_putchar
                0x08002dcc       0x24 Src\main.o
                0x08002dcc                __io_putchar
 .text.__io_getchar
                0x08002df0       0x20 Src\main.o
                0x08002df0                __io_getchar
 .text._ZN5ServoC2EP17TIM_HandleTypeDefP12GPIO_TypeDeftj
                0x08002e10       0x34 Src\main.o
                0x08002e10                Servo::Servo(TIM_HandleTypeDef*, GPIO_TypeDef*, unsigned short, unsigned int)
                0x08002e10                Servo::Servo(TIM_HandleTypeDef*, GPIO_TypeDef*, unsigned short, unsigned int)
 .text._ZN6CanBusC2Emm
                0x08002e44       0x4e Src\main.o
                0x08002e44                CanBus::CanBus(unsigned long, unsigned long)
                0x08002e44                CanBus::CanBus(unsigned long, unsigned long)
 *fill*         0x08002e92        0x2 
 .text._ZN21LowlayerHandelTypedefC2Ev
                0x08002e94       0xd8 Src\main.o
                0x08002e94                LowlayerHandelTypedef::LowlayerHandelTypedef()
                0x08002e94                LowlayerHandelTypedef::LowlayerHandelTypedef()
 .text._ZN3AppC2EP21LowlayerHandelTypedef
                0x08002f6c       0x24 Src\main.o
                0x08002f6c                App::App(LowlayerHandelTypedef*)
                0x08002f6c                App::App(LowlayerHandelTypedef*)
 .text.main     0x08002f90       0xbc Src\main.o
                0x08002f90                main
 .text._Z18SystemClock_Configv
                0x0800304c       0xd8 Src\main.o
                0x0800304c                SystemClock_Config()
 .text.Error_Handler
                0x08003124        0xe Src\main.o
                0x08003124                Error_Handler
 *fill*         0x08003132        0x2 
 .text.HAL_MspInit
                0x08003134       0x30 Src\stm32f3xx_hal_msp.o
                0x08003134                HAL_MspInit
 .text.NMI_Handler
                0x08003164        0x2 Src\stm32f3xx_it.o
                0x08003164                NMI_Handler
 .text.HardFault_Handler
                0x08003166        0x2 Src\stm32f3xx_it.o
                0x08003166                HardFault_Handler
 .text.MemManage_Handler
                0x08003168        0x2 Src\stm32f3xx_it.o
                0x08003168                MemManage_Handler
 .text.BusFault_Handler
                0x0800316a        0x2 Src\stm32f3xx_it.o
                0x0800316a                BusFault_Handler
 .text.UsageFault_Handler
                0x0800316c        0x2 Src\stm32f3xx_it.o
                0x0800316c                UsageFault_Handler
 .text.SVC_Handler
                0x0800316e        0x2 Src\stm32f3xx_it.o
                0x0800316e                SVC_Handler
 .text.DebugMon_Handler
                0x08003170        0x2 Src\stm32f3xx_it.o
                0x08003170                DebugMon_Handler
 .text.PendSV_Handler
                0x08003172        0x2 Src\stm32f3xx_it.o
                0x08003172                PendSV_Handler
 .text.SysTick_Handler
                0x08003174        0x4 Src\stm32f3xx_it.o
                0x08003174                SysTick_Handler
 .text._getpid  0x08003178        0x4 Src\syscalls.o
                0x08003178                _getpid
 .text._kill    0x0800317c       0x10 Src\syscalls.o
                0x0800317c                _kill
 .text._exit    0x0800318c        0xc Src\syscalls.o
                0x0800318c                _exit
 .text._read    0x08003198       0x1c Src\syscalls.o
                0x08003198                _read
 .text._write   0x080031b4       0x1c Src\syscalls.o
                0x080031b4                _write
 .text._sbrk    0x080031d0       0x34 Src\syscalls.o
                0x080031d0                _sbrk
 .text._close   0x08003204        0x6 Src\syscalls.o
                0x08003204                _close
 .text._fstat   0x0800320a        0xa Src\syscalls.o
                0x0800320a                _fstat
 .text._isatty  0x08003214        0x4 Src\syscalls.o
                0x08003214                _isatty
 .text._lseek   0x08003218        0x4 Src\syscalls.o
                0x08003218                _lseek
 .text.SystemInit
                0x0800321c       0x68 Src\system_stm32f3xx.o
                0x0800321c                SystemInit
 .text.HAL_TIM_PWM_MspInit
                0x08003284       0x68 Src\tim.o
                0x08003284                HAL_TIM_PWM_MspInit
 .text.HAL_TIM_MspPostInit
                0x080032ec       0xac Src\tim.o
                0x080032ec                HAL_TIM_MspPostInit
 .text.MX_TIM1_Init
                0x08003398       0xd4 Src\tim.o
                0x08003398                MX_TIM1_Init
 .text.MX_TIM2_Init
                0x0800346c       0x70 Src\tim.o
                0x0800346c                MX_TIM2_Init
 .text.MX_TIM3_Init
                0x080034dc       0xa0 Src\tim.o
                0x080034dc                MX_TIM3_Init
 .text.MX_USART2_UART_Init
                0x0800357c       0x3c Src\usart.o
                0x0800357c                MX_USART2_UART_Init
 .text.HAL_UART_MspInit
                0x080035b8       0x64 Src\usart.o
                0x080035b8                HAL_UART_MspInit
 .text.Reset_Handler
                0x0800361c       0x50 startup\startup_stm32f303x8.o
                0x0800361c                Reset_Handler
 .text.Default_Handler
                0x0800366c        0x2 startup\startup_stm32f303x8.o
                0x0800366c                RTC_Alarm_IRQHandler
                0x0800366c                TIM1_CC_IRQHandler
                0x0800366c                PVD_IRQHandler
                0x0800366c                TAMP_STAMP_IRQHandler
                0x0800366c                EXTI3_IRQHandler
                0x0800366c                EXTI0_IRQHandler
                0x0800366c                FPU_IRQHandler
                0x0800366c                CAN_TX_IRQHandler
                0x0800366c                TIM1_UP_TIM16_IRQHandler
                0x0800366c                ADC1_2_IRQHandler
                0x0800366c                SPI1_IRQHandler
                0x0800366c                CAN_SCE_IRQHandler
                0x0800366c                DMA1_Channel4_IRQHandler
                0x0800366c                USART3_IRQHandler
                0x0800366c                DMA1_Channel7_IRQHandler
                0x0800366c                TIM7_DAC2_IRQHandler
                0x0800366c                CAN_RX1_IRQHandler
                0x0800366c                I2C1_EV_IRQHandler
                0x0800366c                DMA1_Channel6_IRQHandler
                0x0800366c                TIM3_IRQHandler
                0x0800366c                RCC_IRQHandler
                0x0800366c                DMA1_Channel1_IRQHandler
                0x0800366c                Default_Handler
                0x0800366c                EXTI15_10_IRQHandler
                0x0800366c                COMP2_IRQHandler
                0x0800366c                TIM6_DAC1_IRQHandler
                0x0800366c                EXTI9_5_IRQHandler
                0x0800366c                RTC_WKUP_IRQHandler
                0x0800366c                DMA1_Channel5_IRQHandler
                0x0800366c                EXTI4_IRQHandler
                0x0800366c                TIM1_TRG_COM_TIM17_IRQHandler
                0x0800366c                DMA1_Channel3_IRQHandler
                0x0800366c                WWDG_IRQHandler
                0x0800366c                TIM2_IRQHandler
                0x0800366c                EXTI1_IRQHandler
                0x0800366c                COMP4_6_IRQHandler
                0x0800366c                USART2_IRQHandler
                0x0800366c                DMA1_Channel2_IRQHandler
                0x0800366c                FLASH_IRQHandler
                0x0800366c                USART1_IRQHandler
                0x0800366c                CAN_RX0_IRQHandler
                0x0800366c                I2C1_ER_IRQHandler
                0x0800366c                EXTI2_TSC_IRQHandler
                0x0800366c                TIM1_BRK_TIM15_IRQHandler
 *fill*         0x0800366e        0x2 
 .text.__errno  0x08003670        0xc c:/program files (x86)/atollic/truestudio for stm32 9.0.1/armtools/bin/../lib/gcc/arm-atollic-eabi/6.3.1/../../../../arm-atollic-eabi/lib/armv7e-m/fpu\libc_nano.a(lib_a-errno.o)
                0x08003670                __errno
 .text.__libc_init_array
                0x0800367c       0x48 c:/program files (x86)/atollic/truestudio for stm32 9.0.1/armtools/bin/../lib/gcc/arm-atollic-eabi/6.3.1/../../../../arm-atollic-eabi/lib/armv7e-m/fpu\libc_nano.a(lib_a-init.o)
                0x0800367c                __libc_init_array
 .text.memset   0x080036c4       0x10 c:/program files (x86)/atollic/truestudio for stm32 9.0.1/armtools/bin/../lib/gcc/arm-atollic-eabi/6.3.1/../../../../arm-atollic-eabi/lib/armv7e-m/fpu\libc_nano.a(lib_a-memset.o)
                0x080036c4                memset
 .text.printf   0x080036d4       0x30 c:/program files (x86)/atollic/truestudio for stm32 9.0.1/armtools/bin/../lib/gcc/arm-atollic-eabi/6.3.1/../../../../arm-atollic-eabi/lib/armv7e-m/fpu\libc_nano.a(lib_a-printf.o)
                0x080036d4                iprintf
                0x080036d4                printf
 .text.setbuf   0x08003704       0x10 c:/program files (x86)/atollic/truestudio for stm32 9.0.1/armtools/bin/../lib/gcc/arm-atollic-eabi/6.3.1/../../../../arm-atollic-eabi/lib/armv7e-m/fpu\libc_nano.a(lib_a-setbuf.o)
                0x08003704                setbuf
 .text.setvbuf  0x08003714      0x15c c:/program files (x86)/atollic/truestudio for stm32 9.0.1/armtools/bin/../lib/gcc/arm-atollic-eabi/6.3.1/../../../../arm-atollic-eabi/lib/armv7e-m/fpu\libc_nano.a(lib_a-setvbuf.o)
                0x08003714                setvbuf
 .text.__sflush_r
                0x08003870      0x110 c:/program files (x86)/atollic/truestudio for stm32 9.0.1/armtools/bin/../lib/gcc/arm-atollic-eabi/6.3.1/../../../../arm-atollic-eabi/lib/armv7e-m/fpu\libc_nano.a(lib_a-fflush.o)
                0x08003870                __sflush_r
 .text._fflush_r
                0x08003980       0x54 c:/program files (x86)/atollic/truestudio for stm32 9.0.1/armtools/bin/../lib/gcc/arm-atollic-eabi/6.3.1/../../../../arm-atollic-eabi/lib/armv7e-m/fpu\libc_nano.a(lib_a-fflush.o)
                0x08003980                _fflush_r
 .text._cleanup_r
                0x080039d4        0xc c:/program files (x86)/atollic/truestudio for stm32 9.0.1/armtools/bin/../lib/gcc/arm-atollic-eabi/6.3.1/../../../../arm-atollic-eabi/lib/armv7e-m/fpu\libc_nano.a(lib_a-findfp.o)
                0x080039d4                _cleanup_r
 .text.std.isra.0
                0x080039e0       0x48 c:/program files (x86)/atollic/truestudio for stm32 9.0.1/armtools/bin/../lib/gcc/arm-atollic-eabi/6.3.1/../../../../arm-atollic-eabi/lib/armv7e-m/fpu\libc_nano.a(lib_a-findfp.o)
 .text.__sfmoreglue
                0x08003a28       0x2c c:/program files (x86)/atollic/truestudio for stm32 9.0.1/armtools/bin/../lib/gcc/arm-atollic-eabi/6.3.1/../../../../arm-atollic-eabi/lib/armv7e-m/fpu\libc_nano.a(lib_a-findfp.o)
                0x08003a28                __sfmoreglue
 .text.__sinit  0x08003a54       0x60 c:/program files (x86)/atollic/truestudio for stm32 9.0.1/armtools/bin/../lib/gcc/arm-atollic-eabi/6.3.1/../../../../arm-atollic-eabi/lib/armv7e-m/fpu\libc_nano.a(lib_a-findfp.o)
                0x08003a54                __sinit
 .text.__sfp    0x08003ab4       0x78 c:/program files (x86)/atollic/truestudio for stm32 9.0.1/armtools/bin/../lib/gcc/arm-atollic-eabi/6.3.1/../../../../arm-atollic-eabi/lib/armv7e-m/fpu\libc_nano.a(lib_a-findfp.o)
                0x08003ab4                __sfp
 .text._fwalk_reent
                0x08003b2c       0x3c c:/program files (x86)/atollic/truestudio for stm32 9.0.1/armtools/bin/../lib/gcc/arm-atollic-eabi/6.3.1/../../../../arm-atollic-eabi/lib/armv7e-m/fpu\libc_nano.a(lib_a-fwalk.o)
                0x08003b2c                _fwalk_reent
 .text.__swhatbuf_r
                0x08003b68       0x48 c:/program files (x86)/atollic/truestudio for stm32 9.0.1/armtools/bin/../lib/gcc/arm-atollic-eabi/6.3.1/../../../../arm-atollic-eabi/lib/armv7e-m/fpu\libc_nano.a(lib_a-makebuf.o)
                0x08003b68                __swhatbuf_r
 .text.__smakebuf_r
                0x08003bb0       0x80 c:/program files (x86)/atollic/truestudio for stm32 9.0.1/armtools/bin/../lib/gcc/arm-atollic-eabi/6.3.1/../../../../arm-atollic-eabi/lib/armv7e-m/fpu\libc_nano.a(lib_a-makebuf.o)
                0x08003bb0                __smakebuf_r
 .text.malloc   0x08003c30       0x10 c:/program files (x86)/atollic/truestudio for stm32 9.0.1/armtools/bin/../lib/gcc/arm-atollic-eabi/6.3.1/../../../../arm-atollic-eabi/lib/armv7e-m/fpu\libc_nano.a(lib_a-malloc.o)
                0x08003c30                malloc
 .text._free_r  0x08003c40       0x9c c:/program files (x86)/atollic/truestudio for stm32 9.0.1/armtools/bin/../lib/gcc/arm-atollic-eabi/6.3.1/../../../../arm-atollic-eabi/lib/armv7e-m/fpu\libc_nano.a(lib_a-nano-freer.o)
                0x08003c40                _free_r
 .text._malloc_r
                0x08003cdc       0xbc c:/program files (x86)/atollic/truestudio for stm32 9.0.1/armtools/bin/../lib/gcc/arm-atollic-eabi/6.3.1/../../../../arm-atollic-eabi/lib/armv7e-m/fpu\libc_nano.a(lib_a-nano-mallocr.o)
                0x08003cdc                _malloc_r
 .text.__sfputc_r
                0x08003d98       0x30 c:/program files (x86)/atollic/truestudio for stm32 9.0.1/armtools/bin/../lib/gcc/arm-atollic-eabi/6.3.1/../../../../arm-atollic-eabi/lib/armv7e-m/fpu\libc_nano.a(lib_a-nano-vfprintf.o)
 .text.__sfputs_r
                0x08003dc8       0x24 c:/program files (x86)/atollic/truestudio for stm32 9.0.1/armtools/bin/../lib/gcc/arm-atollic-eabi/6.3.1/../../../../arm-atollic-eabi/lib/armv7e-m/fpu\libc_nano.a(lib_a-nano-vfprintf.o)
                0x08003dc8                __sfputs_r
 .text._vfprintf_r
                0x08003dec      0x22c c:/program files (x86)/atollic/truestudio for stm32 9.0.1/armtools/bin/../lib/gcc/arm-atollic-eabi/6.3.1/../../../../arm-atollic-eabi/lib/armv7e-m/fpu\libc_nano.a(lib_a-nano-vfprintf.o)
                0x08003dec                _vfprintf_r
                0x08003dec                _vfiprintf_r
 .text._printf_common
                0x08004018       0xec c:/program files (x86)/atollic/truestudio for stm32 9.0.1/armtools/bin/../lib/gcc/arm-atollic-eabi/6.3.1/../../../../arm-atollic-eabi/lib/armv7e-m/fpu\libc_nano.a(lib_a-nano-vfprintf_i.o)
                0x08004018                _printf_common
 .text._printf_i
                0x08004104      0x240 c:/program files (x86)/atollic/truestudio for stm32 9.0.1/armtools/bin/../lib/gcc/arm-atollic-eabi/6.3.1/../../../../arm-atollic-eabi/lib/armv7e-m/fpu\libc_nano.a(lib_a-nano-vfprintf_i.o)
                0x08004104                _printf_i
 .text._sbrk_r  0x08004344       0x20 c:/program files (x86)/atollic/truestudio for stm32 9.0.1/armtools/bin/../lib/gcc/arm-atollic-eabi/6.3.1/../../../../arm-atollic-eabi/lib/armv7e-m/fpu\libc_nano.a(lib_a-sbrkr.o)
                0x08004344                _sbrk_r
 .text.__sread  0x08004364       0x22 c:/program files (x86)/atollic/truestudio for stm32 9.0.1/armtools/bin/../lib/gcc/arm-atollic-eabi/6.3.1/../../../../arm-atollic-eabi/lib/armv7e-m/fpu\libc_nano.a(lib_a-stdio.o)
                0x08004364                __sread
 .text.__swrite
                0x08004386       0x38 c:/program files (x86)/atollic/truestudio for stm32 9.0.1/armtools/bin/../lib/gcc/arm-atollic-eabi/6.3.1/../../../../arm-atollic-eabi/lib/armv7e-m/fpu\libc_nano.a(lib_a-stdio.o)
                0x08004386                __swrite
 .text.__sseek  0x080043be       0x24 c:/program files (x86)/atollic/truestudio for stm32 9.0.1/armtools/bin/../lib/gcc/arm-atollic-eabi/6.3.1/../../../../arm-atollic-eabi/lib/armv7e-m/fpu\libc_nano.a(lib_a-stdio.o)
                0x080043be                __sseek
 .text.__sclose
                0x080043e2        0x8 c:/program files (x86)/atollic/truestudio for stm32 9.0.1/armtools/bin/../lib/gcc/arm-atollic-eabi/6.3.1/../../../../arm-atollic-eabi/lib/armv7e-m/fpu\libc_nano.a(lib_a-stdio.o)
                0x080043e2                __sclose
 *fill*         0x080043ea        0x2 
 .text.__swbuf_r
                0x080043ec       0xa4 c:/program files (x86)/atollic/truestudio for stm32 9.0.1/armtools/bin/../lib/gcc/arm-atollic-eabi/6.3.1/../../../../arm-atollic-eabi/lib/armv7e-m/fpu\libc_nano.a(lib_a-wbuf.o)
                0x080043ec                __swbuf_r
 .text._write_r
                0x08004490       0x24 c:/program files (x86)/atollic/truestudio for stm32 9.0.1/armtools/bin/../lib/gcc/arm-atollic-eabi/6.3.1/../../../../arm-atollic-eabi/lib/armv7e-m/fpu\libc_nano.a(lib_a-writer.o)
                0x08004490                _write_r
 .text.__swsetup_r
                0x080044b4       0xdc c:/program files (x86)/atollic/truestudio for stm32 9.0.1/armtools/bin/../lib/gcc/arm-atollic-eabi/6.3.1/../../../../arm-atollic-eabi/lib/armv7e-m/fpu\libc_nano.a(lib_a-wsetup.o)
                0x080044b4                __swsetup_r
 .text._close_r
                0x08004590       0x20 c:/program files (x86)/atollic/truestudio for stm32 9.0.1/armtools/bin/../lib/gcc/arm-atollic-eabi/6.3.1/../../../../arm-atollic-eabi/lib/armv7e-m/fpu\libc_nano.a(lib_a-closer.o)
                0x08004590                _close_r
 .text._fstat_r
                0x080045b0       0x24 c:/program files (x86)/atollic/truestudio for stm32 9.0.1/armtools/bin/../lib/gcc/arm-atollic-eabi/6.3.1/../../../../arm-atollic-eabi/lib/armv7e-m/fpu\libc_nano.a(lib_a-fstatr.o)
                0x080045b0                _fstat_r
 .text._isatty_r
                0x080045d4       0x20 c:/program files (x86)/atollic/truestudio for stm32 9.0.1/armtools/bin/../lib/gcc/arm-atollic-eabi/6.3.1/../../../../arm-atollic-eabi/lib/armv7e-m/fpu\libc_nano.a(lib_a-isattyr.o)
                0x080045d4                _isatty_r
 .text._lseek_r
                0x080045f4       0x24 c:/program files (x86)/atollic/truestudio for stm32 9.0.1/armtools/bin/../lib/gcc/arm-atollic-eabi/6.3.1/../../../../arm-atollic-eabi/lib/armv7e-m/fpu\libc_nano.a(lib_a-lseekr.o)
                0x080045f4                _lseek_r
 .text.memcpy   0x08004618       0x16 c:/program files (x86)/atollic/truestudio for stm32 9.0.1/armtools/bin/../lib/gcc/arm-atollic-eabi/6.3.1/../../../../arm-atollic-eabi/lib/armv7e-m/fpu\libc_nano.a(lib_a-memcpy-stub.o)
                0x08004618                memcpy
 .text.__malloc_lock
                0x0800462e        0x2 c:/program files (x86)/atollic/truestudio for stm32 9.0.1/armtools/bin/../lib/gcc/arm-atollic-eabi/6.3.1/../../../../arm-atollic-eabi/lib/armv7e-m/fpu\libc_nano.a(lib_a-mlock.o)
                0x0800462e                __malloc_lock
 .text.__malloc_unlock
                0x08004630        0x2 c:/program files (x86)/atollic/truestudio for stm32 9.0.1/armtools/bin/../lib/gcc/arm-atollic-eabi/6.3.1/../../../../arm-atollic-eabi/lib/armv7e-m/fpu\libc_nano.a(lib_a-mlock.o)
                0x08004630                __malloc_unlock
 *fill*         0x08004632        0x2 
 .text._read_r  0x08004634       0x24 c:/program files (x86)/atollic/truestudio for stm32 9.0.1/armtools/bin/../lib/gcc/arm-atollic-eabi/6.3.1/../../../../arm-atollic-eabi/lib/armv7e-m/fpu\libc_nano.a(lib_a-readr.o)
                0x08004634                _read_r
 .text.abort    0x08004658        0xe c:/program files (x86)/atollic/truestudio for stm32 9.0.1/armtools/bin/../lib/gcc/arm-atollic-eabi/6.3.1/../../../../arm-atollic-eabi/lib/armv7e-m/fpu\libc_nano.a(lib_a-abort.o)
                0x08004658                abort
 .text._raise_r
                0x08004666       0x50 c:/program files (x86)/atollic/truestudio for stm32 9.0.1/armtools/bin/../lib/gcc/arm-atollic-eabi/6.3.1/../../../../arm-atollic-eabi/lib/armv7e-m/fpu\libc_nano.a(lib_a-signal.o)
                0x08004666                _raise_r
 *fill*         0x080046b6        0x2 
 .text.raise    0x080046b8       0x10 c:/program files (x86)/atollic/truestudio for stm32 9.0.1/armtools/bin/../lib/gcc/arm-atollic-eabi/6.3.1/../../../../arm-atollic-eabi/lib/armv7e-m/fpu\libc_nano.a(lib_a-signal.o)
                0x080046b8                raise
 .text._kill_r  0x080046c8       0x24 c:/program files (x86)/atollic/truestudio for stm32 9.0.1/armtools/bin/../lib/gcc/arm-atollic-eabi/6.3.1/../../../../arm-atollic-eabi/lib/armv7e-m/fpu\libc_nano.a(lib_a-signalr.o)
                0x080046c8                _kill_r
 .text._getpid_r
                0x080046ec        0x4 c:/program files (x86)/atollic/truestudio for stm32 9.0.1/armtools/bin/../lib/gcc/arm-atollic-eabi/6.3.1/../../../../arm-atollic-eabi/lib/armv7e-m/fpu\libc_nano.a(lib_a-signalr.o)
                0x080046ec                _getpid_r
 *(.glue_7)
 .glue_7        0x080046f0        0x0 linker stubs
 *(.glue_7t)
 .glue_7t       0x080046f0        0x0 linker stubs
 *(.eh_frame)
 .eh_frame      0x080046f0        0x0 c:/program files (x86)/atollic/truestudio for stm32 9.0.1/armtools/bin/../lib/gcc/arm-atollic-eabi/6.3.1/armv7e-m/fpu/crtbegin.o
 *(.init)
 .init          0x080046f0        0x4 c:/program files (x86)/atollic/truestudio for stm32 9.0.1/armtools/bin/../lib/gcc/arm-atollic-eabi/6.3.1/armv7e-m/fpu/crti.o
                0x080046f0                _init
 .init          0x080046f4        0x8 c:/program files (x86)/atollic/truestudio for stm32 9.0.1/armtools/bin/../lib/gcc/arm-atollic-eabi/6.3.1/armv7e-m/fpu/crtn.o
 *(.fini)
 .fini          0x080046fc        0x4 c:/program files (x86)/atollic/truestudio for stm32 9.0.1/armtools/bin/../lib/gcc/arm-atollic-eabi/6.3.1/armv7e-m/fpu/crti.o
                0x080046fc                _fini
 .fini          0x08004700        0x8 c:/program files (x86)/atollic/truestudio for stm32 9.0.1/armtools/bin/../lib/gcc/arm-atollic-eabi/6.3.1/armv7e-m/fpu/crtn.o
                0x08004708                . = ALIGN (0x4)
                0x08004708                _etext = .

.vfp11_veneer   0x08004708        0x0
 .vfp11_veneer  0x08004708        0x0 linker stubs

.v4_bx          0x08004708        0x0
 .v4_bx         0x08004708        0x0 linker stubs

.iplt           0x08004708        0x0
 .iplt          0x08004708        0x0 c:/program files (x86)/atollic/truestudio for stm32 9.0.1/armtools/bin/../lib/gcc/arm-atollic-eabi/6.3.1/armv7e-m/fpu/crtbegin.o

.rodata         0x08004708      0x144
                0x08004708                . = ALIGN (0x4)
 *(.rodata)
 .rodata        0x08004708       0x6e Inc\CAN\CAN.o
 *(.rodata*)
 .rodata.aPLLMULFactorTable
                0x08004776       0x10 Drivers\STM32F3xx_HAL_Driver\Src\stm32f3xx_hal_rcc.o
                0x08004776                aPLLMULFactorTable
 .rodata.aPredivFactorTable
                0x08004786       0x10 Drivers\STM32F3xx_HAL_Driver\Src\stm32f3xx_hal_rcc.o
                0x08004786                aPredivFactorTable
 .rodata.CSWTCH.45
                0x08004796        0x4 Drivers\STM32F3xx_HAL_Driver\Src\stm32f3xx_hal_uart.o
 .rodata.AHBPrescTable
                0x0800479a       0x10 Src\system_stm32f3xx.o
                0x0800479a                AHBPrescTable
 .rodata.APBPrescTable
                0x080047aa        0x8 Src\system_stm32f3xx.o
                0x080047aa                APBPrescTable
 *fill*         0x080047b2        0x2 
 .rodata._global_impure_ptr
                0x080047b4        0x4 c:/program files (x86)/atollic/truestudio for stm32 9.0.1/armtools/bin/../lib/gcc/arm-atollic-eabi/6.3.1/../../../../arm-atollic-eabi/lib/armv7e-m/fpu\libc_nano.a(lib_a-impure.o)
                0x080047b4                _global_impure_ptr
 .rodata.__sf_fake_stderr
                0x080047b8       0x20 c:/program files (x86)/atollic/truestudio for stm32 9.0.1/armtools/bin/../lib/gcc/arm-atollic-eabi/6.3.1/../../../../arm-atollic-eabi/lib/armv7e-m/fpu\libc_nano.a(lib_a-findfp.o)
                0x080047b8                __sf_fake_stderr
 .rodata.__sf_fake_stdin
                0x080047d8       0x20 c:/program files (x86)/atollic/truestudio for stm32 9.0.1/armtools/bin/../lib/gcc/arm-atollic-eabi/6.3.1/../../../../arm-atollic-eabi/lib/armv7e-m/fpu\libc_nano.a(lib_a-findfp.o)
                0x080047d8                __sf_fake_stdin
 .rodata.__sf_fake_stdout
                0x080047f8       0x20 c:/program files (x86)/atollic/truestudio for stm32 9.0.1/armtools/bin/../lib/gcc/arm-atollic-eabi/6.3.1/../../../../arm-atollic-eabi/lib/armv7e-m/fpu\libc_nano.a(lib_a-findfp.o)
                0x080047f8                __sf_fake_stdout
 .rodata._vfprintf_r.str1.1
                0x08004818       0x11 c:/program files (x86)/atollic/truestudio for stm32 9.0.1/armtools/bin/../lib/gcc/arm-atollic-eabi/6.3.1/../../../../arm-atollic-eabi/lib/armv7e-m/fpu\libc_nano.a(lib_a-nano-vfprintf.o)
 .rodata._printf_i.str1.1
                0x08004829       0x22 c:/program files (x86)/atollic/truestudio for stm32 9.0.1/armtools/bin/../lib/gcc/arm-atollic-eabi/6.3.1/../../../../arm-atollic-eabi/lib/armv7e-m/fpu\libc_nano.a(lib_a-nano-vfprintf_i.o)
                0x0800484c                . = ALIGN (0x4)
 *fill*         0x0800484b        0x1 

.ARM.extab      0x0800484c       0x78
 *(.ARM.extab* .gnu.linkonce.armextab.*)
 .ARM.extab.text._ZN3App7SetDutyEf
                0x0800484c        0xc Inc\Application\Application.o
 .ARM.extab.text._ZN3App9TaskShiftEv
                0x08004858        0xc Inc\Application\Application.o
 .ARM.extab.text._Z12FilterConfigv
                0x08004864        0xc Inc\CAN\CAN.o
 .ARM.extab.text._ZN5Servo3mapEfllll
                0x08004870        0x0 Inc\Servo\Servo.o
 .ARM.extab.text._ZN5Servo5BeginEv
                0x08004870        0xc Inc\Servo\Servo.o
 .ARM.extab.text.__io_putchar
                0x0800487c        0xc Src\main.o
 .ARM.extab.text.__io_getchar
                0x08004888        0xc Src\main.o
 .ARM.extab.text._ZN5ServoC2EP17TIM_HandleTypeDefP12GPIO_TypeDeftj
                0x08004894        0x0 Src\main.o
 .ARM.extab.text._ZN6CanBusC2Emm
                0x08004894        0x0 Src\main.o
 .ARM.extab.text._ZN21LowlayerHandelTypedefC2Ev
                0x08004894        0x0 Src\main.o
 .ARM.extab.text._ZN3AppC2EP21LowlayerHandelTypedef
                0x08004894        0x0 Src\main.o
 .ARM.extab.text.main
                0x08004894        0xc Src\main.o
 .ARM.extab.text._Z18SystemClock_Configv
                0x080048a0        0xc Src\main.o
 .ARM.extab     0x080048ac       0x18 c:/program files (x86)/atollic/truestudio for stm32 9.0.1/armtools/bin/../lib/gcc/arm-atollic-eabi/6.3.1/armv7e-m/fpu\libgcc.a(pr-support.o)

.ARM            0x080048c4      0x118
                0x080048c4                __exidx_start = .
 *(.ARM.exidx*)
 .ARM.exidx.text._ZN3App11RestoreDataEi
                0x0800497c        0x0 Inc\Application\Application.o
                                  0x8 (size before relaxing)
 .ARM.exidx.text._ZN3App7SetDutyEf
                0x0800497c        0x8 Inc\Application\Application.o
 .ARM.exidx.text._ZN3App9TaskShiftEv
                0x08004984        0x8 Inc\Application\Application.o
 .ARM.exidx.text._Z12FilterConfigv
                0x0800498c        0x8 Inc\CAN\CAN.o
 .ARM.exidx.text._ZN5Servo3mapEfllll
                0x08004994        0x8 Inc\Servo\Servo.o
 .ARM.exidx.text._ZN5Servo7setDutyEf
                0x0800499c        0x0 Inc\Servo\Servo.o
                                  0x8 (size before relaxing)
 .ARM.exidx.text._ZN5Servo5BeginEv
                0x0800499c       0x10 Inc\Servo\Servo.o
                                  0x8 (size before relaxing)
 .ARM.exidx.text.__io_putchar
                0x080049ac        0x8 Src\main.o
 .ARM.exidx.text.__io_getchar
                0x080049b4        0x8 Src\main.o
 .ARM.exidx.text._ZN5ServoC2EP17TIM_HandleTypeDefP12GPIO_TypeDeftj
                0x080049bc        0x8 Src\main.o
 .ARM.exidx.text._ZN6CanBusC2Emm
                0x080049c4        0x0 Src\main.o
                                  0x8 (size before relaxing)
 .ARM.exidx.text._ZN21LowlayerHandelTypedefC2Ev
                0x080049c4        0x0 Src\main.o
                                  0x8 (size before relaxing)
 .ARM.exidx.text._ZN3AppC2EP21LowlayerHandelTypedef
                0x080049c4        0x0 Src\main.o
                                  0x8 (size before relaxing)
 .ARM.exidx.text.main
                0x080049c4        0x8 Src\main.o
 .ARM.exidx.text._Z18SystemClock_Configv
                0x080049cc        0x8 Src\main.o
 .ARM.exidx.text.Error_Handler
                0x080049d4        0x8 Src\main.o
 .ARM.exidx     0x080048c4       0x80 c:/program files (x86)/atollic/truestudio for stm32 9.0.1/armtools/bin/../lib/gcc/arm-atollic-eabi/6.3.1/armv7e-m/fpu\libgcc.a(unwind-arm.o)
                                 0xd8 (size before relaxing)
 .ARM.exidx     0x08004944       0x38 c:/program files (x86)/atollic/truestudio for stm32 9.0.1/armtools/bin/../lib/gcc/arm-atollic-eabi/6.3.1/armv7e-m/fpu\libgcc.a(pr-support.o)
                                 0x48 (size before relaxing)
                0x080049dc                __exidx_end = .

.rel.dyn        0x080049dc        0x0
 .rel.iplt      0x080049dc        0x0 c:/program files (x86)/atollic/truestudio for stm32 9.0.1/armtools/bin/../lib/gcc/arm-atollic-eabi/6.3.1/armv7e-m/fpu/crtbegin.o

.preinit_array  0x080049dc        0x0
                0x080049dc                PROVIDE (__preinit_array_start, .)
 *(.preinit_array*)
                0x080049dc                PROVIDE (__preinit_array_end, .)

.init_array     0x080049dc        0x4
                0x080049dc                PROVIDE (__init_array_start, .)
 *(SORT(.init_array.*))
 *(.init_array*)
 .init_array    0x080049dc        0x4 c:/program files (x86)/atollic/truestudio for stm32 9.0.1/armtools/bin/../lib/gcc/arm-atollic-eabi/6.3.1/armv7e-m/fpu/crtbegin.o
                0x080049e0                PROVIDE (__init_array_end, .)

.fini_array     0x080049e0        0x4
                [!provide]                PROVIDE (__fini_array_start, .)
 *(SORT(.fini_array.*))
 *(.fini_array*)
 .fini_array    0x080049e0        0x4 c:/program files (x86)/atollic/truestudio for stm32 9.0.1/armtools/bin/../lib/gcc/arm-atollic-eabi/6.3.1/armv7e-m/fpu/crtbegin.o
                [!provide]                PROVIDE (__fini_array_end, .)
                0x080049e4                _sidata = LOADADDR (.data)

.data           0x20000000       0x70 load address 0x080049e4
                0x20000000                . = ALIGN (0x4)
                0x20000000                _sdata = .
 *(.data)
 *(.data*)
 .data.uwTickFreq
                0x20000000        0x1 Drivers\STM32F3xx_HAL_Driver\Src\stm32f3xx_hal.o
                0x20000000                uwTickFreq
 *fill*         0x20000001        0x3 
 .data.uwTickPrio
                0x20000004        0x4 Drivers\STM32F3xx_HAL_Driver\Src\stm32f3xx_hal.o
                0x20000004                uwTickPrio
 .data.SystemCoreClock
                0x20000008        0x4 Src\system_stm32f3xx.o
                0x20000008                SystemCoreClock
 .data._impure_ptr
                0x2000000c        0x4 c:/program files (x86)/atollic/truestudio for stm32 9.0.1/armtools/bin/../lib/gcc/arm-atollic-eabi/6.3.1/../../../../arm-atollic-eabi/lib/armv7e-m/fpu\libc_nano.a(lib_a-impure.o)
                0x2000000c                _impure_ptr
 .data.impure_data
                0x20000010       0x60 c:/program files (x86)/atollic/truestudio for stm32 9.0.1/armtools/bin/../lib/gcc/arm-atollic-eabi/6.3.1/../../../../arm-atollic-eabi/lib/armv7e-m/fpu\libc_nano.a(lib_a-impure.o)
                0x20000070                . = ALIGN (0x4)
                0x20000070                _edata = .
                0x08004a54                _siccmram = LOADADDR (.ccmram)

.igot.plt       0x20000070        0x0 load address 0x08004a54
 .igot.plt      0x20000070        0x0 c:/program files (x86)/atollic/truestudio for stm32 9.0.1/armtools/bin/../lib/gcc/arm-atollic-eabi/6.3.1/armv7e-m/fpu/crtbegin.o

.ccmram         0x10000000        0x0 load address 0x08004a54
                0x10000000                . = ALIGN (0x4)
                0x10000000                _sccmram = .
 *(.ccmram)
 *(.ccmram*)
                0x10000000                . = ALIGN (0x4)
                0x10000000                _eccmram = .
                0x10000000                . = ALIGN (0x4)

.bss            0x20000070      0x1b0
                0x20000070                _sbss = .
                0x20000070                __bss_start__ = _sbss
 *(.bss)
 .bss           0x20000070       0x1c c:/program files (x86)/atollic/truestudio for stm32 9.0.1/armtools/bin/../lib/gcc/arm-atollic-eabi/6.3.1/armv7e-m/fpu/crtbegin.o
 .bss           0x2000008c       0x25 Inc\CAN\CAN.o
                0x2000008c                RxFIFO_Data
                0x20000094                RXmsg
                0x200000b0                CanRxFlag
 *(.bss*)
 *fill*         0x200000b1        0x3 
 .bss.heap_end.7010
                0x200000b4        0x4 Src\syscalls.o
 .bss.__malloc_free_list
                0x200000b8        0x4 c:/program files (x86)/atollic/truestudio for stm32 9.0.1/armtools/bin/../lib/gcc/arm-atollic-eabi/6.3.1/../../../../arm-atollic-eabi/lib/armv7e-m/fpu\libc_nano.a(lib_a-nano-mallocr.o)
                0x200000b8                __malloc_free_list
 .bss.__malloc_sbrk_start
                0x200000bc        0x4 c:/program files (x86)/atollic/truestudio for stm32 9.0.1/armtools/bin/../lib/gcc/arm-atollic-eabi/6.3.1/../../../../arm-atollic-eabi/lib/armv7e-m/fpu\libc_nano.a(lib_a-nano-mallocr.o)
                0x200000bc                __malloc_sbrk_start
 *(COMMON)
 COMMON         0x200000c0        0x4 Drivers\STM32F3xx_HAL_Driver\Src\stm32f3xx_hal.o
                0x200000c0                uwTick
 COMMON         0x200000c4       0x28 Src\can.o
                0x200000c4                hcan
 COMMON         0x200000ec       0xc0 Src\tim.o
                0x200000ec                htim3
                0x2000012c                htim1
                0x2000016c                htim2
 COMMON         0x200001ac       0x70 Src\usart.o
                0x200001ac                huart2
 COMMON         0x2000021c        0x4 c:/program files (x86)/atollic/truestudio for stm32 9.0.1/armtools/bin/../lib/gcc/arm-atollic-eabi/6.3.1/../../../../arm-atollic-eabi/lib/armv7e-m/fpu\libc_nano.a(lib_a-reent.o)
                0x2000021c                errno
                0x20000220                . = ALIGN (0x4)
                0x20000220                _ebss = .
                0x20000220                __bss_end__ = _ebss

._user_heap_stack
                0x20000220      0x600
                0x20000220                . = ALIGN (0x4)
                0x20000220                PROVIDE (end, .)
                [!provide]                PROVIDE (_end, .)
                0x20000420                . = (. + _Min_Heap_Size)
 *fill*         0x20000220      0x200 
                0x20000820                . = (. + _Min_Stack_Size)
 *fill*         0x20000420      0x400 
                0x20000820                . = ALIGN (0x4)

/DISCARD/
 libc.a(*)
 libm.a(*)
 libgcc.a(*)

.ARM.attributes
                0x00000000       0x30
 *(.ARM.attributes)
 .ARM.attributes
                0x00000000       0x22 c:/program files (x86)/atollic/truestudio for stm32 9.0.1/armtools/bin/../lib/gcc/arm-atollic-eabi/6.3.1/armv7e-m/fpu/crti.o
 .ARM.attributes
                0x00000022       0x34 c:/program files (x86)/atollic/truestudio for stm32 9.0.1/armtools/bin/../lib/gcc/arm-atollic-eabi/6.3.1/armv7e-m/fpu/crtbegin.o
 .ARM.attributes
                0x00000056       0x39 Drivers\STM32F3xx_HAL_Driver\Src\stm32f3xx_hal.o
 .ARM.attributes
                0x0000008f       0x39 Drivers\STM32F3xx_HAL_Driver\Src\stm32f3xx_hal_can.o
 .ARM.attributes
                0x000000c8       0x39 Drivers\STM32F3xx_HAL_Driver\Src\stm32f3xx_hal_cortex.o
 .ARM.attributes
                0x00000101       0x39 Drivers\STM32F3xx_HAL_Driver\Src\stm32f3xx_hal_gpio.o
 .ARM.attributes
                0x0000013a       0x39 Drivers\STM32F3xx_HAL_Driver\Src\stm32f3xx_hal_rcc.o
 .ARM.attributes
                0x00000173       0x39 Drivers\STM32F3xx_HAL_Driver\Src\stm32f3xx_hal_rcc_ex.o
 .ARM.attributes
                0x000001ac       0x39 Drivers\STM32F3xx_HAL_Driver\Src\stm32f3xx_hal_tim.o
 .ARM.attributes
                0x000001e5       0x39 Drivers\STM32F3xx_HAL_Driver\Src\stm32f3xx_hal_tim_ex.o
 .ARM.attributes
                0x0000021e       0x39 Drivers\STM32F3xx_HAL_Driver\Src\stm32f3xx_hal_uart.o
 .ARM.attributes
                0x00000257       0x39 Inc\Application\Application.o
 .ARM.attributes
                0x00000290       0x39 Inc\CAN\CAN.o
 .ARM.attributes
                0x000002c9       0x39 Inc\Servo\Servo.o
 .ARM.attributes
                0x00000302       0x39 Src\can.o
 .ARM.attributes
                0x0000033b       0x39 Src\gpio.o
 .ARM.attributes
                0x00000374       0x39 Src\main.o
 .ARM.attributes
                0x000003ad       0x39 Src\stm32f3xx_hal_msp.o
 .ARM.attributes
                0x000003e6       0x39 Src\stm32f3xx_it.o
 .ARM.attributes
                0x0000041f       0x39 Src\syscalls.o
 .ARM.attributes
                0x00000458       0x39 Src\system_stm32f3xx.o
 .ARM.attributes
                0x00000491       0x39 Src\tim.o
 .ARM.attributes
                0x000004ca       0x39 Src\usart.o
 .ARM.attributes
                0x00000503       0x21 startup\startup_stm32f303x8.o
 .ARM.attributes
                0x00000524       0x34 c:/program files (x86)/atollic/truestudio for stm32 9.0.1/armtools/bin/../lib/gcc/arm-atollic-eabi/6.3.1/../../../../arm-atollic-eabi/lib/armv7e-m/fpu\libc_nano.a(lib_a-errno.o)
 .ARM.attributes
                0x00000558       0x34 c:/program files (x86)/atollic/truestudio for stm32 9.0.1/armtools/bin/../lib/gcc/arm-atollic-eabi/6.3.1/../../../../arm-atollic-eabi/lib/armv7e-m/fpu\libc_nano.a(lib_a-impure.o)
 .ARM.attributes
                0x0000058c       0x34 c:/program files (x86)/atollic/truestudio for stm32 9.0.1/armtools/bin/../lib/gcc/arm-atollic-eabi/6.3.1/../../../../arm-atollic-eabi/lib/armv7e-m/fpu\libc_nano.a(lib_a-init.o)
 .ARM.attributes
                0x000005c0       0x34 c:/program files (x86)/atollic/truestudio for stm32 9.0.1/armtools/bin/../lib/gcc/arm-atollic-eabi/6.3.1/../../../../arm-atollic-eabi/lib/armv7e-m/fpu\libc_nano.a(lib_a-memset.o)
 .ARM.attributes
                0x000005f4       0x34 c:/program files (x86)/atollic/truestudio for stm32 9.0.1/armtools/bin/../lib/gcc/arm-atollic-eabi/6.3.1/../../../../arm-atollic-eabi/lib/armv7e-m/fpu\libc_nano.a(lib_a-printf.o)
 .ARM.attributes
                0x00000628       0x34 c:/program files (x86)/atollic/truestudio for stm32 9.0.1/armtools/bin/../lib/gcc/arm-atollic-eabi/6.3.1/../../../../arm-atollic-eabi/lib/armv7e-m/fpu\libc_nano.a(lib_a-setbuf.o)
 .ARM.attributes
                0x0000065c       0x34 c:/program files (x86)/atollic/truestudio for stm32 9.0.1/armtools/bin/../lib/gcc/arm-atollic-eabi/6.3.1/../../../../arm-atollic-eabi/lib/armv7e-m/fpu\libc_nano.a(lib_a-setvbuf.o)
 .ARM.attributes
                0x00000690       0x34 c:/program files (x86)/atollic/truestudio for stm32 9.0.1/armtools/bin/../lib/gcc/arm-atollic-eabi/6.3.1/../../../../arm-atollic-eabi/lib/armv7e-m/fpu\libc_nano.a(lib_a-fflush.o)
 .ARM.attributes
                0x000006c4       0x34 c:/program files (x86)/atollic/truestudio for stm32 9.0.1/armtools/bin/../lib/gcc/arm-atollic-eabi/6.3.1/../../../../arm-atollic-eabi/lib/armv7e-m/fpu\libc_nano.a(lib_a-findfp.o)
 .ARM.attributes
                0x000006f8       0x34 c:/program files (x86)/atollic/truestudio for stm32 9.0.1/armtools/bin/../lib/gcc/arm-atollic-eabi/6.3.1/../../../../arm-atollic-eabi/lib/armv7e-m/fpu\libc_nano.a(lib_a-fwalk.o)
 .ARM.attributes
                0x0000072c       0x34 c:/program files (x86)/atollic/truestudio for stm32 9.0.1/armtools/bin/../lib/gcc/arm-atollic-eabi/6.3.1/../../../../arm-atollic-eabi/lib/armv7e-m/fpu\libc_nano.a(lib_a-makebuf.o)
 .ARM.attributes
                0x00000760       0x34 c:/program files (x86)/atollic/truestudio for stm32 9.0.1/armtools/bin/../lib/gcc/arm-atollic-eabi/6.3.1/../../../../arm-atollic-eabi/lib/armv7e-m/fpu\libc_nano.a(lib_a-malloc.o)
 .ARM.attributes
                0x00000794       0x34 c:/program files (x86)/atollic/truestudio for stm32 9.0.1/armtools/bin/../lib/gcc/arm-atollic-eabi/6.3.1/../../../../arm-atollic-eabi/lib/armv7e-m/fpu\libc_nano.a(lib_a-nano-freer.o)
 .ARM.attributes
                0x000007c8       0x34 c:/program files (x86)/atollic/truestudio for stm32 9.0.1/armtools/bin/../lib/gcc/arm-atollic-eabi/6.3.1/../../../../arm-atollic-eabi/lib/armv7e-m/fpu\libc_nano.a(lib_a-nano-mallocr.o)
 .ARM.attributes
                0x000007fc       0x34 c:/program files (x86)/atollic/truestudio for stm32 9.0.1/armtools/bin/../lib/gcc/arm-atollic-eabi/6.3.1/../../../../arm-atollic-eabi/lib/armv7e-m/fpu\libc_nano.a(lib_a-nano-vfprintf.o)
 .ARM.attributes
                0x00000830       0x34 c:/program files (x86)/atollic/truestudio for stm32 9.0.1/armtools/bin/../lib/gcc/arm-atollic-eabi/6.3.1/../../../../arm-atollic-eabi/lib/armv7e-m/fpu\libc_nano.a(lib_a-nano-vfprintf_i.o)
 .ARM.attributes
                0x00000864       0x34 c:/program files (x86)/atollic/truestudio for stm32 9.0.1/armtools/bin/../lib/gcc/arm-atollic-eabi/6.3.1/../../../../arm-atollic-eabi/lib/armv7e-m/fpu\libc_nano.a(lib_a-sbrkr.o)
 .ARM.attributes
                0x00000898       0x34 c:/program files (x86)/atollic/truestudio for stm32 9.0.1/armtools/bin/../lib/gcc/arm-atollic-eabi/6.3.1/../../../../arm-atollic-eabi/lib/armv7e-m/fpu\libc_nano.a(lib_a-stdio.o)
 .ARM.attributes
                0x000008cc       0x34 c:/program files (x86)/atollic/truestudio for stm32 9.0.1/armtools/bin/../lib/gcc/arm-atollic-eabi/6.3.1/../../../../arm-atollic-eabi/lib/armv7e-m/fpu\libc_nano.a(lib_a-wbuf.o)
 .ARM.attributes
                0x00000900       0x34 c:/program files (x86)/atollic/truestudio for stm32 9.0.1/armtools/bin/../lib/gcc/arm-atollic-eabi/6.3.1/../../../../arm-atollic-eabi/lib/armv7e-m/fpu\libc_nano.a(lib_a-writer.o)
 .ARM.attributes
                0x00000934       0x34 c:/program files (x86)/atollic/truestudio for stm32 9.0.1/armtools/bin/../lib/gcc/arm-atollic-eabi/6.3.1/../../../../arm-atollic-eabi/lib/armv7e-m/fpu\libc_nano.a(lib_a-wsetup.o)
 .ARM.attributes
                0x00000968       0x34 c:/program files (x86)/atollic/truestudio for stm32 9.0.1/armtools/bin/../lib/gcc/arm-atollic-eabi/6.3.1/../../../../arm-atollic-eabi/lib/armv7e-m/fpu\libc_nano.a(lib_a-closer.o)
 .ARM.attributes
                0x0000099c       0x34 c:/program files (x86)/atollic/truestudio for stm32 9.0.1/armtools/bin/../lib/gcc/arm-atollic-eabi/6.3.1/../../../../arm-atollic-eabi/lib/armv7e-m/fpu\libc_nano.a(lib_a-fstatr.o)
 .ARM.attributes
                0x000009d0       0x34 c:/program files (x86)/atollic/truestudio for stm32 9.0.1/armtools/bin/../lib/gcc/arm-atollic-eabi/6.3.1/../../../../arm-atollic-eabi/lib/armv7e-m/fpu\libc_nano.a(lib_a-isattyr.o)
 .ARM.attributes
                0x00000a04       0x34 c:/program files (x86)/atollic/truestudio for stm32 9.0.1/armtools/bin/../lib/gcc/arm-atollic-eabi/6.3.1/../../../../arm-atollic-eabi/lib/armv7e-m/fpu\libc_nano.a(lib_a-lseekr.o)
 .ARM.attributes
                0x00000a38       0x20 c:/program files (x86)/atollic/truestudio for stm32 9.0.1/armtools/bin/../lib/gcc/arm-atollic-eabi/6.3.1/../../../../arm-atollic-eabi/lib/armv7e-m/fpu\libc_nano.a(lib_a-memchr.o)
 .ARM.attributes
                0x00000a58       0x34 c:/program files (x86)/atollic/truestudio for stm32 9.0.1/armtools/bin/../lib/gcc/arm-atollic-eabi/6.3.1/../../../../arm-atollic-eabi/lib/armv7e-m/fpu\libc_nano.a(lib_a-mlock.o)
 .ARM.attributes
                0x00000a8c       0x34 c:/program files (x86)/atollic/truestudio for stm32 9.0.1/armtools/bin/../lib/gcc/arm-atollic-eabi/6.3.1/../../../../arm-atollic-eabi/lib/armv7e-m/fpu\libc_nano.a(lib_a-readr.o)
 .ARM.attributes
                0x00000ac0       0x34 c:/program files (x86)/atollic/truestudio for stm32 9.0.1/armtools/bin/../lib/gcc/arm-atollic-eabi/6.3.1/../../../../arm-atollic-eabi/lib/armv7e-m/fpu\libc_nano.a(lib_a-reent.o)
 .ARM.attributes
                0x00000af4       0x22 c:/program files (x86)/atollic/truestudio for stm32 9.0.1/armtools/bin/../lib/gcc/arm-atollic-eabi/6.3.1/armv7e-m/fpu/crtn.o
OUTPUT(SympleServo.elf elf32-littlearm)

.debug_info     0x00000000    0x1c62c
 .debug_info    0x00000000     0x102a Drivers\STM32F3xx_HAL_Driver\Src\stm32f3xx_hal.o
 .debug_info    0x0000102a     0x1902 Drivers\STM32F3xx_HAL_Driver\Src\stm32f3xx_hal_can.o
 .debug_info    0x0000292c     0x14be Drivers\STM32F3xx_HAL_Driver\Src\stm32f3xx_hal_cortex.o
 .debug_info    0x00003dea      0xfec Drivers\STM32F3xx_HAL_Driver\Src\stm32f3xx_hal_gpio.o
 .debug_info    0x00004dd6     0x1bc7 Drivers\STM32F3xx_HAL_Driver\Src\stm32f3xx_hal_rcc.o
 .debug_info    0x0000699d      0xe87 Drivers\STM32F3xx_HAL_Driver\Src\stm32f3xx_hal_rcc_ex.o
 .debug_info    0x00007824     0x3d64 Drivers\STM32F3xx_HAL_Driver\Src\stm32f3xx_hal_tim.o
 .debug_info    0x0000b588     0x1d87 Drivers\STM32F3xx_HAL_Driver\Src\stm32f3xx_hal_tim_ex.o
 .debug_info    0x0000d30f     0x2275 Drivers\STM32F3xx_HAL_Driver\Src\stm32f3xx_hal_uart.o
 .debug_info    0x0000f584     0x144e Inc\Application\Application.o
 .debug_info    0x000109d2     0x15e1 Inc\CAN\CAN.o
 .debug_info    0x00011fb3     0x11b2 Inc\Servo\Servo.o
 .debug_info    0x00013165     0x1076 Src\can.o
 .debug_info    0x000141db      0xc56 Src\gpio.o
 .debug_info    0x00014e31     0x1dc5 Src\main.o
 .debug_info    0x00016bf6      0xa88 Src\stm32f3xx_hal_msp.o
 .debug_info    0x0001767e      0xa23 Src\stm32f3xx_it.o
 .debug_info    0x000180a1      0xfe1 Src\syscalls.o
 .debug_info    0x00019082      0xc74 Src\system_stm32f3xx.o
 .debug_info    0x00019cf6     0x16ec Src\tim.o
 .debug_info    0x0001b3e2     0x11e1 Src\usart.o
 .debug_info    0x0001c5c3       0x69 startup\startup_stm32f303x8.o

.debug_abbrev   0x00000000     0x3ac5
 .debug_abbrev  0x00000000      0x2f5 Drivers\STM32F3xx_HAL_Driver\Src\stm32f3xx_hal.o
 .debug_abbrev  0x000002f5      0x36a Drivers\STM32F3xx_HAL_Driver\Src\stm32f3xx_hal_can.o
 .debug_abbrev  0x0000065f      0x374 Drivers\STM32F3xx_HAL_Driver\Src\stm32f3xx_hal_cortex.o
 .debug_abbrev  0x000009d3      0x268 Drivers\STM32F3xx_HAL_Driver\Src\stm32f3xx_hal_gpio.o
 .debug_abbrev  0x00000c3b      0x358 Drivers\STM32F3xx_HAL_Driver\Src\stm32f3xx_hal_rcc.o
 .debug_abbrev  0x00000f93      0x318 Drivers\STM32F3xx_HAL_Driver\Src\stm32f3xx_hal_rcc_ex.o
 .debug_abbrev  0x000012ab      0x3ab Drivers\STM32F3xx_HAL_Driver\Src\stm32f3xx_hal_tim.o
 .debug_abbrev  0x00001656      0x30d Drivers\STM32F3xx_HAL_Driver\Src\stm32f3xx_hal_tim_ex.o
 .debug_abbrev  0x00001963      0x384 Drivers\STM32F3xx_HAL_Driver\Src\stm32f3xx_hal_uart.o
 .debug_abbrev  0x00001ce7      0x320 Inc\Application\Application.o
 .debug_abbrev  0x00002007      0x2b0 Inc\CAN\CAN.o
 .debug_abbrev  0x000022b7      0x279 Inc\Servo\Servo.o
 .debug_abbrev  0x00002530      0x278 Src\can.o
 .debug_abbrev  0x000027a8      0x204 Src\gpio.o
 .debug_abbrev  0x000029ac      0x3b6 Src\main.o
 .debug_abbrev  0x00002d62      0x1be Src\stm32f3xx_hal_msp.o
 .debug_abbrev  0x00002f20      0x1f9 Src\stm32f3xx_it.o
 .debug_abbrev  0x00003119      0x2d9 Src\syscalls.o
 .debug_abbrev  0x000033f2      0x1e2 Src\system_stm32f3xx.o
 .debug_abbrev  0x000035d4      0x292 Src\tim.o
 .debug_abbrev  0x00003866      0x24d Src\usart.o
 .debug_abbrev  0x00003ab3       0x12 startup\startup_stm32f303x8.o

.debug_loc      0x00000000     0x7a8e
 .debug_loc     0x00000000      0x11b Drivers\STM32F3xx_HAL_Driver\Src\stm32f3xx_hal.o
 .debug_loc     0x0000011b      0xa88 Drivers\STM32F3xx_HAL_Driver\Src\stm32f3xx_hal_can.o
 .debug_loc     0x00000ba3      0x4da Drivers\STM32F3xx_HAL_Driver\Src\stm32f3xx_hal_cortex.o
 .debug_loc     0x0000107d      0x2ba Drivers\STM32F3xx_HAL_Driver\Src\stm32f3xx_hal_gpio.o
 .debug_loc     0x00001337      0x8ea Drivers\STM32F3xx_HAL_Driver\Src\stm32f3xx_hal_rcc.o
 .debug_loc     0x00001c21      0x422 Drivers\STM32F3xx_HAL_Driver\Src\stm32f3xx_hal_rcc_ex.o
 .debug_loc     0x00002043     0x31ea Drivers\STM32F3xx_HAL_Driver\Src\stm32f3xx_hal_tim.o
 .debug_loc     0x0000522d      0xe53 Drivers\STM32F3xx_HAL_Driver\Src\stm32f3xx_hal_tim_ex.o
 .debug_loc     0x00006080     0x146f Drivers\STM32F3xx_HAL_Driver\Src\stm32f3xx_hal_uart.o
 .debug_loc     0x000074ef       0x58 Src\can.o
 .debug_loc     0x00007547      0x3ef Src\syscalls.o
 .debug_loc     0x00007936       0xe2 Src\system_stm32f3xx.o
 .debug_loc     0x00007a18       0x1e Src\tim.o
 .debug_loc     0x00007a36       0x58 Src\usart.o

.debug_aranges  0x00000000      0xb98
 .debug_aranges
                0x00000000       0xd8 Drivers\STM32F3xx_HAL_Driver\Src\stm32f3xx_hal.o
 .debug_aranges
                0x000000d8       0xc8 Drivers\STM32F3xx_HAL_Driver\Src\stm32f3xx_hal_can.o
 .debug_aranges
                0x000001a0       0x90 Drivers\STM32F3xx_HAL_Driver\Src\stm32f3xx_hal_cortex.o
 .debug_aranges
                0x00000230       0x58 Drivers\STM32F3xx_HAL_Driver\Src\stm32f3xx_hal_gpio.o
 .debug_aranges
                0x00000288       0x88 Drivers\STM32F3xx_HAL_Driver\Src\stm32f3xx_hal_rcc.o
 .debug_aranges
                0x00000310       0x38 Drivers\STM32F3xx_HAL_Driver\Src\stm32f3xx_hal_rcc_ex.o
 .debug_aranges
                0x00000348      0x268 Drivers\STM32F3xx_HAL_Driver\Src\stm32f3xx_hal_tim.o
 .debug_aranges
                0x000005b0      0x120 Drivers\STM32F3xx_HAL_Driver\Src\stm32f3xx_hal_tim_ex.o
 .debug_aranges
                0x000006d0      0x1a0 Drivers\STM32F3xx_HAL_Driver\Src\stm32f3xx_hal_uart.o
 .debug_aranges
                0x00000870       0x30 Inc\Application\Application.o
 .debug_aranges
                0x000008a0       0x30 Inc\CAN\CAN.o
 .debug_aranges
                0x000008d0       0x38 Inc\Servo\Servo.o
 .debug_aranges
                0x00000908       0x30 Src\can.o
 .debug_aranges
                0x00000938       0x20 Src\gpio.o
 .debug_aranges
                0x00000958       0x60 Src\main.o
 .debug_aranges
                0x000009b8       0x20 Src\stm32f3xx_hal_msp.o
 .debug_aranges
                0x000009d8       0x48 Src\stm32f3xx_it.o
 .debug_aranges
                0x00000a20       0xb0 Src\syscalls.o
 .debug_aranges
                0x00000ad0       0x28 Src\system_stm32f3xx.o
 .debug_aranges
                0x00000af8       0x48 Src\tim.o
 .debug_aranges
                0x00000b40       0x30 Src\usart.o
 .debug_aranges
                0x00000b70       0x28 startup\startup_stm32f303x8.o

.debug_ranges   0x00000000      0xe18
 .debug_ranges  0x00000000       0xc8 Drivers\STM32F3xx_HAL_Driver\Src\stm32f3xx_hal.o
 .debug_ranges  0x000000c8       0xb8 Drivers\STM32F3xx_HAL_Driver\Src\stm32f3xx_hal_can.o
 .debug_ranges  0x00000180      0x120 Drivers\STM32F3xx_HAL_Driver\Src\stm32f3xx_hal_cortex.o
 .debug_ranges  0x000002a0       0x68 Drivers\STM32F3xx_HAL_Driver\Src\stm32f3xx_hal_gpio.o
 .debug_ranges  0x00000308      0x1d8 Drivers\STM32F3xx_HAL_Driver\Src\stm32f3xx_hal_rcc.o
 .debug_ranges  0x000004e0       0x78 Drivers\STM32F3xx_HAL_Driver\Src\stm32f3xx_hal_rcc_ex.o
 .debug_ranges  0x00000558      0x348 Drivers\STM32F3xx_HAL_Driver\Src\stm32f3xx_hal_tim.o
 .debug_ranges  0x000008a0      0x110 Drivers\STM32F3xx_HAL_Driver\Src\stm32f3xx_hal_tim_ex.o
 .debug_ranges  0x000009b0      0x190 Drivers\STM32F3xx_HAL_Driver\Src\stm32f3xx_hal_uart.o
 .debug_ranges  0x00000b40       0x20 Inc\Application\Application.o
 .debug_ranges  0x00000b60       0x20 Inc\CAN\CAN.o
 .debug_ranges  0x00000b80       0x28 Inc\Servo\Servo.o
 .debug_ranges  0x00000ba8       0x38 Src\can.o
 .debug_ranges  0x00000be0       0x40 Src\gpio.o
 .debug_ranges  0x00000c20       0x50 Src\main.o
 .debug_ranges  0x00000c70       0x28 Src\stm32f3xx_hal_msp.o
 .debug_ranges  0x00000c98       0x38 Src\stm32f3xx_it.o
 .debug_ranges  0x00000cd0       0xa0 Src\syscalls.o
 .debug_ranges  0x00000d70       0x18 Src\system_stm32f3xx.o
 .debug_ranges  0x00000d88       0x38 Src\tim.o
 .debug_ranges  0x00000dc0       0x38 Src\usart.o
 .debug_ranges  0x00000df8       0x20 startup\startup_stm32f303x8.o

.debug_line     0x00000000     0x7114
 .debug_line    0x00000000      0x47d Drivers\STM32F3xx_HAL_Driver\Src\stm32f3xx_hal.o
 .debug_line    0x0000047d      0x685 Drivers\STM32F3xx_HAL_Driver\Src\stm32f3xx_hal_can.o
 .debug_line    0x00000b02      0x45d Drivers\STM32F3xx_HAL_Driver\Src\stm32f3xx_hal_cortex.o
 .debug_line    0x00000f5f      0x46c Drivers\STM32F3xx_HAL_Driver\Src\stm32f3xx_hal_gpio.o
 .debug_line    0x000013cb      0x871 Drivers\STM32F3xx_HAL_Driver\Src\stm32f3xx_hal_rcc.o
 .debug_line    0x00001c3c      0x498 Drivers\STM32F3xx_HAL_Driver\Src\stm32f3xx_hal_rcc_ex.o
 .debug_line    0x000020d4     0x11ee Drivers\STM32F3xx_HAL_Driver\Src\stm32f3xx_hal_tim.o
 .debug_line    0x000032c2      0x900 Drivers\STM32F3xx_HAL_Driver\Src\stm32f3xx_hal_tim_ex.o
 .debug_line    0x00003bc2      0xd12 Drivers\STM32F3xx_HAL_Driver\Src\stm32f3xx_hal_uart.o
 .debug_line    0x000048d4      0x3b1 Inc\Application\Application.o
 .debug_line    0x00004c85      0x361 Inc\CAN\CAN.o
 .debug_line    0x00004fe6      0x3a8 Inc\Servo\Servo.o
 .debug_line    0x0000538e      0x322 Src\can.o
 .debug_line    0x000056b0      0x295 Src\gpio.o
 .debug_line    0x00005945      0x488 Src\main.o
 .debug_line    0x00005dcd      0x27e Src\stm32f3xx_hal_msp.o
 .debug_line    0x0000604b      0x2b4 Src\stm32f3xx_it.o
 .debug_line    0x000062ff      0x3bb Src\syscalls.o
 .debug_line    0x000066ba      0x2b7 Src\system_stm32f3xx.o
 .debug_line    0x00006971      0x3fd Src\tim.o
 .debug_line    0x00006d6e      0x327 Src\usart.o
 .debug_line    0x00007095       0x7f startup\startup_stm32f303x8.o

.debug_str      0x00000000     0x46bb
 .debug_str     0x00000000      0xbd5 Drivers\STM32F3xx_HAL_Driver\Src\stm32f3xx_hal.o
                                0xccf (size before relaxing)
 .debug_str     0x00000bd5      0x72b Drivers\STM32F3xx_HAL_Driver\Src\stm32f3xx_hal_can.o
                                0xf44 (size before relaxing)
 .debug_str     0x00001300      0x2af Drivers\STM32F3xx_HAL_Driver\Src\stm32f3xx_hal_cortex.o
                                0xdc0 (size before relaxing)
 .debug_str     0x000015af      0x217 Drivers\STM32F3xx_HAL_Driver\Src\stm32f3xx_hal_gpio.o
                                0x9b8 (size before relaxing)
 .debug_str     0x000017c6      0x2bb Drivers\STM32F3xx_HAL_Driver\Src\stm32f3xx_hal_rcc.o
                                0xb25 (size before relaxing)
 .debug_str     0x00001a81      0x166 Drivers\STM32F3xx_HAL_Driver\Src\stm32f3xx_hal_rcc_ex.o
                                0x962 (size before relaxing)
 .debug_str     0x00001be7     0x108a Drivers\STM32F3xx_HAL_Driver\Src\stm32f3xx_hal_tim.o
                               0x18c2 (size before relaxing)
 .debug_str     0x00002c71      0x59b Drivers\STM32F3xx_HAL_Driver\Src\stm32f3xx_hal_tim_ex.o
                               0x12f5 (size before relaxing)
 .debug_str     0x0000320c      0x8cf Drivers\STM32F3xx_HAL_Driver\Src\stm32f3xx_hal_uart.o
                               0x133a (size before relaxing)
 .debug_str     0x00003adb      0x457 Inc\Application\Application.o
                                0xec4 (size before relaxing)
 .debug_str     0x00003f32       0xf6 Inc\CAN\CAN.o
                               0x114c (size before relaxing)
 .debug_str     0x00004028       0x6f Inc\Servo\Servo.o
                                0xd1b (size before relaxing)
 .debug_str     0x00004097       0x48 Src\can.o
                                0xab7 (size before relaxing)
 .debug_str     0x000040df       0x1b Src\gpio.o
                                0x7d0 (size before relaxing)
 .debug_str     0x000040fa      0x1dc Src\main.o
                               0x175f (size before relaxing)
 .debug_str     0x000042d6       0x1b Src\stm32f3xx_hal_msp.o
                                0x718 (size before relaxing)
 .debug_str     0x000042f1       0xa6 Src\stm32f3xx_it.o
                                0x749 (size before relaxing)
 .debug_str     0x00004397      0x23c Src\syscalls.o
                                0x86b (size before relaxing)
 .debug_str     0x000045d3       0x50 Src\system_stm32f3xx.o
                                0x7a2 (size before relaxing)
 .debug_str     0x00004623       0x6a Src\tim.o
                                0xe0c (size before relaxing)
 .debug_str     0x0000468d       0x2e Src\usart.o
                                0xc85 (size before relaxing)

.comment        0x00000000       0x7c
 .comment       0x00000000       0x7c Drivers\STM32F3xx_HAL_Driver\Src\stm32f3xx_hal.o
                                 0x7d (size before relaxing)
 .comment       0x0000007c       0x7d Drivers\STM32F3xx_HAL_Driver\Src\stm32f3xx_hal_can.o
 .comment       0x0000007c       0x7d Drivers\STM32F3xx_HAL_Driver\Src\stm32f3xx_hal_cortex.o
 .comment       0x0000007c       0x7d Drivers\STM32F3xx_HAL_Driver\Src\stm32f3xx_hal_gpio.o
 .comment       0x0000007c       0x7d Drivers\STM32F3xx_HAL_Driver\Src\stm32f3xx_hal_rcc.o
 .comment       0x0000007c       0x7d Drivers\STM32F3xx_HAL_Driver\Src\stm32f3xx_hal_rcc_ex.o
 .comment       0x0000007c       0x7d Drivers\STM32F3xx_HAL_Driver\Src\stm32f3xx_hal_tim.o
 .comment       0x0000007c       0x7d Drivers\STM32F3xx_HAL_Driver\Src\stm32f3xx_hal_tim_ex.o
 .comment       0x0000007c       0x7d Drivers\STM32F3xx_HAL_Driver\Src\stm32f3xx_hal_uart.o
 .comment       0x0000007c       0x7d Inc\Application\Application.o
 .comment       0x0000007c       0x7d Inc\CAN\CAN.o
 .comment       0x0000007c       0x7d Inc\Servo\Servo.o
 .comment       0x0000007c       0x7d Src\can.o
 .comment       0x0000007c       0x7d Src\gpio.o
 .comment       0x0000007c       0x7d Src\main.o
 .comment       0x0000007c       0x7d Src\stm32f3xx_hal_msp.o
 .comment       0x0000007c       0x7d Src\stm32f3xx_it.o
 .comment       0x0000007c       0x7d Src\syscalls.o
 .comment       0x0000007c       0x7d Src\system_stm32f3xx.o
 .comment       0x0000007c       0x7d Src\tim.o
 .comment       0x0000007c       0x7d Src\usart.o

.debug_frame    0x00000000     0x2998
 .debug_frame   0x00000000      0x1d0 Drivers\STM32F3xx_HAL_Driver\Src\stm32f3xx_hal.o
 .debug_frame   0x000001d0      0x2cc Drivers\STM32F3xx_HAL_Driver\Src\stm32f3xx_hal_can.o
 .debug_frame   0x0000049c      0x120 Drivers\STM32F3xx_HAL_Driver\Src\stm32f3xx_hal_cortex.o
 .debug_frame   0x000005bc       0xd8 Drivers\STM32F3xx_HAL_Driver\Src\stm32f3xx_hal_gpio.o
 .debug_frame   0x00000694      0x14c Drivers\STM32F3xx_HAL_Driver\Src\stm32f3xx_hal_rcc.o
 .debug_frame   0x000007e0       0xa4 Drivers\STM32F3xx_HAL_Driver\Src\stm32f3xx_hal_rcc_ex.o
 .debug_frame   0x00000884      0x8b8 Drivers\STM32F3xx_HAL_Driver\Src\stm32f3xx_hal_tim.o
 .debug_frame   0x0000113c      0x3e4 Drivers\STM32F3xx_HAL_Driver\Src\stm32f3xx_hal_tim_ex.o
 .debug_frame   0x00001520      0x568 Drivers\STM32F3xx_HAL_Driver\Src\stm32f3xx_hal_uart.o
 .debug_frame   0x00001a88       0x80 Inc\Application\Application.o
 .debug_frame   0x00001b08       0x7c Inc\CAN\CAN.o
 .debug_frame   0x00001b84       0xa8 Inc\Servo\Servo.o
 .debug_frame   0x00001c2c       0x60 Src\can.o
 .debug_frame   0x00001c8c       0x30 Src\gpio.o
 .debug_frame   0x00001cbc      0x15c Src\main.o
 .debug_frame   0x00001e18       0x28 Src\stm32f3xx_hal_msp.o
 .debug_frame   0x00001e40       0xa0 Src\stm32f3xx_it.o
 .debug_frame   0x00001ee0      0x1a8 Src\syscalls.o
 .debug_frame   0x00002088       0x38 Src\system_stm32f3xx.o
 .debug_frame   0x000020c0       0xbc Src\tim.o
 .debug_frame   0x0000217c       0x60 Src\usart.o
 .debug_frame   0x000021dc       0x20 c:/program files (x86)/atollic/truestudio for stm32 9.0.1/armtools/bin/../lib/gcc/arm-atollic-eabi/6.3.1/../../../../arm-atollic-eabi/lib/armv7e-m/fpu\libc_nano.a(lib_a-errno.o)
 .debug_frame   0x000021fc       0x2c c:/program files (x86)/atollic/truestudio for stm32 9.0.1/armtools/bin/../lib/gcc/arm-atollic-eabi/6.3.1/../../../../arm-atollic-eabi/lib/armv7e-m/fpu\libc_nano.a(lib_a-init.o)
 .debug_frame   0x00002228       0x20 c:/program files (x86)/atollic/truestudio for stm32 9.0.1/armtools/bin/../lib/gcc/arm-atollic-eabi/6.3.1/../../../../arm-atollic-eabi/lib/armv7e-m/fpu\libc_nano.a(lib_a-memset.o)
 .debug_frame   0x00002248       0x74 c:/program files (x86)/atollic/truestudio for stm32 9.0.1/armtools/bin/../lib/gcc/arm-atollic-eabi/6.3.1/../../../../arm-atollic-eabi/lib/armv7e-m/fpu\libc_nano.a(lib_a-printf.o)
 .debug_frame   0x000022bc       0x20 c:/program files (x86)/atollic/truestudio for stm32 9.0.1/armtools/bin/../lib/gcc/arm-atollic-eabi/6.3.1/../../../../arm-atollic-eabi/lib/armv7e-m/fpu\libc_nano.a(lib_a-setbuf.o)
 .debug_frame   0x000022dc       0x38 c:/program files (x86)/atollic/truestudio for stm32 9.0.1/armtools/bin/../lib/gcc/arm-atollic-eabi/6.3.1/../../../../arm-atollic-eabi/lib/armv7e-m/fpu\libc_nano.a(lib_a-setvbuf.o)
 .debug_frame   0x00002314       0x68 c:/program files (x86)/atollic/truestudio for stm32 9.0.1/armtools/bin/../lib/gcc/arm-atollic-eabi/6.3.1/../../../../arm-atollic-eabi/lib/armv7e-m/fpu\libc_nano.a(lib_a-fflush.o)
 .debug_frame   0x0000237c      0x11c c:/program files (x86)/atollic/truestudio for stm32 9.0.1/armtools/bin/../lib/gcc/arm-atollic-eabi/6.3.1/../../../../arm-atollic-eabi/lib/armv7e-m/fpu\libc_nano.a(lib_a-findfp.o)
 .debug_frame   0x00002498       0x54 c:/program files (x86)/atollic/truestudio for stm32 9.0.1/armtools/bin/../lib/gcc/arm-atollic-eabi/6.3.1/../../../../arm-atollic-eabi/lib/armv7e-m/fpu\libc_nano.a(lib_a-fwalk.o)
 .debug_frame   0x000024ec       0x58 c:/program files (x86)/atollic/truestudio for stm32 9.0.1/armtools/bin/../lib/gcc/arm-atollic-eabi/6.3.1/../../../../arm-atollic-eabi/lib/armv7e-m/fpu\libc_nano.a(lib_a-makebuf.o)
 .debug_frame   0x00002544       0x30 c:/program files (x86)/atollic/truestudio for stm32 9.0.1/armtools/bin/../lib/gcc/arm-atollic-eabi/6.3.1/../../../../arm-atollic-eabi/lib/armv7e-m/fpu\libc_nano.a(lib_a-malloc.o)
 .debug_frame   0x00002574       0x38 c:/program files (x86)/atollic/truestudio for stm32 9.0.1/armtools/bin/../lib/gcc/arm-atollic-eabi/6.3.1/../../../../arm-atollic-eabi/lib/armv7e-m/fpu\libc_nano.a(lib_a-nano-freer.o)
 .debug_frame   0x000025ac       0x2c c:/program files (x86)/atollic/truestudio for stm32 9.0.1/armtools/bin/../lib/gcc/arm-atollic-eabi/6.3.1/../../../../arm-atollic-eabi/lib/armv7e-m/fpu\libc_nano.a(lib_a-nano-mallocr.o)
 .debug_frame   0x000025d8       0xac c:/program files (x86)/atollic/truestudio for stm32 9.0.1/armtools/bin/../lib/gcc/arm-atollic-eabi/6.3.1/../../../../arm-atollic-eabi/lib/armv7e-m/fpu\libc_nano.a(lib_a-nano-vfprintf.o)
 .debug_frame   0x00002684       0x60 c:/program files (x86)/atollic/truestudio for stm32 9.0.1/armtools/bin/../lib/gcc/arm-atollic-eabi/6.3.1/../../../../arm-atollic-eabi/lib/armv7e-m/fpu\libc_nano.a(lib_a-nano-vfprintf_i.o)
 .debug_frame   0x000026e4       0x2c c:/program files (x86)/atollic/truestudio for stm32 9.0.1/armtools/bin/../lib/gcc/arm-atollic-eabi/6.3.1/../../../../arm-atollic-eabi/lib/armv7e-m/fpu\libc_nano.a(lib_a-sbrkr.o)
 .debug_frame   0x00002710       0x88 c:/program files (x86)/atollic/truestudio for stm32 9.0.1/armtools/bin/../lib/gcc/arm-atollic-eabi/6.3.1/../../../../arm-atollic-eabi/lib/armv7e-m/fpu\libc_nano.a(lib_a-stdio.o)
 .debug_frame   0x00002798       0x40 c:/program files (x86)/atollic/truestudio for stm32 9.0.1/armtools/bin/../lib/gcc/arm-atollic-eabi/6.3.1/../../../../arm-atollic-eabi/lib/armv7e-m/fpu\libc_nano.a(lib_a-wbuf.o)
 .debug_frame   0x000027d8       0x2c c:/program files (x86)/atollic/truestudio for stm32 9.0.1/armtools/bin/../lib/gcc/arm-atollic-eabi/6.3.1/../../../../arm-atollic-eabi/lib/armv7e-m/fpu\libc_nano.a(lib_a-writer.o)
 .debug_frame   0x00002804       0x2c c:/program files (x86)/atollic/truestudio for stm32 9.0.1/armtools/bin/../lib/gcc/arm-atollic-eabi/6.3.1/../../../../arm-atollic-eabi/lib/armv7e-m/fpu\libc_nano.a(lib_a-wsetup.o)
 .debug_frame   0x00002830       0x2c c:/program files (x86)/atollic/truestudio for stm32 9.0.1/armtools/bin/../lib/gcc/arm-atollic-eabi/6.3.1/../../../../arm-atollic-eabi/lib/armv7e-m/fpu\libc_nano.a(lib_a-closer.o)
 .debug_frame   0x0000285c       0x2c c:/program files (x86)/atollic/truestudio for stm32 9.0.1/armtools/bin/../lib/gcc/arm-atollic-eabi/6.3.1/../../../../arm-atollic-eabi/lib/armv7e-m/fpu\libc_nano.a(lib_a-fstatr.o)
 .debug_frame   0x00002888       0x2c c:/program files (x86)/atollic/truestudio for stm32 9.0.1/armtools/bin/../lib/gcc/arm-atollic-eabi/6.3.1/../../../../arm-atollic-eabi/lib/armv7e-m/fpu\libc_nano.a(lib_a-isattyr.o)
 .debug_frame   0x000028b4       0x2c c:/program files (x86)/atollic/truestudio for stm32 9.0.1/armtools/bin/../lib/gcc/arm-atollic-eabi/6.3.1/../../../../arm-atollic-eabi/lib/armv7e-m/fpu\libc_nano.a(lib_a-lseekr.o)
 .debug_frame   0x000028e0       0x30 c:/program files (x86)/atollic/truestudio for stm32 9.0.1/armtools/bin/../lib/gcc/arm-atollic-eabi/6.3.1/../../../../arm-atollic-eabi/lib/armv7e-m/fpu\libc_nano.a(lib_a-mlock.o)
 .debug_frame   0x00002910       0x2c c:/program files (x86)/atollic/truestudio for stm32 9.0.1/armtools/bin/../lib/gcc/arm-atollic-eabi/6.3.1/../../../../arm-atollic-eabi/lib/armv7e-m/fpu\libc_nano.a(lib_a-readr.o)
 .debug_frame   0x0000293c       0x5c c:/program files (x86)/atollic/truestudio for stm32 9.0.1/armtools/bin/../lib/gcc/arm-atollic-eabi/6.3.1/../../../../arm-atollic-eabi/lib/armv7e-m/fpu\libc_nano.a(lib_a-reent.o)
