Archive member included to satisfy reference by file (symbol)

c:/program files (x86)/atollic/truestudio for stm32 9.0.1/armtools/bin/../lib/gcc/arm-atollic-eabi/6.3.1/../../../../arm-atollic-eabi/lib/armv7e-m/fpu\libc.a(lib_a-errno.o)
                              Src\syscalls.o (__errno)
c:/program files (x86)/atollic/truestudio for stm32 9.0.1/armtools/bin/../lib/gcc/arm-atollic-eabi/6.3.1/../../../../arm-atollic-eabi/lib/armv7e-m/fpu\libc.a(lib_a-impure.o)
                              Src\main.o (_impure_ptr)
c:/program files (x86)/atollic/truestudio for stm32 9.0.1/armtools/bin/../lib/gcc/arm-atollic-eabi/6.3.1/../../../../arm-atollic-eabi/lib/armv7e-m/fpu\libc.a(lib_a-init.o)
                              startup\startup_stm32f303x8.o (__libc_init_array)
c:/program files (x86)/atollic/truestudio for stm32 9.0.1/armtools/bin/../lib/gcc/arm-atollic-eabi/6.3.1/../../../../arm-atollic-eabi/lib/armv7e-m/fpu\libc.a(lib_a-memset.o)
                              Src\main.o (memset)
c:/program files (x86)/atollic/truestudio for stm32 9.0.1/armtools/bin/../lib/gcc/arm-atollic-eabi/6.3.1/../../../../arm-atollic-eabi/lib/armv7e-m/fpu\libc.a(lib_a-printf.o)
                              Inc\CAN\CAN.o (printf)
c:/program files (x86)/atollic/truestudio for stm32 9.0.1/armtools/bin/../lib/gcc/arm-atollic-eabi/6.3.1/../../../../arm-atollic-eabi/lib/armv7e-m/fpu\libc.a(lib_a-setbuf.o)
                              Src\main.o (setbuf)
c:/program files (x86)/atollic/truestudio for stm32 9.0.1/armtools/bin/../lib/gcc/arm-atollic-eabi/6.3.1/../../../../arm-atollic-eabi/lib/armv7e-m/fpu\libc.a(lib_a-setvbuf.o)
                              c:/program files (x86)/atollic/truestudio for stm32 9.0.1/armtools/bin/../lib/gcc/arm-atollic-eabi/6.3.1/../../../../arm-atollic-eabi/lib/armv7e-m/fpu\libc.a(lib_a-setbuf.o) (setvbuf)
c:/program files (x86)/atollic/truestudio for stm32 9.0.1/armtools/bin/../lib/gcc/arm-atollic-eabi/6.3.1/../../../../arm-atollic-eabi/lib/armv7e-m/fpu\libc.a(lib_a-vfprintf.o)
                              c:/program files (x86)/atollic/truestudio for stm32 9.0.1/armtools/bin/../lib/gcc/arm-atollic-eabi/6.3.1/../../../../arm-atollic-eabi/lib/armv7e-m/fpu\libc.a(lib_a-printf.o) (_vfprintf_r)
c:/program files (x86)/atollic/truestudio for stm32 9.0.1/armtools/bin/../lib/gcc/arm-atollic-eabi/6.3.1/../../../../arm-atollic-eabi/lib/armv7e-m/fpu\libc.a(lib_a-wsetup.o)
                              c:/program files (x86)/atollic/truestudio for stm32 9.0.1/armtools/bin/../lib/gcc/arm-atollic-eabi/6.3.1/../../../../arm-atollic-eabi/lib/armv7e-m/fpu\libc.a(lib_a-vfprintf.o) (__swsetup_r)
c:/program files (x86)/atollic/truestudio for stm32 9.0.1/armtools/bin/../lib/gcc/arm-atollic-eabi/6.3.1/../../../../arm-atollic-eabi/lib/armv7e-m/fpu\libc.a(lib_a-dtoa.o)
                              c:/program files (x86)/atollic/truestudio for stm32 9.0.1/armtools/bin/../lib/gcc/arm-atollic-eabi/6.3.1/../../../../arm-atollic-eabi/lib/armv7e-m/fpu\libc.a(lib_a-vfprintf.o) (_dtoa_r)
c:/program files (x86)/atollic/truestudio for stm32 9.0.1/armtools/bin/../lib/gcc/arm-atollic-eabi/6.3.1/../../../../arm-atollic-eabi/lib/armv7e-m/fpu\libc.a(lib_a-fflush.o)
                              c:/program files (x86)/atollic/truestudio for stm32 9.0.1/armtools/bin/../lib/gcc/arm-atollic-eabi/6.3.1/../../../../arm-atollic-eabi/lib/armv7e-m/fpu\libc.a(lib_a-setvbuf.o) (_fflush_r)
c:/program files (x86)/atollic/truestudio for stm32 9.0.1/armtools/bin/../lib/gcc/arm-atollic-eabi/6.3.1/../../../../arm-atollic-eabi/lib/armv7e-m/fpu\libc.a(lib_a-findfp.o)
                              c:/program files (x86)/atollic/truestudio for stm32 9.0.1/armtools/bin/../lib/gcc/arm-atollic-eabi/6.3.1/../../../../arm-atollic-eabi/lib/armv7e-m/fpu\libc.a(lib_a-printf.o) (__sinit)
c:/program files (x86)/atollic/truestudio for stm32 9.0.1/armtools/bin/../lib/gcc/arm-atollic-eabi/6.3.1/../../../../arm-atollic-eabi/lib/armv7e-m/fpu\libc.a(lib_a-freer.o)
                              c:/program files (x86)/atollic/truestudio for stm32 9.0.1/armtools/bin/../lib/gcc/arm-atollic-eabi/6.3.1/../../../../arm-atollic-eabi/lib/armv7e-m/fpu\libc.a(lib_a-setvbuf.o) (_free_r)
c:/program files (x86)/atollic/truestudio for stm32 9.0.1/armtools/bin/../lib/gcc/arm-atollic-eabi/6.3.1/../../../../arm-atollic-eabi/lib/armv7e-m/fpu\libc.a(lib_a-fwalk.o)
                              c:/program files (x86)/atollic/truestudio for stm32 9.0.1/armtools/bin/../lib/gcc/arm-atollic-eabi/6.3.1/../../../../arm-atollic-eabi/lib/armv7e-m/fpu\libc.a(lib_a-findfp.o) (_fwalk)
c:/program files (x86)/atollic/truestudio for stm32 9.0.1/armtools/bin/../lib/gcc/arm-atollic-eabi/6.3.1/../../../../arm-atollic-eabi/lib/armv7e-m/fpu\libc.a(lib_a-localeconv.o)
                              c:/program files (x86)/atollic/truestudio for stm32 9.0.1/armtools/bin/../lib/gcc/arm-atollic-eabi/6.3.1/../../../../arm-atollic-eabi/lib/armv7e-m/fpu\libc.a(lib_a-vfprintf.o) (_localeconv_r)
[...]
Memory Configuration

Name             Origin             Length             Attributes
RAM              0x20000000         0x00003000         xrw
CCMRAM           0x10000000         0x00001000         rw
FLASH            0x08000000         0x00010000         xr
*default*        0x00000000         0xffffffff

Linker script and memory map

LOAD c:/program files (x86)/atollic/truestudio for stm32 9.0.1/armtools/bin/../lib/gcc/arm-atollic-eabi/6.3.1/armv7e-m/fpu/crti.o
LOAD c:/program files (x86)/atollic/truestudio for stm32 9.0.1/armtools/bin/../lib/gcc/arm-atollic-eabi/6.3.1/armv7e-m/fpu/crtbegin.o
LOAD Drivers\STM32F3xx_HAL_Driver\Src\stm32f3xx_hal.o
LOAD Drivers\STM32F3xx_HAL_Driver\Src\stm32f3xx_hal_can.o
LOAD Drivers\STM32F3xx_HAL_Driver\Src\stm32f3xx_hal_cortex.o
LOAD Drivers\STM32F3xx_HAL_Driver\Src\stm32f3xx_hal_dma.o
LOAD Drivers\STM32F3xx_HAL_Driver\Src\stm32f3xx_hal_flash.o
LOAD Drivers\STM32F3xx_HAL_Driver\Src\stm32f3xx_hal_flash_ex.o
LOAD Drivers\STM32F3xx_HAL_Driver\Src\stm32f3xx_hal_gpio.o
LOAD Drivers\STM32F3xx_HAL_Driver\Src\stm32f3xx_hal_i2c.o
LOAD Drivers\STM32F3xx_HAL_Driver\Src\stm32f3xx_hal_i2c_ex.o
LOAD Drivers\STM32F3xx_HAL_Driver\Src\stm32f3xx_hal_pwr.o
LOAD Drivers\STM32F3xx_HAL_Driver\Src\stm32f3xx_hal_pwr_ex.o
LOAD Drivers\STM32F3xx_HAL_Driver\Src\stm32f3xx_hal_rcc.o
LOAD Drivers\STM32F3xx_HAL_Driver\Src\stm32f3xx_hal_rcc_ex.o
LOAD Drivers\STM32F3xx_HAL_Driver\Src\stm32f3xx_hal_tim.o
LOAD Drivers\STM32F3xx_HAL_Driver\Src\stm32f3xx_hal_tim_ex.o
LOAD Drivers\STM32F3xx_HAL_Driver\Src\stm32f3xx_hal_uart.o
LOAD Drivers\STM32F3xx_HAL_Driver\Src\stm32f3xx_hal_uart_ex.o
LOAD Inc\Application\Application.o
LOAD Inc\CAN\CAN.o
LOAD Inc\Servo\Servo.o
LOAD Src\can.o
LOAD Src\gpio.o
LOAD Src\main.o
LOAD Src\scanf.o
LOAD Src\stm32f3xx_hal_msp.o
LOAD Src\stm32f3xx_it.o
LOAD Src\syscalls.o
LOAD Src\system_stm32f3xx.o
LOAD Src\tim.o
LOAD Src\usart.o
LOAD startup\startup_stm32f303x8.o
                0x00001000                malloc_getpagesize_P = 0x1000
START GROUP
LOAD c:/program files (x86)/atollic/truestudio for stm32 9.0.1/armtools/bin/../lib/gcc/arm-atollic-eabi/6.3.1/../../../../arm-atollic-eabi/lib/armv7e-m/fpu\libstdc++.a
LOAD c:/program files (x86)/atollic/truestudio for stm32 9.0.1/armtools/bin/../lib/gcc/arm-atollic-eabi/6.3.1/../../../../arm-atollic-eabi/lib/armv7e-m/fpu\libsupc++.a
END GROUP
LOAD c:/program files (x86)/atollic/truestudio for stm32 9.0.1/armtools/bin/../lib/gcc/arm-atollic-eabi/6.3.1/../../../../arm-atollic-eabi/lib/armv7e-m/fpu\libstdc++.a
LOAD c:/program files (x86)/atollic/truestudio for stm32 9.0.1/armtools/bin/../lib/gcc/arm-atollic-eabi/6.3.1/../../../../arm-atollic-eabi/lib/armv7e-m/fpu\libm.a
LOAD c:/program files (x86)/atollic/truestudio for stm32 9.0.1/armtools/bin/../lib/gcc/arm-atollic-eabi/6.3.1/../../../../arm-atollic-eabi/lib/armv7e-m/fpu\libc.a
START GROUP
LOAD c:/program files (x86)/atollic/truestudio for stm32 9.0.1/armtools/bin/../lib/gcc/arm-atollic-eabi/6.3.1/armv7e-m/fpu\libgcc.a
LOAD c:/program files (x86)/atollic/truestudio for stm32 9.0.1/armtools/bin/../lib/gcc/arm-atollic-eabi/6.3.1/../../../../arm-atollic-eabi/lib/armv7e-m/fpu\libc.a
END GROUP
START GROUP
LOAD c:/program files (x86)/atollic/truestudio for stm32 9.0.1/armtools/bin/../lib/gcc/arm-atollic-eabi/6.3.1/armv7e-m/fpu\libgcc.a
LOAD c:/program files (x86)/atollic/truestudio for stm32 9.0.1/armtools/bin/../lib/gcc/arm-atollic-eabi/6.3.1/../../../../arm-atollic-eabi/lib/armv7e-m/fpu\libc.a
LOAD c:/program files (x86)/atollic/truestudio for stm32 9.0.1/armtools/bin/../lib/gcc/arm-atollic-eabi/6.3.1/../../../../arm-atollic-eabi/lib/armv7e-m/fpu\libnosys.a
END GROUP
LOAD c:/program files (x86)/atollic/truestudio for stm32 9.0.1/armtools/bin/../lib/gcc/arm-atollic-eabi/6.3.1/armv7e-m/fpu/crtend.o
LOAD c:/program files (x86)/atollic/truestudio for stm32 9.0.1/armtools/bin/../lib/gcc/arm-atollic-eabi/6.3.1/armv7e-m/fpu/crtn.o
                0x20003000                _estack = 0x20003000
                0x00000200                _Min_Heap_Size = 0x200
                0x00000400                _Min_Stack_Size = 0x400

.isr_vector     0x08000000      0x188
                0x08000000                . = ALIGN (0x4)
 *(.isr_vector)
 .isr_vector    0x08000000      0x188 startup\startup_stm32f303x8.o
                0x08000000                g_pfnVectors
                0x08000188                . = ALIGN (0x4)

.text           0x08000190     0x8754
                0x08000190                . = ALIGN (0x4)
 *(.text)
 .text          0x08000190       0x40 c:/program files (x86)/atollic/truestudio for stm32 9.0.1/armtools/bin/../lib/gcc/arm-atollic-eabi/6.3.1/armv7e-m/fpu/crtbegin.o
 .text          0x080001d0       0xa0 c:/program files (x86)/atollic/truestudio for stm32 9.0.1/armtools/bin/../lib/gcc/arm-atollic-eabi/6.3.1/../../../../arm-atollic-eabi/lib/armv7e-m/fpu\libc.a(lib_a-memchr.o)
                0x080001d0                memchr
 .text          0x08000270       0x10 c:/program files (x86)/atollic/truestudio for stm32 9.0.1/armtools/bin/../lib/gcc/arm-atollic-eabi/6.3.1/../../../../arm-atollic-eabi/lib/armv7e-m/fpu\libc.a(lib_a-strlen.o)
                0x08000270                strlen
 .text          0x08000280      0x370 c:/program files (x86)/atollic/truestudio for stm32 9.0.1/armtools/bin/../lib/gcc/arm-atollic-eabi/6.3.1/armv7e-m/fpu\libgcc.a(_arm_addsubdf3.o)
                0x08000280                __aeabi_drsub
                0x08000288                __aeabi_dsub
                0x08000288                __subdf3
                0x0800028c                __aeabi_dadd
                0x0800028c                __adddf3
                0x08000504                __floatunsidf
                0x08000504                __aeabi_ui2d
                0x08000524                __floatsidf
                0x08000524                __aeabi_i2d
                0x08000548                __aeabi_f2d
                0x08000548                __extendsfdf2
                0x08000584                __floatundidf
                0x08000584                __aeabi_ul2d
                0x08000594                __floatdidf
                0x08000594                __aeabi_l2d
 .text          0x080005f0      0x424 c:/program files (x86)/atollic/truestudio for stm32 9.0.1/armtools/bin/../lib/gcc/arm-atollic-eabi/6.3.1/armv7e-m/fpu\libgcc.a(_arm_muldivdf3.o)
                0x080005f0                __aeabi_dmul
                0x080005f0                __muldf3
                0x08000844                __divdf3
                0x08000844                __aeabi_ddiv
 .text          0x08000a14      0x110 c:/program files (x86)/atollic/truestudio for stm32 9.0.1/armtools/bin/../lib/gcc/arm-atollic-eabi/6.3.1/armv7e-m/fpu\libgcc.a(_arm_cmpdf2.o)
                0x08000a14                __gtdf2
                0x08000a14                __gedf2
                0x08000a1c                __ltdf2
                0x08000a1c                __ledf2
                0x08000a24                __nedf2
                0x08000a24                __eqdf2
                0x08000a24                __cmpdf2
                0x08000aa0                __aeabi_cdrcmple
                0x08000ab0                __aeabi_cdcmpeq
                0x08000ab0                __aeabi_cdcmple
                0x08000ac0                __aeabi_dcmpeq
                0x08000ad4                __aeabi_dcmplt
                0x08000ae8                __aeabi_dcmple
                0x08000afc                __aeabi_dcmpge
                0x08000b10                __aeabi_dcmpgt
 .text          0x08000b24       0x2c c:/program files (x86)/atollic/truestudio for stm32 9.0.1/armtools/bin/../lib/gcc/arm-atollic-eabi/6.3.1/armv7e-m/fpu\libgcc.a(_arm_unorddf2.o)
                0x08000b24                __unorddf2
                0x08000b24                __aeabi_dcmpun
 .text          0x08000b50       0x50 c:/program files (x86)/atollic/truestudio for stm32 9.0.1/armtools/bin/../lib/gcc/arm-atollic-eabi/6.3.1/armv7e-m/fpu\libgcc.a(_arm_fixdfsi.o)
                0x08000b50                __aeabi_d2iz
                0x08000b50                __fixdfsi
 .text          0x08000ba0       0x30 c:/program files (x86)/atollic/truestudio for stm32 9.0.1/armtools/bin/../lib/gcc/arm-atollic-eabi/6.3.1/armv7e-m/fpu\libgcc.a(_aeabi_uldivmod.o)
                0x08000ba0                __aeabi_uldivmod
 .text          0x08000bd0      0x2dc c:/program files (x86)/atollic/truestudio for stm32 9.0.1/armtools/bin/../lib/gcc/arm-atollic-eabi/6.3.1/armv7e-m/fpu\libgcc.a(_udivmoddi4.o)
                0x08000bd0                __udivmoddi4
 .text          0x08000eac      0x9cc c:/program files (x86)/atollic/truestudio for stm32 9.0.1/armtools/bin/../lib/gcc/arm-atollic-eabi/6.3.1/armv7e-m/fpu\libgcc.a(unwind-arm.o)
                0x0800116c                _Unwind_GetCFA
                0x08001170                __gnu_Unwind_RaiseException
                0x080011d0                __gnu_Unwind_ForcedUnwind
                0x080011e4                __gnu_Unwind_Resume
                0x08001228                __gnu_Unwind_Resume_or_Rethrow
                0x08001238                _Unwind_Complete
                0x0800123c                _Unwind_DeleteException
                0x08001248                _Unwind_VRS_Get
                0x08001294                _Unwind_VRS_Set
                0x080012e4                __gnu_Unwind_Backtrace
                0x08001624                __aeabi_unwind_cpp_pr0
                0x08001628                __aeabi_unwind_cpp_pr1
                0x0800162c                __aeabi_unwind_cpp_pr2
                0x08001630                _Unwind_VRS_Pop
 .text          0x08001878      0x1ac c:/program files (x86)/atollic/truestudio for stm32 9.0.1/armtools/bin/../lib/gcc/arm-atollic-eabi/6.3.1/armv7e-m/fpu\libgcc.a(libunwind.o)
                0x08001878                __restore_core_regs
                0x08001878                restore_core_regs
                0x08001890                __gnu_Unwind_Restore_VFP
                0x08001898                __gnu_Unwind_Save_VFP
                0x080018a0                __gnu_Unwind_Restore_VFP_D
                0x080018a8                __gnu_Unwind_Save_VFP_D
                0x080018b0                __gnu_Unwind_Restore_VFP_D_16_to_31
                0x080018b8                __gnu_Unwind_Save_VFP_D_16_to_31
                0x080018c0                __gnu_Unwind_Restore_WMMXD
                0x08001904                __gnu_Unwind_Save_WMMXD
                0x08001948                __gnu_Unwind_Restore_WMMXC
                0x0800195c                __gnu_Unwind_Save_WMMXC
                0x08001970                ___Unwind_RaiseException
                0x08001970                _Unwind_RaiseException
                0x08001994                _Unwind_Resume
                0x08001994                ___Unwind_Resume
                0x080019b8                _Unwind_Resume_or_Rethrow
                0x080019b8                ___Unwind_Resume_or_Rethrow
                0x080019dc                _Unwind_ForcedUnwind
                0x080019dc                ___Unwind_ForcedUnwind
                0x08001a00                ___Unwind_Backtrace
                0x08001a00                _Unwind_Backtrace
 .text          0x08001a24      0x380 c:/program files (x86)/atollic/truestudio for stm32 9.0.1/armtools/bin/../lib/gcc/arm-atollic-eabi/6.3.1/armv7e-m/fpu\libgcc.a(pr-support.o)
                0x08001a7c                __gnu_unwind_execute
                0x08001d4c                __gnu_unwind_frame
                0x08001d74                _Unwind_GetRegionStart
                0x08001d80                _Unwind_GetLanguageSpecificData
                0x08001d94                _Unwind_GetTextRelBase
                0x08001d9c                _Unwind_GetDataRelBase
 .text          0x08001da4        0x4 c:/program files (x86)/atollic/truestudio for stm32 9.0.1/armtools/bin/../lib/gcc/arm-atollic-eabi/6.3.1/armv7e-m/fpu\libgcc.a(_dvmd_tls.o)
                0x08001da4                __aeabi_idiv0
                0x08001da4                __aeabi_ldiv0
 *(.text*)
 .text.HAL_InitTick
                0x08001da8       0x48 Drivers\STM32F3xx_HAL_Driver\Src\stm32f3xx_hal.o
                0x08001da8                HAL_InitTick
 .text.HAL_Init
                0x08001df0       0x24 Drivers\STM32F3xx_HAL_Driver\Src\stm32f3xx_hal.o
                0x08001df0                HAL_Init
 .text.HAL_IncTick
                0x08001e14       0x18 Drivers\STM32F3xx_HAL_Driver\Src\stm32f3xx_hal.o
                0x08001e14                HAL_IncTick
 .text.HAL_GetTick
                0x08001e2c        0xc Drivers\STM32F3xx_HAL_Driver\Src\stm32f3xx_hal.o
                0x08001e2c                HAL_GetTick
 .text.HAL_Delay
                0x08001e38       0x24 Drivers\STM32F3xx_HAL_Driver\Src\stm32f3xx_hal.o
                0x08001e38                HAL_Delay
 .text.HAL_CAN_Init
                0x08001e5c      0x104 Drivers\STM32F3xx_HAL_Driver\Src\stm32f3xx_hal_can.o
                0x08001e5c                HAL_CAN_Init
 .text.HAL_CAN_ConfigFilter
                0x08001f60      0x100 Drivers\STM32F3xx_HAL_Driver\Src\stm32f3xx_hal_can.o
                0x08001f60                HAL_CAN_ConfigFilter
 .text.HAL_CAN_Start
                0x08002060       0x5c Drivers\STM32F3xx_HAL_Driver\Src\stm32f3xx_hal_can.o
                0x08002060                HAL_CAN_Start
 .text.HAL_CAN_GetRxMessage
                0x080020bc      0x104 Drivers\STM32F3xx_HAL_Driver\Src\stm32f3xx_hal_can.o
                0x080020bc                HAL_CAN_GetRxMessage
 .text.HAL_CAN_ActivateNotification
                0x080021c0       0x24 Drivers\STM32F3xx_HAL_Driver\Src\stm32f3xx_hal_can.o
                0x080021c0                HAL_CAN_ActivateNotification
 .text.HAL_CAN_TxMailbox0CompleteCallback
                0x080021e4        0x4 Drivers\STM32F3xx_HAL_Driver\Src\stm32f3xx_hal_can.o
                0x080021e4                HAL_CAN_TxMailbox0CompleteCallback
 .text.HAL_CAN_TxMailbox1CompleteCallback
                0x080021e8        0x4 Drivers\STM32F3xx_HAL_Driver\Src\stm32f3xx_hal_can.o
                0x080021e8                HAL_CAN_TxMailbox1CompleteCallback
 .text.HAL_CAN_TxMailbox2CompleteCallback
                0x080021ec        0x4 Drivers\STM32F3xx_HAL_Driver\Src\stm32f3xx_hal_can.o
                0x080021ec                HAL_CAN_TxMailbox2CompleteCallback
 .text.HAL_CAN_TxMailbox0AbortCallback
                0x080021f0        0x4 Drivers\STM32F3xx_HAL_Driver\Src\stm32f3xx_hal_can.o
                0x080021f0                HAL_CAN_TxMailbox0AbortCallback
 .text.HAL_CAN_TxMailbox1AbortCallback
                0x080021f4        0x4 Drivers\STM32F3xx_HAL_Driver\Src\stm32f3xx_hal_can.o
                0x080021f4                HAL_CAN_TxMailbox1AbortCallback
 .text.HAL_CAN_TxMailbox2AbortCallback
                0x080021f8        0x4 Drivers\STM32F3xx_HAL_Driver\Src\stm32f3xx_hal_can.o
                0x080021f8                HAL_CAN_TxMailbox2AbortCallback
 .text.HAL_CAN_RxFifo0FullCallback
                0x080021fc        0x4 Drivers\STM32F3xx_HAL_Driver\Src\stm32f3xx_hal_can.o
                0x080021fc                HAL_CAN_RxFifo0FullCallback
 .text.HAL_CAN_RxFifo1MsgPendingCallback
                0x08002200        0x4 Drivers\STM32F3xx_HAL_Driver\Src\stm32f3xx_hal_can.o
                0x08002200                HAL_CAN_RxFifo1MsgPendingCallback
 .text.HAL_CAN_RxFifo1FullCallback
                0x08002204        0x4 Drivers\STM32F3xx_HAL_Driver\Src\stm32f3xx_hal_can.o
                0x08002204                HAL_CAN_RxFifo1FullCallback
 .text.HAL_CAN_SleepCallback
                0x08002208        0x4 Drivers\STM32F3xx_HAL_Driver\Src\stm32f3xx_hal_can.o
                0x08002208                HAL_CAN_SleepCallback
 .text.HAL_CAN_WakeUpFromRxMsgCallback
                0x0800220c        0x4 Drivers\STM32F3xx_HAL_Driver\Src\stm32f3xx_hal_can.o
                0x0800220c                HAL_CAN_WakeUpFromRxMsgCallback
 .text.HAL_CAN_ErrorCallback
                0x08002210        0x4 Drivers\STM32F3xx_HAL_Driver\Src\stm32f3xx_hal_can.o
                0x08002210                HAL_CAN_ErrorCallback
 .text.HAL_CAN_IRQHandler
                0x08002214      0x254 Drivers\STM32F3xx_HAL_Driver\Src\stm32f3xx_hal_can.o
                0x08002214                HAL_CAN_IRQHandler
 .text.HAL_NVIC_SetPriorityGrouping
                0x08002468       0x24 Drivers\STM32F3xx_HAL_Driver\Src\stm32f3xx_hal_cortex.o
                0x08002468                HAL_NVIC_SetPriorityGrouping
 .text.HAL_NVIC_SetPriority
                0x0800248c       0x6c Drivers\STM32F3xx_HAL_Driver\Src\stm32f3xx_hal_cortex.o
                0x0800248c                HAL_NVIC_SetPriority
 .text.HAL_NVIC_EnableIRQ
                0x080024f8       0x18 Drivers\STM32F3xx_HAL_Driver\Src\stm32f3xx_hal_cortex.o
                0x080024f8                HAL_NVIC_EnableIRQ
 .text.HAL_SYSTICK_Config
                0x08002510       0x34 Drivers\STM32F3xx_HAL_Driver\Src\stm32f3xx_hal_cortex.o
                0x08002510                HAL_SYSTICK_Config
 .text.HAL_GPIO_Init
                0x08002544      0x1d4 Drivers\STM32F3xx_HAL_Driver\Src\stm32f3xx_hal_gpio.o
                0x08002544                HAL_GPIO_Init
 .text.HAL_GPIO_WritePin
                0x08002718        0xc Drivers\STM32F3xx_HAL_Driver\Src\stm32f3xx_hal_gpio.o
                0x08002718                HAL_GPIO_WritePin
 .text.HAL_GPIO_TogglePin
                0x08002724        0x8 Drivers\STM32F3xx_HAL_Driver\Src\stm32f3xx_hal_gpio.o
                0x08002724                HAL_GPIO_TogglePin
 .text.HAL_RCC_OscConfig
                0x0800272c      0x5a4 Drivers\STM32F3xx_HAL_Driver\Src\stm32f3xx_hal_rcc.o
                0x0800272c                HAL_RCC_OscConfig
 .text.HAL_RCC_ClockConfig
                0x08002cd0      0x1b8 Drivers\STM32F3xx_HAL_Driver\Src\stm32f3xx_hal_rcc.o
                0x08002cd0                HAL_RCC_ClockConfig
 .text.HAL_RCC_GetSysClockFreq
                0x08002e88       0x68 Drivers\STM32F3xx_HAL_Driver\Src\stm32f3xx_hal_rcc.o
                0x08002e88                HAL_RCC_GetSysClockFreq
 .text.HAL_RCC_GetPCLK1Freq
                0x08002ef0       0x30 Drivers\STM32F3xx_HAL_Driver\Src\stm32f3xx_hal_rcc.o
                0x08002ef0                HAL_RCC_GetPCLK1Freq
 .text.HAL_RCC_GetPCLK2Freq
                0x08002f20       0x30 Drivers\STM32F3xx_HAL_Driver\Src\stm32f3xx_hal_rcc.o
                0x08002f20                HAL_RCC_GetPCLK2Freq
 .text.HAL_RCCEx_PeriphCLKConfig
                0x08002f50      0x174 Drivers\STM32F3xx_HAL_Driver\Src\stm32f3xx_hal_rcc_ex.o
                0x08002f50                HAL_RCCEx_PeriphCLKConfig
 .text.HAL_TIM_PWM_Init
                0x080030c4       0xe0 Drivers\STM32F3xx_HAL_Driver\Src\stm32f3xx_hal_tim.o
                0x080030c4                HAL_TIM_PWM_Init
 .text.HAL_TIM_PWM_Start
                0x080031a4       0x58 Drivers\STM32F3xx_HAL_Driver\Src\stm32f3xx_hal_tim.o
                0x080031a4                HAL_TIM_PWM_Start
 .text.TIM_OC1_SetConfig
                0x080031fc       0x74 Drivers\STM32F3xx_HAL_Driver\Src\stm32f3xx_hal_tim.o
                0x080031fc                TIM_OC1_SetConfig
 .text.TIM_OC2_SetConfig
                0x08003270       0x7c Drivers\STM32F3xx_HAL_Driver\Src\stm32f3xx_hal_tim.o
                0x08003270                TIM_OC2_SetConfig
 .text.TIM_OC3_SetConfig
                0x080032ec       0x7c Drivers\STM32F3xx_HAL_Driver\Src\stm32f3xx_hal_tim.o
                0x080032ec                TIM_OC3_SetConfig
 .text.TIM_OC4_SetConfig
                0x08003368       0x64 Drivers\STM32F3xx_HAL_Driver\Src\stm32f3xx_hal_tim.o
                0x08003368                TIM_OC4_SetConfig
 .text.HAL_TIM_PWM_ConfigChannel
                0x080033cc      0x1dc Drivers\STM32F3xx_HAL_Driver\Src\stm32f3xx_hal_tim_ex.o
                0x080033cc                HAL_TIM_PWM_ConfigChannel
 .text.HAL_TIMEx_MasterConfigSynchronization
                0x080035a8       0x4c Drivers\STM32F3xx_HAL_Driver\Src\stm32f3xx_hal_tim_ex.o
                0x080035a8                HAL_TIMEx_MasterConfigSynchronization
 .text.HAL_TIMEx_ConfigBreakDeadTime
                0x080035f4       0x80 Drivers\STM32F3xx_HAL_Driver\Src\stm32f3xx_hal_tim_ex.o
                0x080035f4                HAL_TIMEx_ConfigBreakDeadTime
 .text.HAL_UART_Transmit
                0x08003674       0xf0 Drivers\STM32F3xx_HAL_Driver\Src\stm32f3xx_hal_uart.o
                0x08003674                HAL_UART_Transmit
 .text.HAL_UART_Receive
                0x08003764      0x12c Drivers\STM32F3xx_HAL_Driver\Src\stm32f3xx_hal_uart.o
                0x08003764                HAL_UART_Receive
 .text.UART_AdvFeatureConfig
                0x08003890       0xb0 Drivers\STM32F3xx_HAL_Driver\Src\stm32f3xx_hal_uart.o
                0x08003890                UART_AdvFeatureConfig
 .text.HAL_UART_Init
                0x08003940      0x258 Drivers\STM32F3xx_HAL_Driver\Src\stm32f3xx_hal_uart.o
                0x08003940                HAL_UART_Init
 .text._ZN3App11RestoreDataEv
                0x08003b98       0x50 Inc\Application\Application.o
                0x08003b98                App::RestoreData()
 .text._ZN3App7SetDutyEf
                0x08003be8       0xd4 Inc\Application\Application.o
                0x08003be8                App::SetDuty(float)
 .text._ZN3App9TaskShiftEv
                0x08003cbc       0x54 Inc\Application\Application.o
                0x08003cbc                App::TaskShift()
 .text._Z12FilterConfigv
                0x08003d10       0x6c Inc\CAN\CAN.o
                0x08003d10                FilterConfig()
 .text.HAL_CAN_RxFifo0MsgPendingCallback
                0x08003d7c       0x3c Inc\CAN\CAN.o
                0x08003d7c                HAL_CAN_RxFifo0MsgPendingCallback
 .text._ZN5Servo3mapEfllll
                0x08003db8       0x6a Inc\Servo\Servo.o
                0x08003db8                Servo::map(float, long, long, long, long)
 .text._ZN5Servo7setDutyEf
                0x08003e22      0x106 Inc\Servo\Servo.o
                0x08003e22                Servo::setDuty(float)
 .text._ZN5Servo5BeginEv
                0x08003f28       0x20 Inc\Servo\Servo.o
                0x08003f28                Servo::Begin()
 .text.MX_CAN_Init
                0x08003f48       0x48 Src\can.o
                0x08003f48                MX_CAN_Init
 .text.HAL_CAN_MspInit
                0x08003f90       0x98 Src\can.o
                0x08003f90                HAL_CAN_MspInit
 .text.MX_GPIO_Init
                0x08004028       0x74 Src\gpio.o
                0x08004028                MX_GPIO_Init
 .text._ZN5ServoC2EP17TIM_HandleTypeDefP12GPIO_TypeDeftj
                0x0800409c       0x34 Src\main.o
                0x0800409c                Servo::Servo(TIM_HandleTypeDef*, GPIO_TypeDef*, unsigned short, unsigned int)
                0x0800409c                Servo::Servo(TIM_HandleTypeDef*, GPIO_TypeDef*, unsigned short, unsigned int)
 .text._ZN6CanBusC2Emm
                0x080040d0       0x54 Src\main.o
                0x080040d0                CanBus::CanBus(unsigned long, unsigned long)
                0x080040d0                CanBus::CanBus(unsigned long, unsigned long)
 .text._ZN21LowlayerHandelTypedefC2Ev
                0x08004124       0xd8 Src\main.o
                0x08004124                LowlayerHandelTypedef::LowlayerHandelTypedef()
                0x08004124                LowlayerHandelTypedef::LowlayerHandelTypedef()
 .text._ZN3AppC2EP21LowlayerHandelTypedef
                0x080041fc       0x2c Src\main.o
                0x080041fc                App::App(LowlayerHandelTypedef*)
                0x080041fc                App::App(LowlayerHandelTypedef*)
 .text.main     0x08004228       0xbc Src\main.o
                0x08004228                main
 .text._Z18SystemClock_Configv
                0x080042e4       0xd8 Src\main.o
                0x080042e4                SystemClock_Config()
 .text.Error_Handler
                0x080043bc       0x18 Src\main.o
                0x080043bc                Error_Handler
 .text.__io_putchar
                0x080043d4       0x24 Src\scanf.o
                0x080043d4                __io_putchar
 .text.__io_getchar
                0x080043f8       0x58 Src\scanf.o
                0x080043f8                __io_getchar
 .text.HAL_MspInit
                0x08004450       0x30 Src\stm32f3xx_hal_msp.o
                0x08004450                HAL_MspInit
 .text.NMI_Handler
                0x08004480        0x4 Src\stm32f3xx_it.o
                0x08004480                NMI_Handler
 .text.HardFault_Handler
                0x08004484       0x1c Src\stm32f3xx_it.o
                0x08004484                HardFault_Handler
 .text.MemManage_Handler
                0x080044a0        0x4 Src\stm32f3xx_it.o
                0x080044a0                MemManage_Handler
 .text.BusFault_Handler
                0x080044a4        0x4 Src\stm32f3xx_it.o
                0x080044a4                BusFault_Handler
 .text.UsageFault_Handler
                0x080044a8        0x4 Src\stm32f3xx_it.o
                0x080044a8                UsageFault_Handler
 .text.SVC_Handler
                0x080044ac        0x4 Src\stm32f3xx_it.o
                0x080044ac                SVC_Handler
 .text.DebugMon_Handler
                0x080044b0        0x4 Src\stm32f3xx_it.o
                0x080044b0                DebugMon_Handler
 .text.PendSV_Handler
                0x080044b4        0x4 Src\stm32f3xx_it.o
                0x080044b4                PendSV_Handler
 .text.SysTick_Handler
                0x080044b8        0x4 Src\stm32f3xx_it.o
                0x080044b8                SysTick_Handler
 .text.CAN_RX0_IRQHandler
                0x080044bc        0xc Src\stm32f3xx_it.o
                0x080044bc                CAN_RX0_IRQHandler
 .text.CAN_RX1_IRQHandler
                0x080044c8        0xc Src\stm32f3xx_it.o
                0x080044c8                CAN_RX1_IRQHandler
 .text.CAN_SCE_IRQHandler
                0x080044d4        0xc Src\stm32f3xx_it.o
                0x080044d4                CAN_SCE_IRQHandler
 .text._getpid  0x080044e0        0x4 Src\syscalls.o
                0x080044e0                _getpid
 .text._kill    0x080044e4       0x10 Src\syscalls.o
                0x080044e4                _kill
 .text._exit    0x080044f4        0xc Src\syscalls.o
                0x080044f4                _exit
 .text._read    0x08004500       0x1c Src\syscalls.o
                0x08004500                _read
 .text._write   0x0800451c       0x1c Src\syscalls.o
                0x0800451c                _write
 .text._sbrk    0x08004538       0x34 Src\syscalls.o
                0x08004538                _sbrk
 .text._close   0x0800456c        0x8 Src\syscalls.o
                0x0800456c                _close
 .text._fstat   0x08004574        0xc Src\syscalls.o
                0x08004574                _fstat
 .text._isatty  0x08004580        0x4 Src\syscalls.o
                0x08004580                _isatty
 .text._lseek   0x08004584        0x4 Src\syscalls.o
                0x08004584                _lseek
 .text.SystemInit
                0x08004588       0x70 Src\system_stm32f3xx.o
                0x08004588                SystemInit
 .text.MX_TIM1_Init
                0x080045f8      0x1a4 Src\tim.o
                0x080045f8                MX_TIM1_Init
 .text.MX_TIM2_Init
                0x0800479c      0x134 Src\tim.o
                0x0800479c                MX_TIM2_Init
 .text.MX_TIM3_Init
                0x080048d0      0x16c Src\tim.o
                0x080048d0                MX_TIM3_Init
 .text.HAL_TIM_PWM_MspInit
                0x08004a3c       0x70 Src\tim.o
                0x08004a3c                HAL_TIM_PWM_MspInit
 .text.MX_USART2_UART_Init
                0x08004aac       0x3c Src\usart.o
                0x08004aac                MX_USART2_UART_Init
 .text.HAL_UART_MspInit
                0x08004ae8       0x6c Src\usart.o
                0x08004ae8                HAL_UART_MspInit
 .text.Reset_Handler
                0x08004b54       0x50 startup\startup_stm32f303x8.o
                0x08004b54                Reset_Handler
 .text.Default_Handler
                0x08004ba4        0x2 startup\startup_stm32f303x8.o
                0x08004ba4                RTC_Alarm_IRQHandler
                0x08004ba4                TIM1_CC_IRQHandler
                0x08004ba4                PVD_IRQHandler
                0x08004ba4                TAMP_STAMP_IRQHandler
                0x08004ba4                EXTI3_IRQHandler
                0x08004ba4                EXTI0_IRQHandler
                0x08004ba4                FPU_IRQHandler
                0x08004ba4                CAN_TX_IRQHandler
                0x08004ba4                TIM1_UP_TIM16_IRQHandler
                0x08004ba4                ADC1_2_IRQHandler
                0x08004ba4                SPI1_IRQHandler
                0x08004ba4                DMA1_Channel4_IRQHandler
                0x08004ba4                USART3_IRQHandler
                0x08004ba4                DMA1_Channel7_IRQHandler
                0x08004ba4                TIM7_DAC2_IRQHandler
                0x08004ba4                I2C1_EV_IRQHandler
                0x08004ba4                DMA1_Channel6_IRQHandler
                0x08004ba4                TIM3_IRQHandler
                0x08004ba4                RCC_IRQHandler
                0x08004ba4                DMA1_Channel1_IRQHandler
                0x08004ba4                Default_Handler
                0x08004ba4                EXTI15_10_IRQHandler
                0x08004ba4                COMP2_IRQHandler
                0x08004ba4                TIM6_DAC1_IRQHandler
                0x08004ba4                EXTI9_5_IRQHandler
                0x08004ba4                RTC_WKUP_IRQHandler
                0x08004ba4                DMA1_Channel5_IRQHandler
                0x08004ba4                EXTI4_IRQHandler
                0x08004ba4                TIM1_TRG_COM_TIM17_IRQHandler
                0x08004ba4                DMA1_Channel3_IRQHandler
                0x08004ba4                WWDG_IRQHandler
                0x08004ba4                TIM2_IRQHandler
                0x08004ba4                EXTI1_IRQHandler
                0x08004ba4                COMP4_6_IRQHandler
                0x08004ba4                USART2_IRQHandler
                0x08004ba4                DMA1_Channel2_IRQHandler
                0x08004ba4                FLASH_IRQHandler
                0x08004ba4                USART1_IRQHandler
                0x08004ba4                I2C1_ER_IRQHandler
                0x08004ba4                EXTI2_TSC_IRQHandler
                0x08004ba4                TIM1_BRK_TIM15_IRQHandler
 *fill*         0x08004ba6        0x2 
 .text.__errno  0x08004ba8        0xc c:/program files (x86)/atollic/truestudio for stm32 9.0.1/armtools/bin/../lib/gcc/arm-atollic-eabi/6.3.1/../../../../arm-atollic-eabi/lib/armv7e-m/fpu\libc.a(lib_a-errno.o)
                0x08004ba8                __errno
 .text.__libc_init_array
                0x08004bb4       0x48 c:/program files (x86)/atollic/truestudio for stm32 9.0.1/armtools/bin/../lib/gcc/arm-atollic-eabi/6.3.1/../../../../arm-atollic-eabi/lib/armv7e-m/fpu\libc.a(lib_a-init.o)
                0x08004bb4                __libc_init_array
 .text.memset   0x08004bfc       0x10 c:/program files (x86)/atollic/truestudio for stm32 9.0.1/armtools/bin/../lib/gcc/arm-atollic-eabi/6.3.1/../../../../arm-atollic-eabi/lib/armv7e-m/fpu\libc.a(lib_a-memset.o)
                0x08004bfc                memset
 .text.printf   0x08004c0c       0x30 c:/program files (x86)/atollic/truestudio for stm32 9.0.1/armtools/bin/../lib/gcc/arm-atollic-eabi/6.3.1/../../../../arm-atollic-eabi/lib/armv7e-m/fpu\libc.a(lib_a-printf.o)
                0x08004c0c                printf
 .text.setbuf   0x08004c3c       0x10 c:/program files (x86)/atollic/truestudio for stm32 9.0.1/armtools/bin/../lib/gcc/arm-atollic-eabi/6.3.1/../../../../arm-atollic-eabi/lib/armv7e-m/fpu\libc.a(lib_a-setbuf.o)
                0x08004c3c                setbuf
 .text.setvbuf  0x08004c4c      0x198 c:/program files (x86)/atollic/truestudio for stm32 9.0.1/armtools/bin/../lib/gcc/arm-atollic-eabi/6.3.1/../../../../arm-atollic-eabi/lib/armv7e-m/fpu\libc.a(lib_a-setvbuf.o)
                0x08004c4c                setvbuf
 *fill*         0x08004de4        0x4 
 .text._vfprintf_r
                0x08004de8     0x1078 c:/program files (x86)/atollic/truestudio for stm32 9.0.1/armtools/bin/../lib/gcc/arm-atollic-eabi/6.3.1/../../../../arm-atollic-eabi/lib/armv7e-m/fpu\libc.a(lib_a-vfprintf.o)
                0x08004de8                _vfprintf_r
 .text.__sbprintf
                0x08005e60       0x80 c:/program files (x86)/atollic/truestudio for stm32 9.0.1/armtools/bin/../lib/gcc/arm-atollic-eabi/6.3.1/../../../../arm-atollic-eabi/lib/armv7e-m/fpu\libc.a(lib_a-vfprintf.o)
 .text.__swsetup_r
                0x08005ee0       0xdc c:/program files (x86)/atollic/truestudio for stm32 9.0.1/armtools/bin/../lib/gcc/arm-atollic-eabi/6.3.1/../../../../arm-atollic-eabi/lib/armv7e-m/fpu\libc.a(lib_a-wsetup.o)
                0x08005ee0                __swsetup_r
 .text.quorem   0x08005fbc      0x118 c:/program files (x86)/atollic/truestudio for stm32 9.0.1/armtools/bin/../lib/gcc/arm-atollic-eabi/6.3.1/../../../../arm-atollic-eabi/lib/armv7e-m/fpu\libc.a(lib_a-dtoa.o)
 *fill*         0x080060d4        0x4 
 .text._dtoa_r  0x080060d8      0xb9c c:/program files (x86)/atollic/truestudio for stm32 9.0.1/armtools/bin/../lib/gcc/arm-atollic-eabi/6.3.1/../../../../arm-atollic-eabi/lib/armv7e-m/fpu\libc.a(lib_a-dtoa.o)
                0x080060d8                _dtoa_r
 .text.__sflush_r
                0x08006c74      0x124 c:/program files (x86)/atollic/truestudio for stm32 9.0.1/armtools/bin/../lib/gcc/arm-atollic-eabi/6.3.1/../../../../arm-atollic-eabi/lib/armv7e-m/fpu\libc.a(lib_a-fflush.o)
                0x08006c74                __sflush_r
 .text._fflush_r
                0x08006d98       0x78 c:/program files (x86)/atollic/truestudio for stm32 9.0.1/armtools/bin/../lib/gcc/arm-atollic-eabi/6.3.1/../../../../arm-atollic-eabi/lib/armv7e-m/fpu\libc.a(lib_a-fflush.o)
                0x08006d98                _fflush_r
 .text._cleanup_r
                0x08006e10        0xc c:/program files (x86)/atollic/truestudio for stm32 9.0.1/armtools/bin/../lib/gcc/arm-atollic-eabi/6.3.1/../../../../arm-atollic-eabi/lib/armv7e-m/fpu\libc.a(lib_a-findfp.o)
                0x08006e10                _cleanup_r
 .text.std.isra.0
                0x08006e1c       0x48 c:/program files (x86)/atollic/truestudio for stm32 9.0.1/armtools/bin/../lib/gcc/arm-atollic-eabi/6.3.1/../../../../arm-atollic-eabi/lib/armv7e-m/fpu\libc.a(lib_a-findfp.o)
 .text.__sfmoreglue
                0x08006e64       0x2c c:/program files (x86)/atollic/truestudio for stm32 9.0.1/armtools/bin/../lib/gcc/arm-atollic-eabi/6.3.1/../../../../arm-atollic-eabi/lib/armv7e-m/fpu\libc.a(lib_a-findfp.o)
                0x08006e64                __sfmoreglue
 .text.__sfp_lock_acquire
                0x08006e90        0xc c:/program files (x86)/atollic/truestudio for stm32 9.0.1/armtools/bin/../lib/gcc/arm-atollic-eabi/6.3.1/../../../../arm-atollic-eabi/lib/armv7e-m/fpu\libc.a(lib_a-findfp.o)
                0x08006e90                __sfp_lock_acquire
 .text.__sfp_lock_release
                0x08006e9c        0xc c:/program files (x86)/atollic/truestudio for stm32 9.0.1/armtools/bin/../lib/gcc/arm-atollic-eabi/6.3.1/../../../../arm-atollic-eabi/lib/armv7e-m/fpu\libc.a(lib_a-findfp.o)
                0x08006e9c                __sfp_lock_release
 .text.__sinit_lock_acquire
                0x08006ea8        0xc c:/program files (x86)/atollic/truestudio for stm32 9.0.1/armtools/bin/../lib/gcc/arm-atollic-eabi/6.3.1/../../../../arm-atollic-eabi/lib/armv7e-m/fpu\libc.a(lib_a-findfp.o)
                0x08006ea8                __sinit_lock_acquire
 .text.__sinit_lock_release
                0x08006eb4        0xc c:/program files (x86)/atollic/truestudio for stm32 9.0.1/armtools/bin/../lib/gcc/arm-atollic-eabi/6.3.1/../../../../arm-atollic-eabi/lib/armv7e-m/fpu\libc.a(lib_a-findfp.o)
                0x08006eb4                __sinit_lock_release
 .text.__sinit  0x08006ec0       0x74 c:/program files (x86)/atollic/truestudio for stm32 9.0.1/armtools/bin/../lib/gcc/arm-atollic-eabi/6.3.1/../../../../arm-atollic-eabi/lib/armv7e-m/fpu\libc.a(lib_a-findfp.o)
                0x08006ec0                __sinit
 .text.__sfp    0x08006f34       0x8c c:/program files (x86)/atollic/truestudio for stm32 9.0.1/armtools/bin/../lib/gcc/arm-atollic-eabi/6.3.1/../../../../arm-atollic-eabi/lib/armv7e-m/fpu\libc.a(lib_a-findfp.o)
                0x08006f34                __sfp
 .text._malloc_trim_r
                0x08006fc0       0xac c:/program files (x86)/atollic/truestudio for stm32 9.0.1/armtools/bin/../lib/gcc/arm-atollic-eabi/6.3.1/../../../../arm-atollic-eabi/lib/armv7e-m/fpu\libc.a(lib_a-freer.o)
                0x08006fc0                _malloc_trim_r
 .text._free_r  0x0800706c      0x178 c:/program files (x86)/atollic/truestudio for stm32 9.0.1/armtools/bin/../lib/gcc/arm-atollic-eabi/6.3.1/../../../../arm-atollic-eabi/lib/armv7e-m/fpu\libc.a(lib_a-freer.o)
                0x0800706c                _free_r
 .text._fwalk_reent
                0x080071e4       0x3c c:/program files (x86)/atollic/truestudio for stm32 9.0.1/armtools/bin/../lib/gcc/arm-atollic-eabi/6.3.1/../../../../arm-atollic-eabi/lib/armv7e-m/fpu\libc.a(lib_a-fwalk.o)
                0x080071e4                _fwalk_reent
 .text._localeconv_r
                0x08007220       0x1c c:/program files (x86)/atollic/truestudio for stm32 9.0.1/armtools/bin/../lib/gcc/arm-atollic-eabi/6.3.1/../../../../arm-atollic-eabi/lib/armv7e-m/fpu\libc.a(lib_a-localeconv.o)
                0x08007220                _localeconv_r
 .text.__retarget_lock_init_recursive
                0x0800723c        0x2 c:/program files (x86)/atollic/truestudio for stm32 9.0.1/armtools/bin/../lib/gcc/arm-atollic-eabi/6.3.1/../../../../arm-atollic-eabi/lib/armv7e-m/fpu\libc.a(lib_a-lock.o)
                0x0800723c                __retarget_lock_init_recursive
 .text.__retarget_lock_close_recursive
                0x0800723e        0x2 c:/program files (x86)/atollic/truestudio for stm32 9.0.1/armtools/bin/../lib/gcc/arm-atollic-eabi/6.3.1/../../../../arm-atollic-eabi/lib/armv7e-m/fpu\libc.a(lib_a-lock.o)
                0x0800723e                __retarget_lock_close_recursive
 .text.__retarget_lock_acquire_recursive
                0x08007240        0x2 c:/program files (x86)/atollic/truestudio for stm32 9.0.1/armtools/bin/../lib/gcc/arm-atollic-eabi/6.3.1/../../../../arm-atollic-eabi/lib/armv7e-m/fpu\libc.a(lib_a-lock.o)
                0x08007240                __retarget_lock_acquire_recursive
 .text.__retarget_lock_release_recursive
                0x08007242        0x2 c:/program files (x86)/atollic/truestudio for stm32 9.0.1/armtools/bin/../lib/gcc/arm-atollic-eabi/6.3.1/../../../../arm-atollic-eabi/lib/armv7e-m/fpu\libc.a(lib_a-lock.o)
                0x08007242                __retarget_lock_release_recursive
 .text.__swhatbuf_r
                0x08007244       0x56 c:/program files (x86)/atollic/truestudio for stm32 9.0.1/armtools/bin/../lib/gcc/arm-atollic-eabi/6.3.1/../../../../arm-atollic-eabi/lib/armv7e-m/fpu\libc.a(lib_a-makebuf.o)
                0x08007244                __swhatbuf_r
 *fill*         0x0800729a        0x2 
 .text.__smakebuf_r
                0x0800729c       0x80 c:/program files (x86)/atollic/truestudio for stm32 9.0.1/armtools/bin/../lib/gcc/arm-atollic-eabi/6.3.1/../../../../arm-atollic-eabi/lib/armv7e-m/fpu\libc.a(lib_a-makebuf.o)
                0x0800729c                __smakebuf_r
 .text.malloc   0x0800731c       0x10 c:/program files (x86)/atollic/truestudio for stm32 9.0.1/armtools/bin/../lib/gcc/arm-atollic-eabi/6.3.1/../../../../arm-atollic-eabi/lib/armv7e-m/fpu\libc.a(lib_a-malloc.o)
                0x0800731c                malloc
 .text._malloc_r
                0x0800732c      0x41c c:/program files (x86)/atollic/truestudio for stm32 9.0.1/armtools/bin/../lib/gcc/arm-atollic-eabi/6.3.1/../../../../arm-atollic-eabi/lib/armv7e-m/fpu\libc.a(lib_a-mallocr.o)
                0x0800732c                _malloc_r
 .text.memcpy   0x08007748       0x16 c:/program files (x86)/atollic/truestudio for stm32 9.0.1/armtools/bin/../lib/gcc/arm-atollic-eabi/6.3.1/../../../../arm-atollic-eabi/lib/armv7e-m/fpu\libc.a(lib_a-memcpy-stub.o)
                0x08007748                memcpy
 *fill*         0x0800775e        0x2 
 .text.__malloc_lock
                0x08007760        0xc c:/program files (x86)/atollic/truestudio for stm32 9.0.1/armtools/bin/../lib/gcc/arm-atollic-eabi/6.3.1/../../../../arm-atollic-eabi/lib/armv7e-m/fpu\libc.a(lib_a-mlock.o)
                0x08007760                __malloc_lock
 .text.__malloc_unlock
                0x0800776c        0xc c:/program files (x86)/atollic/truestudio for stm32 9.0.1/armtools/bin/../lib/gcc/arm-atollic-eabi/6.3.1/../../../../arm-atollic-eabi/lib/armv7e-m/fpu\libc.a(lib_a-mlock.o)
                0x0800776c                __malloc_unlock
 .text._Balloc  0x08007778       0x68 c:/program files (x86)/atollic/truestudio for stm32 9.0.1/armtools/bin/../lib/gcc/arm-atollic-eabi/6.3.1/../../../../arm-atollic-eabi/lib/armv7e-m/fpu\libc.a(lib_a-mprec.o)
                0x08007778                _Balloc
 .text._Bfree   0x080077e0       0x2e c:/program files (x86)/atollic/truestudio for stm32 9.0.1/armtools/bin/../lib/gcc/arm-atollic-eabi/6.3.1/../../../../arm-atollic-eabi/lib/armv7e-m/fpu\libc.a(lib_a-mprec.o)
                0x080077e0                _Bfree
 .text.__multadd
                0x0800780e       0x76 c:/program files (x86)/atollic/truestudio for stm32 9.0.1/armtools/bin/../lib/gcc/arm-atollic-eabi/6.3.1/../../../../arm-atollic-eabi/lib/armv7e-m/fpu\libc.a(lib_a-mprec.o)
                0x0800780e                __multadd
 .text.__hi0bits
                0x08007884       0x3e c:/program files (x86)/atollic/truestudio for stm32 9.0.1/armtools/bin/../lib/gcc/arm-atollic-eabi/6.3.1/../../../../arm-atollic-eabi/lib/armv7e-m/fpu\libc.a(lib_a-mprec.o)
                0x08007884                __hi0bits
 .text.__lo0bits
                0x080078c2       0x5e c:/program files (x86)/atollic/truestudio for stm32 9.0.1/armtools/bin/../lib/gcc/arm-atollic-eabi/6.3.1/../../../../arm-atollic-eabi/lib/armv7e-m/fpu\libc.a(lib_a-mprec.o)
                0x080078c2                __lo0bits
 .text.__i2b    0x08007920       0x12 c:/program files (x86)/atollic/truestudio for stm32 9.0.1/armtools/bin/../lib/gcc/arm-atollic-eabi/6.3.1/../../../../arm-atollic-eabi/lib/armv7e-m/fpu\libc.a(lib_a-mprec.o)
                0x08007920                __i2b
 .text.__multiply
                0x08007932      0x11a c:/program files (x86)/atollic/truestudio for stm32 9.0.1/armtools/bin/../lib/gcc/arm-atollic-eabi/6.3.1/../../../../arm-atollic-eabi/lib/armv7e-m/fpu\libc.a(lib_a-mprec.o)
                0x08007932                __multiply
 .text.__pow5mult
                0x08007a4c       0x9c c:/program files (x86)/atollic/truestudio for stm32 9.0.1/armtools/bin/../lib/gcc/arm-atollic-eabi/6.3.1/../../../../arm-atollic-eabi/lib/armv7e-m/fpu\libc.a(lib_a-mprec.o)
                0x08007a4c                __pow5mult
 .text.__lshift
                0x08007ae8       0xa2 c:/program files (x86)/atollic/truestudio for stm32 9.0.1/armtools/bin/../lib/gcc/arm-atollic-eabi/6.3.1/../../../../arm-atollic-eabi/lib/armv7e-m/fpu\libc.a(lib_a-mprec.o)
                0x08007ae8                __lshift
 .text.__mcmp   0x08007b8a       0x34 c:/program files (x86)/atollic/truestudio for stm32 9.0.1/armtools/bin/../lib/gcc/arm-atollic-eabi/6.3.1/../../../../arm-atollic-eabi/lib/armv7e-m/fpu\libc.a(lib_a-mprec.o)
                0x08007b8a                __mcmp
 .text.__mdiff  0x08007bbe       0xbc c:/program files (x86)/atollic/truestudio for stm32 9.0.1/armtools/bin/../lib/gcc/arm-atollic-eabi/6.3.1/../../../../arm-atollic-eabi/lib/armv7e-m/fpu\libc.a(lib_a-mprec.o)
                0x08007bbe                __mdiff
 .text.__d2b    0x08007c7a       0x9e c:/program files (x86)/atollic/truestudio for stm32 9.0.1/armtools/bin/../lib/gcc/arm-atollic-eabi/6.3.1/../../../../arm-atollic-eabi/lib/armv7e-m/fpu\libc.a(lib_a-mprec.o)
                0x08007c7a                __d2b
 .text._sbrk_r  0x08007d18       0x20 c:/program files (x86)/atollic/truestudio for stm32 9.0.1/armtools/bin/../lib/gcc/arm-atollic-eabi/6.3.1/../../../../arm-atollic-eabi/lib/armv7e-m/fpu\libc.a(lib_a-sbrkr.o)
                0x08007d18                _sbrk_r
 .text.__sread  0x08007d38       0x22 c:/program files (x86)/atollic/truestudio for stm32 9.0.1/armtools/bin/../lib/gcc/arm-atollic-eabi/6.3.1/../../../../arm-atollic-eabi/lib/armv7e-m/fpu\libc.a(lib_a-stdio.o)
                0x08007d38                __sread
 .text.__swrite
                0x08007d5a       0x38 c:/program files (x86)/atollic/truestudio for stm32 9.0.1/armtools/bin/../lib/gcc/arm-atollic-eabi/6.3.1/../../../../arm-atollic-eabi/lib/armv7e-m/fpu\libc.a(lib_a-stdio.o)
                0x08007d5a                __swrite
 .text.__sseek  0x08007d92       0x24 c:/program files (x86)/atollic/truestudio for stm32 9.0.1/armtools/bin/../lib/gcc/arm-atollic-eabi/6.3.1/../../../../arm-atollic-eabi/lib/armv7e-m/fpu\libc.a(lib_a-stdio.o)
                0x08007d92                __sseek
 .text.__sclose
                0x08007db6        0x8 c:/program files (x86)/atollic/truestudio for stm32 9.0.1/armtools/bin/../lib/gcc/arm-atollic-eabi/6.3.1/../../../../arm-atollic-eabi/lib/armv7e-m/fpu\libc.a(lib_a-stdio.o)
                0x08007db6                __sclose
 .text.__sprint_r
                0x08007dbe       0x6a c:/program files (x86)/atollic/truestudio for stm32 9.0.1/armtools/bin/../lib/gcc/arm-atollic-eabi/6.3.1/../../../../arm-atollic-eabi/lib/armv7e-m/fpu\libc.a(lib_a-vfiprintf.o)
                0x08007dbe                __sprint_r
 .text._write_r
                0x08007e28       0x24 c:/program files (x86)/atollic/truestudio for stm32 9.0.1/armtools/bin/../lib/gcc/arm-atollic-eabi/6.3.1/../../../../arm-atollic-eabi/lib/armv7e-m/fpu\libc.a(lib_a-writer.o)
                0x08007e28                _write_r
 .text._calloc_r
                0x08007e4c       0x5a c:/program files (x86)/atollic/truestudio for stm32 9.0.1/armtools/bin/../lib/gcc/arm-atollic-eabi/6.3.1/../../../../arm-atollic-eabi/lib/armv7e-m/fpu\libc.a(lib_a-callocr.o)
                0x08007e4c                _calloc_r
 *fill*         0x08007ea6        0x2 
 .text._close_r
                0x08007ea8       0x20 c:/program files (x86)/atollic/truestudio for stm32 9.0.1/armtools/bin/../lib/gcc/arm-atollic-eabi/6.3.1/../../../../arm-atollic-eabi/lib/armv7e-m/fpu\libc.a(lib_a-closer.o)
                0x08007ea8                _close_r
 .text._fclose_r
                0x08007ec8       0xd8 c:/program files (x86)/atollic/truestudio for stm32 9.0.1/armtools/bin/../lib/gcc/arm-atollic-eabi/6.3.1/../../../../arm-atollic-eabi/lib/armv7e-m/fpu\libc.a(lib_a-fclose.o)
                0x08007ec8                _fclose_r
 .text.__fputwc
                0x08007fa0       0x82 c:/program files (x86)/atollic/truestudio for stm32 9.0.1/armtools/bin/../lib/gcc/arm-atollic-eabi/6.3.1/../../../../arm-atollic-eabi/lib/armv7e-m/fpu\libc.a(lib_a-fputwc.o)
                0x08007fa0                __fputwc
 .text._fputwc_r
                0x08008022       0x52 c:/program files (x86)/atollic/truestudio for stm32 9.0.1/armtools/bin/../lib/gcc/arm-atollic-eabi/6.3.1/../../../../arm-atollic-eabi/lib/armv7e-m/fpu\libc.a(lib_a-fputwc.o)
                0x08008022                _fputwc_r
 .text._fstat_r
                0x08008074       0x24 c:/program files (x86)/atollic/truestudio for stm32 9.0.1/armtools/bin/../lib/gcc/arm-atollic-eabi/6.3.1/../../../../arm-atollic-eabi/lib/armv7e-m/fpu\libc.a(lib_a-fstatr.o)
                0x08008074                _fstat_r
 .text.__sfvwrite_r
                0x08008098      0x29c c:/program files (x86)/atollic/truestudio for stm32 9.0.1/armtools/bin/../lib/gcc/arm-atollic-eabi/6.3.1/../../../../arm-atollic-eabi/lib/armv7e-m/fpu\libc.a(lib_a-fvwrite.o)
                0x08008098                __sfvwrite_r
 .text._isatty_r
                0x08008334       0x20 c:/program files (x86)/atollic/truestudio for stm32 9.0.1/armtools/bin/../lib/gcc/arm-atollic-eabi/6.3.1/../../../../arm-atollic-eabi/lib/armv7e-m/fpu\libc.a(lib_a-isattyr.o)
                0x08008334                _isatty_r
 .text.__locale_mb_cur_max
                0x08008354       0x1c c:/program files (x86)/atollic/truestudio for stm32 9.0.1/armtools/bin/../lib/gcc/arm-atollic-eabi/6.3.1/../../../../arm-atollic-eabi/lib/armv7e-m/fpu\libc.a(lib_a-locale.o)
                0x08008354                __locale_mb_cur_max
 .text._lseek_r
                0x08008370       0x24 c:/program files (x86)/atollic/truestudio for stm32 9.0.1/armtools/bin/../lib/gcc/arm-atollic-eabi/6.3.1/../../../../arm-atollic-eabi/lib/armv7e-m/fpu\libc.a(lib_a-lseekr.o)
                0x08008370                _lseek_r
 .text.__ascii_mbtowc
                0x08008394       0x24 c:/program files (x86)/atollic/truestudio for stm32 9.0.1/armtools/bin/../lib/gcc/arm-atollic-eabi/6.3.1/../../../../arm-atollic-eabi/lib/armv7e-m/fpu\libc.a(lib_a-mbtowc_r.o)
                0x08008394                __ascii_mbtowc
 .text.memmove  0x080083b8       0x34 c:/program files (x86)/atollic/truestudio for stm32 9.0.1/armtools/bin/../lib/gcc/arm-atollic-eabi/6.3.1/../../../../arm-atollic-eabi/lib/armv7e-m/fpu\libc.a(lib_a-memmove.o)
                0x080083b8                memmove
 .text._read_r  0x080083ec       0x24 c:/program files (x86)/atollic/truestudio for stm32 9.0.1/armtools/bin/../lib/gcc/arm-atollic-eabi/6.3.1/../../../../arm-atollic-eabi/lib/armv7e-m/fpu\libc.a(lib_a-readr.o)
                0x080083ec                _read_r
 .text._realloc_r
                0x08008410      0x300 c:/program files (x86)/atollic/truestudio for stm32 9.0.1/armtools/bin/../lib/gcc/arm-atollic-eabi/6.3.1/../../../../arm-atollic-eabi/lib/armv7e-m/fpu\libc.a(lib_a-reallocr.o)
                0x08008410                _realloc_r
 .text.__swbuf_r
                0x08008710       0xbc c:/program files (x86)/atollic/truestudio for stm32 9.0.1/armtools/bin/../lib/gcc/arm-atollic-eabi/6.3.1/../../../../arm-atollic-eabi/lib/armv7e-m/fpu\libc.a(lib_a-wbuf.o)
                0x08008710                __swbuf_r
 .text._wcrtomb_r
                0x080087cc       0x50 c:/program files (x86)/atollic/truestudio for stm32 9.0.1/armtools/bin/../lib/gcc/arm-atollic-eabi/6.3.1/../../../../arm-atollic-eabi/lib/armv7e-m/fpu\libc.a(lib_a-wcrtomb.o)
                0x080087cc                _wcrtomb_r
 .text.__ascii_wctomb
                0x0800881c       0x1a c:/program files (x86)/atollic/truestudio for stm32 9.0.1/armtools/bin/../lib/gcc/arm-atollic-eabi/6.3.1/../../../../arm-atollic-eabi/lib/armv7e-m/fpu\libc.a(lib_a-wctomb_r.o)
                0x0800881c                __ascii_wctomb
 .text.abort    0x08008836        0xe c:/program files (x86)/atollic/truestudio for stm32 9.0.1/armtools/bin/../lib/gcc/arm-atollic-eabi/6.3.1/../../../../arm-atollic-eabi/lib/armv7e-m/fpu\libc.a(lib_a-abort.o)
                0x08008836                abort
 .text._raise_r
                0x08008844       0x50 c:/program files (x86)/atollic/truestudio for stm32 9.0.1/armtools/bin/../lib/gcc/arm-atollic-eabi/6.3.1/../../../../arm-atollic-eabi/lib/armv7e-m/fpu\libc.a(lib_a-signal.o)
                0x08008844                _raise_r
 .text.raise    0x08008894       0x10 c:/program files (x86)/atollic/truestudio for stm32 9.0.1/armtools/bin/../lib/gcc/arm-atollic-eabi/6.3.1/../../../../arm-atollic-eabi/lib/armv7e-m/fpu\libc.a(lib_a-signal.o)
                0x08008894                raise
 .text._kill_r  0x080088a4       0x24 c:/program files (x86)/atollic/truestudio for stm32 9.0.1/armtools/bin/../lib/gcc/arm-atollic-eabi/6.3.1/../../../../arm-atollic-eabi/lib/armv7e-m/fpu\libc.a(lib_a-signalr.o)
                0x080088a4                _kill_r
 .text._getpid_r
                0x080088c8        0x4 c:/program files (x86)/atollic/truestudio for stm32 9.0.1/armtools/bin/../lib/gcc/arm-atollic-eabi/6.3.1/../../../../arm-atollic-eabi/lib/armv7e-m/fpu\libc.a(lib_a-signalr.o)
                0x080088c8                _getpid_r
 *(.glue_7)
 .glue_7        0x080088cc        0x0 linker stubs
 *(.glue_7t)
 .glue_7t       0x080088cc        0x0 linker stubs
 *(.eh_frame)
 .eh_frame      0x080088cc        0x0 c:/program files (x86)/atollic/truestudio for stm32 9.0.1/armtools/bin/../lib/gcc/arm-atollic-eabi/6.3.1/armv7e-m/fpu/crtbegin.o
 *(.init)
 .init          0x080088cc        0x4 c:/program files (x86)/atollic/truestudio for stm32 9.0.1/armtools/bin/../lib/gcc/arm-atollic-eabi/6.3.1/armv7e-m/fpu/crti.o
                0x080088cc                _init
 .init          0x080088d0        0x8 c:/program files (x86)/atollic/truestudio for stm32 9.0.1/armtools/bin/../lib/gcc/arm-atollic-eabi/6.3.1/armv7e-m/fpu/crtn.o
 *(.fini)
 .fini          0x080088d8        0x4 c:/program files (x86)/atollic/truestudio for stm32 9.0.1/armtools/bin/../lib/gcc/arm-atollic-eabi/6.3.1/armv7e-m/fpu/crti.o
                0x080088d8                _fini
 .fini          0x080088dc        0x8 c:/program files (x86)/atollic/truestudio for stm32 9.0.1/armtools/bin/../lib/gcc/arm-atollic-eabi/6.3.1/armv7e-m/fpu/crtn.o
                0x080088e4                . = ALIGN (0x4)
                0x080088e4                _etext = .

.vfp11_veneer   0x080088e4        0x0
 .vfp11_veneer  0x080088e4        0x0 linker stubs

.v4_bx          0x080088e4        0x0
 .v4_bx         0x080088e4        0x0 linker stubs

.iplt           0x080088e4        0x0
 .iplt          0x080088e4        0x0 c:/program files (x86)/atollic/truestudio for stm32 9.0.1/armtools/bin/../lib/gcc/arm-atollic-eabi/6.3.1/armv7e-m/fpu/crtbegin.o

.rodata         0x080088e8      0x328
                0x080088e8                . = ALIGN (0x4)
 *(.rodata)
 .rodata        0x080088e8       0x15 Inc\CAN\CAN.o
 *(.rodata*)
 *fill*         0x080088fd        0x3 
 .rodata.aPLLMULFactorTable
                0x08008900       0x10 Drivers\STM32F3xx_HAL_Driver\Src\stm32f3xx_hal_rcc.o
                0x08008900                aPLLMULFactorTable
 .rodata.aPredivFactorTable
                0x08008910       0x10 Drivers\STM32F3xx_HAL_Driver\Src\stm32f3xx_hal_rcc.o
                0x08008910                aPredivFactorTable
 .rodata.CSWTCH.45
                0x08008920        0x4 Drivers\STM32F3xx_HAL_Driver\Src\stm32f3xx_hal_uart.o
 .rodata.AHBPrescTable
                0x08008924       0x10 Src\system_stm32f3xx.o
                0x08008924                AHBPrescTable
 .rodata.APBPrescTable
                0x08008934        0x8 Src\system_stm32f3xx.o
                0x08008934                APBPrescTable
 .rodata._global_impure_ptr
                0x0800893c        0x4 c:/program files (x86)/atollic/truestudio for stm32 9.0.1/armtools/bin/../lib/gcc/arm-atollic-eabi/6.3.1/../../../../arm-atollic-eabi/lib/armv7e-m/fpu\libc.a(lib_a-impure.o)
                0x0800893c                _global_impure_ptr
 .rodata._vfprintf_r.str1.1
                0x08008940       0x34 c:/program files (x86)/atollic/truestudio for stm32 9.0.1/armtools/bin/../lib/gcc/arm-atollic-eabi/6.3.1/../../../../arm-atollic-eabi/lib/armv7e-m/fpu\libc.a(lib_a-vfprintf.o)
 .rodata.blanks.8374
                0x08008974       0x10 c:/program files (x86)/atollic/truestudio for stm32 9.0.1/armtools/bin/../lib/gcc/arm-atollic-eabi/6.3.1/../../../../arm-atollic-eabi/lib/armv7e-m/fpu\libc.a(lib_a-vfprintf.o)
 .rodata.zeroes.8375
                0x08008984       0x10 c:/program files (x86)/atollic/truestudio for stm32 9.0.1/armtools/bin/../lib/gcc/arm-atollic-eabi/6.3.1/../../../../arm-atollic-eabi/lib/armv7e-m/fpu\libc.a(lib_a-vfprintf.o)
 .rodata._dtoa_r.str1.1
                0x08008994        0xd c:/program files (x86)/atollic/truestudio for stm32 9.0.1/armtools/bin/../lib/gcc/arm-atollic-eabi/6.3.1/../../../../arm-atollic-eabi/lib/armv7e-m/fpu\libc.a(lib_a-dtoa.o)
                                  0xf (size before relaxing)
 *fill*         0x080089a1        0x3 
 .rodata.__sf_fake_stderr
                0x080089a4       0x20 c:/program files (x86)/atollic/truestudio for stm32 9.0.1/armtools/bin/../lib/gcc/arm-atollic-eabi/6.3.1/../../../../arm-atollic-eabi/lib/armv7e-m/fpu\libc.a(lib_a-findfp.o)
                0x080089a4                __sf_fake_stderr
 .rodata.__sf_fake_stdin
                0x080089c4       0x20 c:/program files (x86)/atollic/truestudio for stm32 9.0.1/armtools/bin/../lib/gcc/arm-atollic-eabi/6.3.1/../../../../arm-atollic-eabi/lib/armv7e-m/fpu\libc.a(lib_a-findfp.o)
                0x080089c4                __sf_fake_stdin
 .rodata.__sf_fake_stdout
                0x080089e4       0x20 c:/program files (x86)/atollic/truestudio for stm32 9.0.1/armtools/bin/../lib/gcc/arm-atollic-eabi/6.3.1/../../../../arm-atollic-eabi/lib/armv7e-m/fpu\libc.a(lib_a-findfp.o)
                0x080089e4                __sf_fake_stdout
 *fill*         0x08008a04        0x4 
 .rodata.__mprec_bigtens
                0x08008a08       0x28 c:/program files (x86)/atollic/truestudio for stm32 9.0.1/armtools/bin/../lib/gcc/arm-atollic-eabi/6.3.1/../../../../arm-atollic-eabi/lib/armv7e-m/fpu\libc.a(lib_a-mprec.o)
                0x08008a08                __mprec_bigtens
 .rodata.__mprec_tens
                0x08008a30       0xc8 c:/program files (x86)/atollic/truestudio for stm32 9.0.1/armtools/bin/../lib/gcc/arm-atollic-eabi/6.3.1/../../../../arm-atollic-eabi/lib/armv7e-m/fpu\libc.a(lib_a-mprec.o)
                0x08008a30                __mprec_tens
 .rodata.p05.7196
                0x08008af8        0xc c:/program files (x86)/atollic/truestudio for stm32 9.0.1/armtools/bin/../lib/gcc/arm-atollic-eabi/6.3.1/../../../../arm-atollic-eabi/lib/armv7e-m/fpu\libc.a(lib_a-mprec.o)
 .rodata._setlocale_r.str1.1
                0x08008b04        0x8 c:/program files (x86)/atollic/truestudio for stm32 9.0.1/armtools/bin/../lib/gcc/arm-atollic-eabi/6.3.1/../../../../arm-atollic-eabi/lib/armv7e-m/fpu\libc.a(lib_a-locale.o)
                                  0x9 (size before relaxing)
 .rodata.str1.1
                0x08008b0c        0x2 c:/program files (x86)/atollic/truestudio for stm32 9.0.1/armtools/bin/../lib/gcc/arm-atollic-eabi/6.3.1/../../../../arm-atollic-eabi/lib/armv7e-m/fpu\libc.a(lib_a-locale.o)
 .rodata._ctype_
                0x08008b0e      0x101 c:/program files (x86)/atollic/truestudio for stm32 9.0.1/armtools/bin/../lib/gcc/arm-atollic-eabi/6.3.1/../../../../arm-atollic-eabi/lib/armv7e-m/fpu\libc.a(lib_a-ctype_.o)
                0x08008b0e                _ctype_
                0x08008c10                . = ALIGN (0x4)
 *fill*         0x08008c0f        0x1 

.ARM.extab      0x08008c10       0x6c
 *(.ARM.extab* .gnu.linkonce.armextab.*)
 .ARM.extab.text._ZN3App7SetDutyEf
                0x08008c10        0xc Inc\Application\Application.o
 .ARM.extab.text._ZN3App9TaskShiftEv
                0x08008c1c        0xc Inc\Application\Application.o
 .ARM.extab.text._Z12FilterConfigv
                0x08008c28        0xc Inc\CAN\CAN.o
 .ARM.extab.text.HAL_CAN_RxFifo0MsgPendingCallback
                0x08008c34        0xc Inc\CAN\CAN.o
 .ARM.extab.text._ZN5Servo3mapEfllll
                0x08008c40        0x0 Inc\Servo\Servo.o
 .ARM.extab.text._ZN5Servo5BeginEv
                0x08008c40        0xc Inc\Servo\Servo.o
 .ARM.extab.text._ZN5ServoC2EP17TIM_HandleTypeDefP12GPIO_TypeDeftj
                0x08008c4c        0x0 Src\main.o
 .ARM.extab.text._ZN6CanBusC2Emm
                0x08008c4c        0x0 Src\main.o
 .ARM.extab.text._ZN21LowlayerHandelTypedefC2Ev
                0x08008c4c        0x0 Src\main.o
 .ARM.extab.text._ZN3AppC2EP21LowlayerHandelTypedef
                0x08008c4c        0x0 Src\main.o
 .ARM.extab.text.main
                0x08008c4c        0xc Src\main.o
 .ARM.extab.text._Z18SystemClock_Configv
                0x08008c58        0xc Src\main.o
 .ARM.extab     0x08008c64       0x18 c:/program files (x86)/atollic/truestudio for stm32 9.0.1/armtools/bin/../lib/gcc/arm-atollic-eabi/6.3.1/armv7e-m/fpu\libgcc.a(pr-support.o)

.ARM            0x08008c7c      0x110
                0x08008c7c                __exidx_start = .
 *(.ARM.exidx*)
 .ARM.exidx.text._ZN3App11RestoreDataEv
                0x08008d34        0x0 Inc\Application\Application.o
                                  0x8 (size before relaxing)
 .ARM.exidx.text._ZN3App7SetDutyEf
                0x08008d34        0x8 Inc\Application\Application.o
 .ARM.exidx.text._ZN3App9TaskShiftEv
                0x08008d3c        0x8 Inc\Application\Application.o
 .ARM.exidx.text._Z12FilterConfigv
                0x08008d44        0x8 Inc\CAN\CAN.o
 .ARM.exidx.text.HAL_CAN_RxFifo0MsgPendingCallback
                0x08008d4c        0x8 Inc\CAN\CAN.o
 .ARM.exidx.text._ZN5Servo3mapEfllll
                0x08008d54        0x8 Inc\Servo\Servo.o
 .ARM.exidx.text._ZN5Servo7setDutyEf
                0x08008d5c        0x0 Inc\Servo\Servo.o
                                  0x8 (size before relaxing)
 .ARM.exidx.text._ZN5Servo5BeginEv
                0x08008d5c       0x10 Inc\Servo\Servo.o
                                  0x8 (size before relaxing)
 .ARM.exidx.text._ZN5ServoC2EP17TIM_HandleTypeDefP12GPIO_TypeDeftj
                0x08008d6c        0x0 Src\main.o
                                  0x8 (size before relaxing)
 .ARM.exidx.text._ZN6CanBusC2Emm
                0x08008d6c        0x0 Src\main.o
                                  0x8 (size before relaxing)
 .ARM.exidx.text._ZN21LowlayerHandelTypedefC2Ev
                0x08008d6c        0x0 Src\main.o
                                  0x8 (size before relaxing)
 .ARM.exidx.text._ZN3AppC2EP21LowlayerHandelTypedef
                0x08008d6c        0x0 Src\main.o
                                  0x8 (size before relaxing)
 .ARM.exidx.text.main
                0x08008d6c        0x8 Src\main.o
 .ARM.exidx.text._Z18SystemClock_Configv
                0x08008d74        0x8 Src\main.o
 .ARM.exidx.text.Error_Handler
                0x08008d7c       0x10 Src\main.o
                                  0x8 (size before relaxing)
 .ARM.exidx     0x08008c7c        0x8 c:/program files (x86)/atollic/truestudio for stm32 9.0.1/armtools/bin/../lib/gcc/arm-atollic-eabi/6.3.1/armv7e-m/fpu\libgcc.a(_udivmoddi4.o)
 .ARM.exidx     0x08008c84       0x78 c:/program files (x86)/atollic/truestudio for stm32 9.0.1/armtools/bin/../lib/gcc/arm-atollic-eabi/6.3.1/armv7e-m/fpu\libgcc.a(unwind-arm.o)
                                 0xd8 (size before relaxing)
 .ARM.exidx     0x08008cfc       0x38 c:/program files (x86)/atollic/truestudio for stm32 9.0.1/armtools/bin/../lib/gcc/arm-atollic-eabi/6.3.1/armv7e-m/fpu\libgcc.a(pr-support.o)
                                 0x48 (size before relaxing)
                0x08008d8c                __exidx_end = .

.rel.dyn        0x08008d8c        0x0
 .rel.iplt      0x08008d8c        0x0 c:/program files (x86)/atollic/truestudio for stm32 9.0.1/armtools/bin/../lib/gcc/arm-atollic-eabi/6.3.1/armv7e-m/fpu/crtbegin.o

.preinit_array  0x08008d8c        0x0
                0x08008d8c                PROVIDE (__preinit_array_start, .)
 *(.preinit_array*)
                0x08008d8c                PROVIDE (__preinit_array_end, .)

.init_array     0x08008d8c        0x4
                0x08008d8c                PROVIDE (__init_array_start, .)
 *(SORT(.init_array.*))
 *(.init_array*)
 .init_array    0x08008d8c        0x4 c:/program files (x86)/atollic/truestudio for stm32 9.0.1/armtools/bin/../lib/gcc/arm-atollic-eabi/6.3.1/armv7e-m/fpu/crtbegin.o
                0x08008d90                PROVIDE (__init_array_end, .)

.fini_array     0x08008d90        0x4
                [!provide]                PROVIDE (__fini_array_start, .)
 *(SORT(.fini_array.*))
 *(.fini_array*)
 .fini_array    0x08008d90        0x4 c:/program files (x86)/atollic/truestudio for stm32 9.0.1/armtools/bin/../lib/gcc/arm-atollic-eabi/6.3.1/armv7e-m/fpu/crtbegin.o
                [!provide]                PROVIDE (__fini_array_end, .)
                0x08008d94                _sidata = LOADADDR (.data)

.data           0x20000000      0x67c load address 0x08008d94
                0x20000000                . = ALIGN (0x4)
                0x20000000                _sdata = .
 *(.data)
 *(.data*)
 .data.uwTickFreq
                0x20000000        0x1 Drivers\STM32F3xx_HAL_Driver\Src\stm32f3xx_hal.o
                0x20000000                uwTickFreq
 *fill*         0x20000001        0x3 
 .data.uwTickPrio
                0x20000004        0x4 Drivers\STM32F3xx_HAL_Driver\Src\stm32f3xx_hal.o
                0x20000004                uwTickPrio
 .data.SystemCoreClock
                0x20000008        0x4 Src\system_stm32f3xx.o
                0x20000008                SystemCoreClock
 .data._impure_ptr
                0x2000000c        0x4 c:/program files (x86)/atollic/truestudio for stm32 9.0.1/armtools/bin/../lib/gcc/arm-atollic-eabi/6.3.1/../../../../arm-atollic-eabi/lib/armv7e-m/fpu\libc.a(lib_a-impure.o)
                0x2000000c                _impure_ptr
 .data.impure_data
                0x20000010       0xf0 c:/program files (x86)/atollic/truestudio for stm32 9.0.1/armtools/bin/../lib/gcc/arm-atollic-eabi/6.3.1/../../../../arm-atollic-eabi/lib/armv7e-m/fpu\libc.a(lib_a-impure.o)
 .data.__malloc_av_
                0x20000100      0x408 c:/program files (x86)/atollic/truestudio for stm32 9.0.1/armtools/bin/../lib/gcc/arm-atollic-eabi/6.3.1/../../../../arm-atollic-eabi/lib/armv7e-m/fpu\libc.a(lib_a-mallocr.o)
                0x20000100                __malloc_av_
 .data.__malloc_sbrk_base
                0x20000508        0x4 c:/program files (x86)/atollic/truestudio for stm32 9.0.1/armtools/bin/../lib/gcc/arm-atollic-eabi/6.3.1/../../../../arm-atollic-eabi/lib/armv7e-m/fpu\libc.a(lib_a-mallocr.o)
                0x20000508                __malloc_sbrk_base
 .data.__malloc_trim_threshold
                0x2000050c        0x4 c:/program files (x86)/atollic/truestudio for stm32 9.0.1/armtools/bin/../lib/gcc/arm-atollic-eabi/6.3.1/../../../../arm-atollic-eabi/lib/armv7e-m/fpu\libc.a(lib_a-mallocr.o)
                0x2000050c                __malloc_trim_threshold
 .data.__global_locale
                0x20000510      0x16c c:/program files (x86)/atollic/truestudio for stm32 9.0.1/armtools/bin/../lib/gcc/arm-atollic-eabi/6.3.1/../../../../arm-atollic-eabi/lib/armv7e-m/fpu\libc.a(lib_a-locale.o)
                0x20000510                __global_locale
                0x2000067c                . = ALIGN (0x4)
                0x2000067c                _edata = .
                0x08009410                _siccmram = LOADADDR (.ccmram)

.igot.plt       0x2000067c        0x0 load address 0x08009410
 .igot.plt      0x2000067c        0x0 c:/program files (x86)/atollic/truestudio for stm32 9.0.1/armtools/bin/../lib/gcc/arm-atollic-eabi/6.3.1/armv7e-m/fpu/crtbegin.o

.ccmram         0x10000000        0x0 load address 0x08009410
                0x10000000                . = ALIGN (0x4)
                0x10000000                _sccmram = .
 *(.ccmram)
 *(.ccmram*)
                0x10000000                . = ALIGN (0x4)
                0x10000000                _eccmram = .
                0x10000000                . = ALIGN (0x4)

.bss            0x2000067c      0x1e8
                0x2000067c                _sbss = .
                0x2000067c                __bss_start__ = _sbss
 *(.bss)
 .bss           0x2000067c       0x1c c:/program files (x86)/atollic/truestudio for stm32 9.0.1/armtools/bin/../lib/gcc/arm-atollic-eabi/6.3.1/armv7e-m/fpu/crtbegin.o
 .bss           0x20000698       0x25 Inc\CAN\CAN.o
                0x20000698                RxFIFO_Data
                0x2000069c                RXmsg
                0x200006b8                rx_led
                0x200006bc                CanRxFlag
 *(.bss*)
 *fill*         0x200006bd        0x3 
 .bss.heap_end.7010
                0x200006c0        0x4 Src\syscalls.o
 .bss.__malloc_current_mallinfo
                0x200006c4       0x28 c:/program files (x86)/atollic/truestudio for stm32 9.0.1/armtools/bin/../lib/gcc/arm-atollic-eabi/6.3.1/../../../../arm-atollic-eabi/lib/armv7e-m/fpu\libc.a(lib_a-mallocr.o)
                0x200006c4                __malloc_current_mallinfo
 .bss.__malloc_max_sbrked_mem
                0x200006ec        0x4 c:/program files (x86)/atollic/truestudio for stm32 9.0.1/armtools/bin/../lib/gcc/arm-atollic-eabi/6.3.1/../../../../arm-atollic-eabi/lib/armv7e-m/fpu\libc.a(lib_a-mallocr.o)
                0x200006ec                __malloc_max_sbrked_mem
 .bss.__malloc_max_total_mem
                0x200006f0        0x4 c:/program files (x86)/atollic/truestudio for stm32 9.0.1/armtools/bin/../lib/gcc/arm-atollic-eabi/6.3.1/../../../../arm-atollic-eabi/lib/armv7e-m/fpu\libc.a(lib_a-mallocr.o)
                0x200006f0                __malloc_max_total_mem
 .bss.__malloc_top_pad
                0x200006f4        0x4 c:/program files (x86)/atollic/truestudio for stm32 9.0.1/armtools/bin/../lib/gcc/arm-atollic-eabi/6.3.1/../../../../arm-atollic-eabi/lib/armv7e-m/fpu\libc.a(lib_a-mallocr.o)
                0x200006f4                __malloc_top_pad
 *(COMMON)
 COMMON         0x200006f8        0x4 Drivers\STM32F3xx_HAL_Driver\Src\stm32f3xx_hal.o
                0x200006f8                uwTick
 COMMON         0x200006fc       0x28 Src\can.o
                0x200006fc                hcan
 COMMON         0x20000724       0xc0 Src\tim.o
                0x20000724                htim3
                0x20000764                htim1
                0x200007a4                htim2
 COMMON         0x200007e4       0x70 Src\usart.o
                0x200007e4                huart2
 COMMON         0x20000854        0x9 c:/program files (x86)/atollic/truestudio for stm32 9.0.1/armtools/bin/../lib/gcc/arm-atollic-eabi/6.3.1/../../../../arm-atollic-eabi/lib/armv7e-m/fpu\libc.a(lib_a-lock.o)
                0x20000854                __lock___atexit_recursive_mutex
                0x20000855                __lock___arc4random_mutex
                0x20000856                __lock___env_recursive_mutex
                0x20000857                __lock___sinit_recursive_mutex
                0x20000858                __lock___malloc_recursive_mutex
                0x20000859                __lock___at_quick_exit_mutex
                0x2000085a                __lock___dd_hash_mutex
                0x2000085b                __lock___tz_mutex
                0x2000085c                __lock___sfp_recursive_mutex
 *fill*         0x2000085d        0x3 
 COMMON         0x20000860        0x4 c:/program files (x86)/atollic/truestudio for stm32 9.0.1/armtools/bin/../lib/gcc/arm-atollic-eabi/6.3.1/../../../../arm-atollic-eabi/lib/armv7e-m/fpu\libc.a(lib_a-reent.o)
                0x20000860                errno
                0x20000864                . = ALIGN (0x4)
                0x20000864                _ebss = .
                0x20000864                __bss_end__ = _ebss

._user_heap_stack
                0x20000864      0x600
                0x20000864                . = ALIGN (0x4)
                0x20000864                PROVIDE (end, .)
                [!provide]                PROVIDE (_end, .)
                0x20000a64                . = (. + _Min_Heap_Size)
 *fill*         0x20000864      0x200 
                0x20000e64                . = (. + _Min_Stack_Size)
 *fill*         0x20000a64      0x400 
                0x20000e64                . = ALIGN (0x4)

/DISCARD/
 libc.a(*)
 libm.a(*)
 libgcc.a(*)

.ARM.attributes
                0x00000000       0x30
 *(.ARM.attributes)
 .ARM.attributes
                0x00000000       0x22 c:/program files (x86)/atollic/truestudio for stm32 9.0.1/armtools/bin/../lib/gcc/arm-atollic-eabi/6.3.1/armv7e-m/fpu/crti.o
 .ARM.attributes
                0x00000022       0x34 c:/program files (x86)/atollic/truestudio for stm32 9.0.1/armtools/bin/../lib/gcc/arm-atollic-eabi/6.3.1/armv7e-m/fpu/crtbegin.o
 .ARM.attributes
                0x00000056       0x35 Drivers\STM32F3xx_HAL_Driver\Src\stm32f3xx_hal.o
 .ARM.attributes
                0x0000008b       0x35 Drivers\STM32F3xx_HAL_Driver\Src\stm32f3xx_hal_can.o
 .ARM.attributes
                0x000000c0       0x35 Drivers\STM32F3xx_HAL_Driver\Src\stm32f3xx_hal_cortex.o
 .ARM.attributes
                0x000000f5       0x35 Drivers\STM32F3xx_HAL_Driver\Src\stm32f3xx_hal_gpio.o
 .ARM.attributes
                0x0000012a       0x35 Drivers\STM32F3xx_HAL_Driver\Src\stm32f3xx_hal_rcc.o
 .ARM.attributes
                0x0000015f       0x35 Drivers\STM32F3xx_HAL_Driver\Src\stm32f3xx_hal_rcc_ex.o
 .ARM.attributes
                0x00000194       0x35 Drivers\STM32F3xx_HAL_Driver\Src\stm32f3xx_hal_tim.o
 .ARM.attributes
                0x000001c9       0x35 Drivers\STM32F3xx_HAL_Driver\Src\stm32f3xx_hal_tim_ex.o
 .ARM.attributes
                0x000001fe       0x35 Drivers\STM32F3xx_HAL_Driver\Src\stm32f3xx_hal_uart.o
 .ARM.attributes
                0x00000233       0x39 Inc\Application\Application.o
 .ARM.attributes
                0x0000026c       0x39 Inc\CAN\CAN.o
 .ARM.attributes
                0x000002a5       0x39 Inc\Servo\Servo.o
 .ARM.attributes
                0x000002de       0x35 Src\can.o
 .ARM.attributes
                0x00000313       0x35 Src\gpio.o
 .ARM.attributes
                0x00000348       0x39 Src\main.o
 .ARM.attributes
                0x00000381       0x35 Src\scanf.o
 .ARM.attributes
                0x000003b6       0x35 Src\stm32f3xx_hal_msp.o
 .ARM.attributes
                0x000003eb       0x35 Src\stm32f3xx_it.o
 .ARM.attributes
                0x00000420       0x35 Src\syscalls.o
 .ARM.attributes
                0x00000455       0x35 Src\system_stm32f3xx.o
 .ARM.attributes
                0x0000048a       0x35 Src\tim.o
 .ARM.attributes
                0x000004bf       0x35 Src\usart.o
 .ARM.attributes
                0x000004f4       0x21 startup\startup_stm32f303x8.o
 .ARM.attributes
                0x00000515       0x34 c:/program files (x86)/atollic/truestudio for stm32 9.0.1/armtools/bin/../lib/gcc/arm-atollic-eabi/6.3.1/../../../../arm-atollic-eabi/lib/armv7e-m/fpu\libc.a(lib_a-errno.o)
 .ARM.attributes
                0x00000549       0x34 c:/program files (x86)/atollic/truestudio for stm32 9.0.1/armtools/bin/../lib/gcc/arm-atollic-eabi/6.3.1/../../../../arm-atollic-eabi/lib/armv7e-m/fpu\libc.a(lib_a-impure.o)
 .ARM.attributes
                0x0000057d       0x34 c:/program files (x86)/atollic/truestudio for stm32 9.0.1/armtools/bin/../lib/gcc/arm-atollic-eabi/6.3.1/../../../../arm-atollic-eabi/lib/armv7e-m/fpu\libc.a(lib_a-init.o)
 .ARM.attributes
                0x000005b1       0x34 c:/program files (x86)/atollic/truestudio for stm32 9.0.1/armtools/bin/../lib/gcc/arm-atollic-eabi/6.3.1/../../../../arm-atollic-eabi/lib/armv7e-m/fpu\libc.a(lib_a-memset.o)
 .ARM.attributes
                0x000005e5       0x34 c:/program files (x86)/atollic/truestudio for stm32 9.0.1/armtools/bin/../lib/gcc/arm-atollic-eabi/6.3.1/../../../../arm-atollic-eabi/lib/armv7e-m/fpu\libc.a(lib_a-printf.o)
 .ARM.attributes
                0x00000619       0x34 c:/program files (x86)/atollic/truestudio for stm32 9.0.1/armtools/bin/../lib/gcc/arm-atollic-eabi/6.3.1/../../../../arm-atollic-eabi/lib/armv7e-m/fpu\libc.a(lib_a-setbuf.o)
 .ARM.attributes
                0x0000064d       0x34 c:/program files (x86)/atollic/truestudio for stm32 9.0.1/armtools/bin/../lib/gcc/arm-atollic-eabi/6.3.1/../../../../arm-atollic-eabi/lib/armv7e-m/fpu\libc.a(lib_a-setvbuf.o)
 .ARM.attributes
                0x00000681       0x34 c:/program files (x86)/atollic/truestudio for stm32 9.0.1/armtools/bin/../lib/gcc/arm-atollic-eabi/6.3.1/../../../../arm-atollic-eabi/lib/armv7e-m/fpu\libc.a(lib_a-vfprintf.o)
 .ARM.attributes
                0x000006b5       0x34 c:/program files (x86)/atollic/truestudio for stm32 9.0.1/armtools/bin/../lib/gcc/arm-atollic-eabi/6.3.1/../../../../arm-atollic-eabi/lib/armv7e-m/fpu\libc.a(lib_a-wsetup.o)
 .ARM.attributes
                0x000006e9       0x34 c:/program files (x86)/atollic/truestudio for stm32 9.0.1/armtools/bin/../lib/gcc/arm-atollic-eabi/6.3.1/../../../../arm-atollic-eabi/lib/armv7e-m/fpu\libc.a(lib_a-dtoa.o)
 .ARM.attributes
                0x0000071d       0x34 c:/program files (x86)/atollic/truestudio for stm32 9.0.1/armtools/bin/../lib/gcc/arm-atollic-eabi/6.3.1/../../../../arm-atollic-eabi/lib/armv7e-m/fpu\libc.a(lib_a-fflush.o)
 .ARM.attributes
                0x00000751       0x34 c:/program files (x86)/atollic/truestudio for stm32 9.0.1/armtools/bin/../lib/gcc/arm-atollic-eabi/6.3.1/../../../../arm-atollic-eabi/lib/armv7e-m/fpu\libc.a(lib_a-findfp.o)
 .ARM.attributes
                0x00000785       0x34 c:/program files (x86)/atollic/truestudio for stm32 9.0.1/armtools/bin/../lib/gcc/arm-atollic-eabi/6.3.1/../../../../arm-atollic-eabi/lib/armv7e-m/fpu\libc.a(lib_a-freer.o)
 .ARM.attributes
                0x000007b9       0x34 c:/program files (x86)/atollic/truestudio for stm32 9.0.1/armtools/bin/../lib/gcc/arm-atollic-eabi/6.3.1/../../../../arm-atollic-eabi/lib/armv7e-m/fpu\libc.a(lib_a-fwalk.o)
 .ARM.attributes
                0x000007ed       0x34 c:/program files (x86)/atollic/truestudio for stm32 9.0.1/armtools/bin/../lib/gcc/arm-atollic-eabi/6.3.1/../../../../arm-atollic-eabi/lib/armv7e-m/fpu\libc.a(lib_a-localeconv.o)
 .ARM.attributes
                0x00000821       0x34 c:/program files (x86)/atollic/truestudio for stm32 9.0.1/armtools/bin/../lib/gcc/arm-atollic-eabi/6.3.1/../../../../arm-atollic-eabi/lib/armv7e-m/fpu\libc.a(lib_a-lock.o)
 .ARM.attributes
                0x00000855       0x34 c:/program files (x86)/atollic/truestudio for stm32 9.0.1/armtools/bin/../lib/gcc/arm-atollic-eabi/6.3.1/../../../../arm-atollic-eabi/lib/armv7e-m/fpu\libc.a(lib_a-makebuf.o)
 .ARM.attributes
                0x00000889       0x34 c:/program files (x86)/atollic/truestudio for stm32 9.0.1/armtools/bin/../lib/gcc/arm-atollic-eabi/6.3.1/../../../../arm-atollic-eabi/lib/armv7e-m/fpu\libc.a(lib_a-malloc.o)
 .ARM.attributes
                0x000008bd       0x34 c:/program files (x86)/atollic/truestudio for stm32 9.0.1/armtools/bin/../lib/gcc/arm-atollic-eabi/6.3.1/../../../../arm-atollic-eabi/lib/armv7e-m/fpu\libc.a(lib_a-mallocr.o)
 .ARM.attributes
                0x000008f1       0x20 c:/program files (x86)/atollic/truestudio for stm32 9.0.1/armtools/bin/../lib/gcc/arm-atollic-eabi/6.3.1/../../../../arm-atollic-eabi/lib/armv7e-m/fpu\libc.a(lib_a-memchr.o)
 .ARM.attributes
                0x00000911       0x34 c:/program files (x86)/atollic/truestudio for stm32 9.0.1/armtools/bin/../lib/gcc/arm-atollic-eabi/6.3.1/../../../../arm-atollic-eabi/lib/armv7e-m/fpu\libc.a(lib_a-memcpy-stub.o)
 .ARM.attributes
                0x00000945       0x34 c:/program files (x86)/atollic/truestudio for stm32 9.0.1/armtools/bin/../lib/gcc/arm-atollic-eabi/6.3.1/../../../../arm-atollic-eabi/lib/armv7e-m/fpu\libc.a(lib_a-mlock.o)
 .ARM.attributes
                0x00000979       0x34 c:/program files (x86)/atollic/truestudio for stm32 9.0.1/armtools/bin/../lib/gcc/arm-atollic-eabi/6.3.1/../../../../arm-atollic-eabi/lib/armv7e-m/fpu\libc.a(lib_a-mprec.o)
 .ARM.attributes
                0x000009ad       0x34 c:/program files (x86)/atollic/truestudio for stm32 9.0.1/armtools/bin/../lib/gcc/arm-atollic-eabi/6.3.1/../../../../arm-atollic-eabi/lib/armv7e-m/fpu\libc.a(lib_a-sbrkr.o)
 .ARM.attributes
                0x000009e1       0x34 c:/program files (x86)/atollic/truestudio for stm32 9.0.1/armtools/bin/../lib/gcc/arm-atollic-eabi/6.3.1/../../../../arm-atollic-eabi/lib/armv7e-m/fpu\libc.a(lib_a-stdio.o)
 .ARM.attributes
                0x00000a15       0x1b c:/program files (x86)/atollic/truestudio for stm32 9.0.1/armtools/bin/../lib/gcc/arm-atollic-eabi/6.3.1/../../../../arm-atollic-eabi/lib/armv7e-m/fpu\libc.a(lib_a-strlen.o)
 .ARM.attributes
                0x00000a30       0x34 c:/program files (x86)/atollic/truestudio for stm32 9.0.1/armtools/bin/../lib/gcc/arm-atollic-eabi/6.3.1/../../../../arm-atollic-eabi/lib/armv7e-m/fpu\libc.a(lib_a-vfiprintf.o)
 .ARM.attributes
                0x00000a64       0x34 c:/program files (x86)/atollic/truestudio for stm32 9.0.1/armtools/bin/../lib/gcc/arm-atollic-eabi/6.3.1/../../../../arm-atollic-eabi/lib/armv7e-m/fpu\libc.a(lib_a-writer.o)
 .ARM.attributes
                0x00000a98       0x34 c:/program files (x86)/atollic/truestudio for stm32 9.0.1/armtools/bin/../lib/gcc/arm-atollic-eabi/6.3.1/../../../../arm-atollic-eabi/lib/armv7e-m/fpu\libc.a(lib_a-callocr.o)
 .ARM.attributes
                0x00000acc       0x34 c:/program files (x86)/atollic/truestudio for stm32 9.0.1/armtools/bin/../lib/gcc/arm-atollic-eabi/6.3.1/../../../../arm-atollic-eabi/lib/armv7e-m/fpu\libc.a(lib_a-closer.o)
 .ARM.attributes
                0x00000b00       0x34 c:/program files (x86)/atollic/truestudio for stm32 9.0.1/armtools/bin/../lib/gcc/arm-atollic-eabi/6.3.1/../../../../arm-atollic-eabi/lib/armv7e-m/fpu\libc.a(lib_a-fclose.o)
 .ARM.attributes
                0x00000b34       0x34 c:/program files (x86)/atollic/truestudio for stm32 9.0.1/armtools/bin/../lib/gcc/arm-atollic-eabi/6.3.1/../../../../arm-atollic-eabi/lib/armv7e-m/fpu\libc.a(lib_a-fputwc.o)
 .ARM.attributes
                0x00000b68       0x34 c:/program files (x86)/atollic/truestudio for stm32 9.0.1/armtools/bin/../lib/gcc/arm-atollic-eabi/6.3.1/../../../../arm-atollic-eabi/lib/armv7e-m/fpu\libc.a(lib_a-fstatr.o)
 .ARM.attributes
                0x00000b9c       0x34 c:/program files (x86)/atollic/truestudio for stm32 9.0.1/armtools/bin/../lib/gcc/arm-atollic-eabi/6.3.1/../../../../arm-atollic-eabi/lib/armv7e-m/fpu\libc.a(lib_a-fvwrite.o)
 .ARM.attributes
                0x00000bd0       0x34 c:/program files (x86)/atollic/truestudio for stm32 9.0.1/armtools/bin/../lib/gcc/arm-atollic-eabi/6.3.1/../../../../arm-atollic-eabi/lib/armv7e-m/fpu\libc.a(lib_a-isattyr.o)
 .ARM.attributes
                0x00000c04       0x34 c:/program files (x86)/atollic/truestudio for stm32 9.0.1/armtools/bin/../lib/gcc/arm-atollic-eabi/6.3.1/../../../../arm-atollic-eabi/lib/armv7e-m/fpu\libc.a(lib_a-locale.o)
 .ARM.attributes
                0x00000c38       0x34 c:/program files (x86)/atollic/truestudio for stm32 9.0.1/armtools/bin/../lib/gcc/arm-atollic-eabi/6.3.1/../../../../arm-atollic-eabi/lib/armv7e-m/fpu\libc.a(lib_a-lseekr.o)
 .ARM.attributes
                0x00000c6c       0x34 c:/program files (x86)/atollic/truestudio for stm32 9.0.1/armtools/bin/../lib/gcc/arm-atollic-eabi/6.3.1/../../../../arm-atollic-eabi/lib/armv7e-m/fpu\libc.a(lib_a-mbtowc_r.o)
 .ARM.attributes
                0x00000ca0       0x34 c:/program files (x86)/atollic/truestudio for stm32 9.0.1/armtools/bin/../lib/gcc/arm-atollic-eabi/6.3.1/../../../../arm-atollic-eabi/lib/armv7e-m/fpu\libc.a(lib_a-memmove.o)
 .ARM.attributes
                0x00000cd4       0x34 c:/program files (x86)/atollic/truestudio for stm32 9.0.1/armtools/bin/../lib/gcc/arm-atollic-eabi/6.3.1/../../../../arm-atollic-eabi/lib/armv7e-m/fpu\libc.a(lib_a-readr.o)
 .ARM.attributes
                0x00000d08       0x34 c:/program files (x86)/atollic/truestudio for stm32 9.0.1/armtools/bin/../lib/gcc/arm-atollic-eabi/6.3.1/../../../../arm-atollic-eabi/lib/armv7e-m/fpu\libc.a(lib_a-reallocr.o)
 .ARM.attributes
                0x00000d3c       0x34 c:/program files (x86)/atollic/truestudio for stm32 9.0.1/armtools/bin/../lib/gcc/arm-atollic-eabi/6.3.1/../../../../arm-atollic-eabi/lib/armv7e-m/fpu\libc.a(lib_a-reent.o)
 .ARM.attributes
                0x00000d70       0x34 c:/program files (x86)/atollic/truestudio for stm32 9.0.1/armtools/bin/../lib/gcc/arm-atollic-eabi/6.3.1/../../../../arm-atollic-eabi/lib/armv7e-m/fpu\libc.a(lib_a-wbuf.o)
 .ARM.attributes
                0x00000da4       0x34 c:/program files (x86)/atollic/truestudio for stm32 9.0.1/armtools/bin/../lib/gcc/arm-atollic-eabi/6.3.1/../../../../arm-atollic-eabi/lib/armv7e-m/fpu\libc.a(lib_a-wcrtomb.o)
 .ARM.attributes
                0x00000dd8       0x34 c:/program files (x86)/atollic/truestudio for stm32 9.0.1/armtools/bin/../lib/gcc/arm-atollic-eabi/6.3.1/../../../../arm-atollic-eabi/lib/armv7e-m/fpu\libc.a(lib_a-wctomb_r.o)
 .ARM.attributes
                0x00000e0c       0x34 c:/program files (x86)/atollic/truestudio for stm32 9.0.1/armtools/bin/../lib/gcc/arm-atollic-eabi/6.3.1/../../../../arm-atollic-eabi/lib/armv7e-m/fpu\libc.a(lib_a-ctype_.o)
 .ARM.attributes
                0x00000e40       0x22 c:/program files (x86)/atollic/truestudio for stm32 9.0.1/armtools/bin/../lib/gcc/arm-atollic-eabi/6.3.1/armv7e-m/fpu\libgcc.a(_arm_addsubdf3.o)
 .ARM.attributes
                0x00000e62       0x22 c:/program files (x86)/atollic/truestudio for stm32 9.0.1/armtools/bin/../lib/gcc/arm-atollic-eabi/6.3.1/armv7e-m/fpu\libgcc.a(_arm_muldivdf3.o)
 .ARM.attributes
                0x00000e84       0x22 c:/program files (x86)/atollic/truestudio for stm32 9.0.1/armtools/bin/../lib/gcc/arm-atollic-eabi/6.3.1/armv7e-m/fpu\libgcc.a(_arm_cmpdf2.o)
 .ARM.attributes
                0x00000ea6       0x22 c:/program files (x86)/atollic/truestudio for stm32 9.0.1/armtools/bin/../lib/gcc/arm-atollic-eabi/6.3.1/armv7e-m/fpu\libgcc.a(_arm_unorddf2.o)
 .ARM.attributes
                0x00000ec8       0x22 c:/program files (x86)/atollic/truestudio for stm32 9.0.1/armtools/bin/../lib/gcc/arm-atollic-eabi/6.3.1/armv7e-m/fpu\libgcc.a(_arm_fixdfsi.o)
 .ARM.attributes
                0x00000eea       0x22 c:/program files (x86)/atollic/truestudio for stm32 9.0.1/armtools/bin/../lib/gcc/arm-atollic-eabi/6.3.1/armv7e-m/fpu\libgcc.a(_aeabi_uldivmod.o)
 .ARM.attributes
                0x00000f0c       0x34 c:/program files (x86)/atollic/truestudio for stm32 9.0.1/armtools/bin/../lib/gcc/arm-atollic-eabi/6.3.1/armv7e-m/fpu\libgcc.a(_udivmoddi4.o)
 .ARM.attributes
                0x00000f40       0x22 c:/program files (x86)/atollic/truestudio for stm32 9.0.1/armtools/bin/../lib/gcc/arm-atollic-eabi/6.3.1/armv7e-m/fpu\libgcc.a(_dvmd_tls.o)
 .ARM.attributes
                0x00000f62       0x22 c:/program files (x86)/atollic/truestudio for stm32 9.0.1/armtools/bin/../lib/gcc/arm-atollic-eabi/6.3.1/armv7e-m/fpu/crtn.o
OUTPUT(SympleServo.elf elf32-littlearm)

.debug_info     0x00000000    0x1f5e2
 .debug_info    0x00000000     0x102a Drivers\STM32F3xx_HAL_Driver\Src\stm32f3xx_hal.o
 .debug_info    0x0000102a     0x1941 Drivers\STM32F3xx_HAL_Driver\Src\stm32f3xx_hal_can.o
 .debug_info    0x0000296b     0x14c2 Drivers\STM32F3xx_HAL_Driver\Src\stm32f3xx_hal_cortex.o
 .debug_info    0x00003e2d      0xfee Drivers\STM32F3xx_HAL_Driver\Src\stm32f3xx_hal_gpio.o
 .debug_info    0x00004e1b     0x1cbd Drivers\STM32F3xx_HAL_Driver\Src\stm32f3xx_hal_rcc.o
 .debug_info    0x00006ad8      0xed6 Drivers\STM32F3xx_HAL_Driver\Src\stm32f3xx_hal_rcc_ex.o
 .debug_info    0x000079ae     0x46db Drivers\STM32F3xx_HAL_Driver\Src\stm32f3xx_hal_tim.o
 .debug_info    0x0000c089     0x2061 Drivers\STM32F3xx_HAL_Driver\Src\stm32f3xx_hal_tim_ex.o
 .debug_info    0x0000e0ea     0x29a5 Drivers\STM32F3xx_HAL_Driver\Src\stm32f3xx_hal_uart.o
 .debug_info    0x00010a8f     0x148f Inc\Application\Application.o
 .debug_info    0x00011f1e     0x173b Inc\CAN\CAN.o
 .debug_info    0x00013659     0x11a3 Inc\Servo\Servo.o
 .debug_info    0x000147fc     0x1283 Src\can.o
 .debug_info    0x00015a7f      0xc30 Src\gpio.o
 .debug_info    0x000166af     0x1ea9 Src\main.o
 .debug_info    0x00018558      0xfe6 Src\scanf.o
 .debug_info    0x0001953e      0xa88 Src\stm32f3xx_hal_msp.o
 .debug_info    0x00019fc6      0xf0b Src\stm32f3xx_it.o
 .debug_info    0x0001aed1      0xfe1 Src\syscalls.o
 .debug_info    0x0001beb2      0xc74 Src\system_stm32f3xx.o
 .debug_info    0x0001cb26     0x189d Src\tim.o
 .debug_info    0x0001e3c3     0x11b6 Src\usart.o
 .debug_info    0x0001f579       0x69 startup\startup_stm32f303x8.o

.debug_abbrev   0x00000000     0x3eb1
 .debug_abbrev  0x00000000      0x2f5 Drivers\STM32F3xx_HAL_Driver\Src\stm32f3xx_hal.o
 .debug_abbrev  0x000002f5      0x382 Drivers\STM32F3xx_HAL_Driver\Src\stm32f3xx_hal_can.o
 .debug_abbrev  0x00000677      0x374 Drivers\STM32F3xx_HAL_Driver\Src\stm32f3xx_hal_cortex.o
 .debug_abbrev  0x000009eb      0x277 Drivers\STM32F3xx_HAL_Driver\Src\stm32f3xx_hal_gpio.o
 .debug_abbrev  0x00000c62      0x37b Drivers\STM32F3xx_HAL_Driver\Src\stm32f3xx_hal_rcc.o
 .debug_abbrev  0x00000fdd      0x316 Drivers\STM32F3xx_HAL_Driver\Src\stm32f3xx_hal_rcc_ex.o
 .debug_abbrev  0x000012f3      0x3d4 Drivers\STM32F3xx_HAL_Driver\Src\stm32f3xx_hal_tim.o
 .debug_abbrev  0x000016c7      0x36c Drivers\STM32F3xx_HAL_Driver\Src\stm32f3xx_hal_tim_ex.o
 .debug_abbrev  0x00001a33      0x3bc Drivers\STM32F3xx_HAL_Driver\Src\stm32f3xx_hal_uart.o
 .debug_abbrev  0x00001def      0x2f9 Inc\Application\Application.o
 .debug_abbrev  0x000020e8      0x2ee Inc\CAN\CAN.o
 .debug_abbrev  0x000023d6      0x279 Inc\Servo\Servo.o
 .debug_abbrev  0x0000264f      0x269 Src\can.o
 .debug_abbrev  0x000028b8      0x1f7 Src\gpio.o
 .debug_abbrev  0x00002aaf      0x3a7 Src\main.o
 .debug_abbrev  0x00002e56      0x235 Src\scanf.o
 .debug_abbrev  0x0000308b      0x1be Src\stm32f3xx_hal_msp.o
 .debug_abbrev  0x00003249      0x267 Src\stm32f3xx_it.o
 .debug_abbrev  0x000034b0      0x2d9 Src\syscalls.o
 .debug_abbrev  0x00003789      0x1e2 Src\system_stm32f3xx.o
 .debug_abbrev  0x0000396b      0x2ff Src\tim.o
 .debug_abbrev  0x00003c6a      0x235 Src\usart.o
 .debug_abbrev  0x00003e9f       0x12 startup\startup_stm32f303x8.o

.debug_loc      0x00000000     0xd129
 .debug_loc     0x00000000      0x11c Drivers\STM32F3xx_HAL_Driver\Src\stm32f3xx_hal.o
 .debug_loc     0x0000011c      0xc96 Drivers\STM32F3xx_HAL_Driver\Src\stm32f3xx_hal_can.o
 .debug_loc     0x00000db2      0x619 Drivers\STM32F3xx_HAL_Driver\Src\stm32f3xx_hal_cortex.o
 .debug_loc     0x000013cb      0x3ba Drivers\STM32F3xx_HAL_Driver\Src\stm32f3xx_hal_gpio.o
 .debug_loc     0x00001785      0xa5c Drivers\STM32F3xx_HAL_Driver\Src\stm32f3xx_hal_rcc.o
 .debug_loc     0x000021e1      0x4e3 Drivers\STM32F3xx_HAL_Driver\Src\stm32f3xx_hal_rcc_ex.o
 .debug_loc     0x000026c4     0x6e88 Drivers\STM32F3xx_HAL_Driver\Src\stm32f3xx_hal_tim.o
 .debug_loc     0x0000954c     0x17d0 Drivers\STM32F3xx_HAL_Driver\Src\stm32f3xx_hal_tim_ex.o
 .debug_loc     0x0000ad1c     0x1d66 Drivers\STM32F3xx_HAL_Driver\Src\stm32f3xx_hal_uart.o
 .debug_loc     0x0000ca82       0x42 Src\can.o
 .debug_loc     0x0000cac4       0x68 Src\scanf.o
 .debug_loc     0x0000cb2c      0x39e Src\syscalls.o
 .debug_loc     0x0000ceca      0x109 Src\system_stm32f3xx.o
 .debug_loc     0x0000cfd3      0x114 Src\tim.o
 .debug_loc     0x0000d0e7       0x42 Src\usart.o

.debug_aranges  0x00000000      0xb90
 .debug_aranges
                0x00000000       0xd8 Drivers\STM32F3xx_HAL_Driver\Src\stm32f3xx_hal.o
 .debug_aranges
                0x000000d8       0xc8 Drivers\STM32F3xx_HAL_Driver\Src\stm32f3xx_hal_can.o
 .debug_aranges
                0x000001a0       0x90 Drivers\STM32F3xx_HAL_Driver\Src\stm32f3xx_hal_cortex.o
 .debug_aranges
                0x00000230       0x58 Drivers\STM32F3xx_HAL_Driver\Src\stm32f3xx_hal_gpio.o
 .debug_aranges
                0x00000288       0x88 Drivers\STM32F3xx_HAL_Driver\Src\stm32f3xx_hal_rcc.o
 .debug_aranges
                0x00000310       0x30 Drivers\STM32F3xx_HAL_Driver\Src\stm32f3xx_hal_rcc_ex.o
 .debug_aranges
                0x00000340      0x260 Drivers\STM32F3xx_HAL_Driver\Src\stm32f3xx_hal_tim.o
 .debug_aranges
                0x000005a0      0x108 Drivers\STM32F3xx_HAL_Driver\Src\stm32f3xx_hal_tim_ex.o
 .debug_aranges
                0x000006a8      0x198 Drivers\STM32F3xx_HAL_Driver\Src\stm32f3xx_hal_uart.o
 .debug_aranges
                0x00000840       0x30 Inc\Application\Application.o
 .debug_aranges
                0x00000870       0x38 Inc\CAN\CAN.o
 .debug_aranges
                0x000008a8       0x38 Inc\Servo\Servo.o
 .debug_aranges
                0x000008e0       0x30 Src\can.o
 .debug_aranges
                0x00000910       0x20 Src\gpio.o
 .debug_aranges
                0x00000930       0x50 Src\main.o
 .debug_aranges
                0x00000980       0x28 Src\scanf.o
 .debug_aranges
                0x000009a8       0x20 Src\stm32f3xx_hal_msp.o
 .debug_aranges
                0x000009c8       0x50 Src\stm32f3xx_it.o
 .debug_aranges
                0x00000a18       0xb0 Src\syscalls.o
 .debug_aranges
                0x00000ac8       0x28 Src\system_stm32f3xx.o
 .debug_aranges
                0x00000af0       0x48 Src\tim.o
 .debug_aranges
                0x00000b38       0x30 Src\usart.o
 .debug_aranges
                0x00000b68       0x28 startup\startup_stm32f303x8.o

.debug_ranges   0x00000000     0x1980
 .debug_ranges  0x00000000       0xc8 Drivers\STM32F3xx_HAL_Driver\Src\stm32f3xx_hal.o
 .debug_ranges  0x000000c8       0xd0 Drivers\STM32F3xx_HAL_Driver\Src\stm32f3xx_hal_can.o
 .debug_ranges  0x00000198      0x148 Drivers\STM32F3xx_HAL_Driver\Src\stm32f3xx_hal_cortex.o
 .debug_ranges  0x000002e0       0x60 Drivers\STM32F3xx_HAL_Driver\Src\stm32f3xx_hal_gpio.o
 .debug_ranges  0x00000340      0x280 Drivers\STM32F3xx_HAL_Driver\Src\stm32f3xx_hal_rcc.o
 .debug_ranges  0x000005c0       0xb0 Drivers\STM32F3xx_HAL_Driver\Src\stm32f3xx_hal_rcc_ex.o
 .debug_ranges  0x00000670      0x808 Drivers\STM32F3xx_HAL_Driver\Src\stm32f3xx_hal_tim.o
 .debug_ranges  0x00000e78      0x140 Drivers\STM32F3xx_HAL_Driver\Src\stm32f3xx_hal_tim_ex.o
 .debug_ranges  0x00000fb8      0x4a0 Drivers\STM32F3xx_HAL_Driver\Src\stm32f3xx_hal_uart.o
 .debug_ranges  0x00001458       0x20 Inc\Application\Application.o
 .debug_ranges  0x00001478       0x28 Inc\CAN\CAN.o
 .debug_ranges  0x000014a0       0x28 Inc\Servo\Servo.o
 .debug_ranges  0x000014c8       0x50 Src\can.o
 .debug_ranges  0x00001518       0x48 Src\gpio.o
 .debug_ranges  0x00001560       0x40 Src\main.o
 .debug_ranges  0x000015a0       0x18 Src\scanf.o
 .debug_ranges  0x000015b8       0x28 Src\stm32f3xx_hal_msp.o
 .debug_ranges  0x000015e0       0x40 Src\stm32f3xx_it.o