stm32f3xx_it.c:70:6:NMI_Handler	0	static
stm32f3xx_it.c:83:6:HardFault_Handler	8	static
stm32f3xx_it.c:100:6:MemManage_Handler	0	static
stm32f3xx_it.c:115:6:BusFault_Handler	0	static
stm32f3xx_it.c:130:6:UsageFault_Handler	0	static
stm32f3xx_it.c:145:6:SVC_Handler	0	static
stm32f3xx_it.c:158:6:DebugMon_Handler	0	static
stm32f3xx_it.c:171:6:PendSV_Handler	0	static
stm32f3xx_it.c:184:6:SysTick_Handler	0	static
stm32f3xx_it.c:205:6:CAN_RX0_IRQHandler	0	static
stm32f3xx_it.c:219:6:CAN_RX1_IRQHandler	0	static
stm32f3xx_it.c:233:6:CAN_SCE_IRQHandler	0	static
